<?xml version="1.0" encoding="ISO-8859-1" ?>
<link_info>
   <banner>TI ARM Clang Linker PC v3.2.0.LTS</banner>
   <copyright>Copyright (c) 1996-2018 Texas Instruments Incorporated</copyright>
   <link_time>0x657f7107</link_time>
   <link_errors>0x0</link_errors>
   <output_file>C:\Users\Juan\Documents\CS350\workspace\gpiointerrupt_CC3220S_LAUNCHXL_nortos_ticlang\MCU+Image\gpiointerrupt_CC3220S_LAUNCHXL_nortos_ticlang.out</output_file>
   <entry_point>
      <name>resetISR</name>
      <address>0x20011409</address>
   </entry_point>
   <input_file_list>
      <input_file id="fl-1">
         <path>C:\Users\Juan\Documents\CS350\workspace\gpiointerrupt_CC3220S_LAUNCHXL_nortos_ticlang\MCU+Image\.\</path>
         <kind>object</kind>
         <file>gpiointerrupt.o</file>
         <name>gpiointerrupt.o</name>
      </input_file>
      <input_file id="fl-2">
         <path>C:\Users\Juan\Documents\CS350\workspace\gpiointerrupt_CC3220S_LAUNCHXL_nortos_ticlang\MCU+Image\.\syscfg\</path>
         <kind>object</kind>
         <file>ti_drivers_config.o</file>
         <name>ti_drivers_config.o</name>
      </input_file>
      <input_file id="fl-3">
         <path>C:\Users\Juan\Documents\CS350\workspace\gpiointerrupt_CC3220S_LAUNCHXL_nortos_ticlang\MCU+Image\.\</path>
         <kind>object</kind>
         <file>main_nortos.o</file>
         <name>main_nortos.o</name>
      </input_file>
      <input_file id="fl-13">
         <path>C:\Users\Juan\Documents\CS350\workspace\gpiointerrupt_CC3220S_LAUNCHXL_nortos_ticlang\MCU+Image\</path>
         <kind>object</kind>
         <file>&lt;internal&gt;</file>
         <name>&lt;internal&gt;</name>
      </input_file>
      <input_file id="fl-14">
         <path>C:\ti\simplelink_cc32xx_sdk_7_10_00_13\source\ti\drivers\lib\ticlang\m4\</path>
         <kind>archive</kind>
         <file>drivers_cc32xx.a</file>
         <name>GPIO.c.obj</name>
      </input_file>
      <input_file id="fl-15">
         <path>C:\ti\simplelink_cc32xx_sdk_7_10_00_13\source\ti\drivers\lib\ticlang\m4\</path>
         <kind>archive</kind>
         <file>drivers_cc32xx.a</file>
         <name>GPIOCC32XX.c.obj</name>
      </input_file>
      <input_file id="fl-16">
         <path>C:\ti\simplelink_cc32xx_sdk_7_10_00_13\source\ti\drivers\lib\ticlang\m4\</path>
         <kind>archive</kind>
         <file>drivers_cc32xx.a</file>
         <name>I2C.c.obj</name>
      </input_file>
      <input_file id="fl-17">
         <path>C:\ti\simplelink_cc32xx_sdk_7_10_00_13\source\ti\drivers\lib\ticlang\m4\</path>
         <kind>archive</kind>
         <file>drivers_cc32xx.a</file>
         <name>I2CCC32XX.c.obj</name>
      </input_file>
      <input_file id="fl-18">
         <path>C:\ti\simplelink_cc32xx_sdk_7_10_00_13\source\ti\drivers\lib\ticlang\m4\</path>
         <kind>archive</kind>
         <file>drivers_cc32xx.a</file>
         <name>PowerCC32XX.c.obj</name>
      </input_file>
      <input_file id="fl-19">
         <path>C:\ti\simplelink_cc32xx_sdk_7_10_00_13\source\ti\drivers\lib\ticlang\m4\</path>
         <kind>archive</kind>
         <file>drivers_cc32xx.a</file>
         <name>PowerCC32XX_ticlang.asm.obj</name>
      </input_file>
      <input_file id="fl-1a">
         <path>C:\ti\simplelink_cc32xx_sdk_7_10_00_13\source\ti\drivers\lib\ticlang\m4\</path>
         <kind>archive</kind>
         <file>drivers_cc32xx.a</file>
         <name>Timer.c.obj</name>
      </input_file>
      <input_file id="fl-1b">
         <path>C:\ti\simplelink_cc32xx_sdk_7_10_00_13\source\ti\drivers\lib\ticlang\m4\</path>
         <kind>archive</kind>
         <file>drivers_cc32xx.a</file>
         <name>TimerCC32XX.c.obj</name>
      </input_file>
      <input_file id="fl-1c">
         <path>C:\ti\simplelink_cc32xx_sdk_7_10_00_13\source\ti\drivers\lib\ticlang\m4\</path>
         <kind>archive</kind>
         <file>drivers_cc32xx.a</file>
         <name>UART2.c.obj</name>
      </input_file>
      <input_file id="fl-1d">
         <path>C:\ti\simplelink_cc32xx_sdk_7_10_00_13\source\ti\drivers\lib\ticlang\m4\</path>
         <kind>archive</kind>
         <file>drivers_cc32xx.a</file>
         <name>UART2CC32XX.c.obj</name>
      </input_file>
      <input_file id="fl-1e">
         <path>C:\ti\simplelink_cc32xx_sdk_7_10_00_13\source\ti\drivers\lib\ticlang\m4\</path>
         <kind>archive</kind>
         <file>drivers_cc32xx.a</file>
         <name>List.c.obj</name>
      </input_file>
      <input_file id="fl-1f">
         <path>C:\ti\simplelink_cc32xx_sdk_7_10_00_13\source\ti\drivers\lib\ticlang\m4\</path>
         <kind>archive</kind>
         <file>drivers_cc32xx.a</file>
         <name>RingBuf.c.obj</name>
      </input_file>
      <input_file id="fl-20">
         <path>C:\ti\simplelink_cc32xx_sdk_7_10_00_13\source\ti\drivers\lib\ticlang\m4\</path>
         <kind>archive</kind>
         <file>drivers_cc32xx.a</file>
         <name>UDMACC32XX.c.obj</name>
      </input_file>
      <input_file id="fl-21">
         <path>C:\ti\simplelink_cc32xx_sdk_7_10_00_13\kernel\nortos\lib\ticlang\m4\</path>
         <kind>archive</kind>
         <file>nortos_cc32xx.a</file>
         <name>NoRTOS.c.obj</name>
      </input_file>
      <input_file id="fl-22">
         <path>C:\ti\simplelink_cc32xx_sdk_7_10_00_13\kernel\nortos\lib\ticlang\m4\</path>
         <kind>archive</kind>
         <file>nortos_cc32xx.a</file>
         <name>SemaphoreP_nortos.c.obj</name>
      </input_file>
      <input_file id="fl-23">
         <path>C:\ti\simplelink_cc32xx_sdk_7_10_00_13\kernel\nortos\lib\ticlang\m4\</path>
         <kind>archive</kind>
         <file>nortos_cc32xx.a</file>
         <name>ClockPSysTick_nortos.c.obj</name>
      </input_file>
      <input_file id="fl-24">
         <path>C:\ti\simplelink_cc32xx_sdk_7_10_00_13\kernel\nortos\lib\ticlang\m4\</path>
         <kind>archive</kind>
         <file>nortos_cc32xx.a</file>
         <name>HwiPCC32XX_nortos.c.obj</name>
      </input_file>
      <input_file id="fl-25">
         <path>C:\ti\simplelink_cc32xx_sdk_7_10_00_13\kernel\nortos\lib\ticlang\m4\</path>
         <kind>archive</kind>
         <file>nortos_cc32xx.a</file>
         <name>PowerCC32XX_nortos.c.obj</name>
      </input_file>
      <input_file id="fl-26">
         <path>C:\ti\simplelink_cc32xx_sdk_7_10_00_13\kernel\nortos\lib\ticlang\m4\</path>
         <kind>archive</kind>
         <file>nortos_cc32xx.a</file>
         <name>startup_cc32xx_ticlang.c.obj</name>
      </input_file>
      <input_file id="fl-27">
         <path>C:\ti\simplelink_cc32xx_sdk_7_10_00_13\kernel\nortos\lib\ticlang\m4\</path>
         <kind>archive</kind>
         <file>nortos_cc32xx.a</file>
         <name>SwiP_nortos.c.obj</name>
      </input_file>
      <input_file id="fl-28">
         <path>C:\ti\simplelink_cc32xx_sdk_7_10_00_13\source\ti\devices\cc32xx\driverlib\ticlang\Release\</path>
         <kind>archive</kind>
         <file>driverlib.a</file>
         <name>cpu.obj</name>
      </input_file>
      <input_file id="fl-29">
         <path>C:\ti\simplelink_cc32xx_sdk_7_10_00_13\source\ti\devices\cc32xx\driverlib\ticlang\Release\</path>
         <kind>archive</kind>
         <file>driverlib.a</file>
         <name>gpio.obj</name>
      </input_file>
      <input_file id="fl-2a">
         <path>C:\ti\simplelink_cc32xx_sdk_7_10_00_13\source\ti\devices\cc32xx\driverlib\ticlang\Release\</path>
         <kind>archive</kind>
         <file>driverlib.a</file>
         <name>hwspinlock.obj</name>
      </input_file>
      <input_file id="fl-2b">
         <path>C:\ti\simplelink_cc32xx_sdk_7_10_00_13\source\ti\devices\cc32xx\driverlib\ticlang\Release\</path>
         <kind>archive</kind>
         <file>driverlib.a</file>
         <name>i2c.obj</name>
      </input_file>
      <input_file id="fl-2c">
         <path>C:\ti\simplelink_cc32xx_sdk_7_10_00_13\source\ti\devices\cc32xx\driverlib\ticlang\Release\</path>
         <kind>archive</kind>
         <file>driverlib.a</file>
         <name>interrupt.obj</name>
      </input_file>
      <input_file id="fl-2d">
         <path>C:\ti\simplelink_cc32xx_sdk_7_10_00_13\source\ti\devices\cc32xx\driverlib\ticlang\Release\</path>
         <kind>archive</kind>
         <file>driverlib.a</file>
         <name>pin.obj</name>
      </input_file>
      <input_file id="fl-2e">
         <path>C:\ti\simplelink_cc32xx_sdk_7_10_00_13\source\ti\devices\cc32xx\driverlib\ticlang\Release\</path>
         <kind>archive</kind>
         <file>driverlib.a</file>
         <name>prcm.obj</name>
      </input_file>
      <input_file id="fl-2f">
         <path>C:\ti\simplelink_cc32xx_sdk_7_10_00_13\source\ti\devices\cc32xx\driverlib\ticlang\Release\</path>
         <kind>archive</kind>
         <file>driverlib.a</file>
         <name>spi.obj</name>
      </input_file>
      <input_file id="fl-30">
         <path>C:\ti\simplelink_cc32xx_sdk_7_10_00_13\source\ti\devices\cc32xx\driverlib\ticlang\Release\</path>
         <kind>archive</kind>
         <file>driverlib.a</file>
         <name>systick.obj</name>
      </input_file>
      <input_file id="fl-31">
         <path>C:\ti\simplelink_cc32xx_sdk_7_10_00_13\source\ti\devices\cc32xx\driverlib\ticlang\Release\</path>
         <kind>archive</kind>
         <file>driverlib.a</file>
         <name>timer.obj</name>
      </input_file>
      <input_file id="fl-32">
         <path>C:\ti\simplelink_cc32xx_sdk_7_10_00_13\source\ti\devices\cc32xx\driverlib\ticlang\Release\</path>
         <kind>archive</kind>
         <file>driverlib.a</file>
         <name>uart.obj</name>
      </input_file>
      <input_file id="fl-33">
         <path>C:\ti\simplelink_cc32xx_sdk_7_10_00_13\source\ti\devices\cc32xx\driverlib\ticlang\Release\</path>
         <kind>archive</kind>
         <file>driverlib.a</file>
         <name>udma.obj</name>
      </input_file>
      <input_file id="fl-34">
         <path>C:\ti\simplelink_cc32xx_sdk_7_10_00_13\source\ti\devices\cc32xx\driverlib\ticlang\Release\</path>
         <kind>archive</kind>
         <file>driverlib.a</file>
         <name>utils.obj</name>
      </input_file>
      <input_file id="fl-35">
         <path>C:\ti\simplelink_cc32xx_sdk_7_10_00_13\source\ti\devices\cc32xx\driverlib\ticlang\Release\</path>
         <kind>archive</kind>
         <file>driverlib.a</file>
         <name>flash.obj</name>
      </input_file>
      <input_file id="fl-42">
         <path>C:\ti\ccs1250\ccs\tools\compiler\ti-cgt-armllvm_3.2.0.LTS\lib\armv7em-ti-none-eabi\c\</path>
         <kind>archive</kind>
         <file>libc.a</file>
         <name>snprintf.c.obj</name>
      </input_file>
      <input_file id="fl-43">
         <path>C:\ti\ccs1250\ccs\tools\compiler\ti-cgt-armllvm_3.2.0.LTS\lib\armv7em-ti-none-eabi\c\</path>
         <kind>archive</kind>
         <file>libc.a</file>
         <name>memory.c.obj</name>
      </input_file>
      <input_file id="fl-44">
         <path>C:\ti\ccs1250\ccs\tools\compiler\ti-cgt-armllvm_3.2.0.LTS\lib\armv7em-ti-none-eabi\c\</path>
         <kind>archive</kind>
         <file>libc.a</file>
         <name>boot_cortex_m.c.obj</name>
      </input_file>
      <input_file id="fl-45">
         <path>C:\ti\ccs1250\ccs\tools\compiler\ti-cgt-armllvm_3.2.0.LTS\lib\armv7em-ti-none-eabi\c\</path>
         <kind>archive</kind>
         <file>libc.a</file>
         <name>mathacl_init.c.obj</name>
      </input_file>
      <input_file id="fl-46">
         <path>C:\ti\ccs1250\ccs\tools\compiler\ti-cgt-armllvm_3.2.0.LTS\lib\armv7em-ti-none-eabi\c\</path>
         <kind>archive</kind>
         <file>libc.a</file>
         <name>autoinit.c.obj</name>
      </input_file>
      <input_file id="fl-47">
         <path>C:\ti\ccs1250\ccs\tools\compiler\ti-cgt-armllvm_3.2.0.LTS\lib\armv7em-ti-none-eabi\c\</path>
         <kind>archive</kind>
         <file>libc.a</file>
         <name>pre_init.c.obj</name>
      </input_file>
      <input_file id="fl-48">
         <path>C:\ti\ccs1250\ccs\tools\compiler\ti-cgt-armllvm_3.2.0.LTS\lib\armv7em-ti-none-eabi\c\</path>
         <kind>archive</kind>
         <file>libc.a</file>
         <name>cpy_tbl.c.obj</name>
      </input_file>
      <input_file id="fl-49">
         <path>C:\ti\ccs1250\ccs\tools\compiler\ti-cgt-armllvm_3.2.0.LTS\lib\armv7em-ti-none-eabi\c\</path>
         <kind>archive</kind>
         <file>libc.a</file>
         <name>copy_zero_init.c.obj</name>
      </input_file>
      <input_file id="fl-4a">
         <path>C:\ti\ccs1250\ccs\tools\compiler\ti-cgt-armllvm_3.2.0.LTS\lib\armv7em-ti-none-eabi\c\</path>
         <kind>archive</kind>
         <file>libc.a</file>
         <name>copy_decompress_none.c.obj</name>
      </input_file>
      <input_file id="fl-4b">
         <path>C:\ti\ccs1250\ccs\tools\compiler\ti-cgt-armllvm_3.2.0.LTS\lib\armv7em-ti-none-eabi\c\</path>
         <kind>archive</kind>
         <file>libc.a</file>
         <name>copy_decompress_lzss.c.obj</name>
      </input_file>
      <input_file id="fl-4c">
         <path>C:\ti\ccs1250\ccs\tools\compiler\ti-cgt-armllvm_3.2.0.LTS\lib\armv7em-ti-none-eabi\c\</path>
         <kind>archive</kind>
         <file>libc.a</file>
         <name>_printfi.c.obj</name>
      </input_file>
      <input_file id="fl-4d">
         <path>C:\ti\ccs1250\ccs\tools\compiler\ti-cgt-armllvm_3.2.0.LTS\lib\armv7em-ti-none-eabi\c\</path>
         <kind>archive</kind>
         <file>libc.a</file>
         <name>wcslen.c.obj</name>
      </input_file>
      <input_file id="fl-4e">
         <path>C:\ti\ccs1250\ccs\tools\compiler\ti-cgt-armllvm_3.2.0.LTS\lib\armv7em-ti-none-eabi\c\</path>
         <kind>archive</kind>
         <file>libc.a</file>
         <name>aeabi_portable.c.obj</name>
      </input_file>
      <input_file id="fl-4f">
         <path>C:\ti\ccs1250\ccs\tools\compiler\ti-cgt-armllvm_3.2.0.LTS\lib\armv7em-ti-none-eabi\c\</path>
         <kind>archive</kind>
         <file>libc.a</file>
         <name>exit.c.obj</name>
      </input_file>
      <input_file id="fl-50">
         <path>C:\ti\ccs1250\ccs\tools\compiler\ti-cgt-armllvm_3.2.0.LTS\lib\armv7em-ti-none-eabi\c\</path>
         <kind>archive</kind>
         <file>libc.a</file>
         <name>_lock.c.obj</name>
      </input_file>
      <input_file id="fl-51">
         <path>C:\ti\ccs1250\ccs\tools\compiler\ti-cgt-armllvm_3.2.0.LTS\lib\armv7em-ti-none-eabi\c\</path>
         <kind>archive</kind>
         <file>libc.a</file>
         <name>_ltoa.c.obj</name>
      </input_file>
      <input_file id="fl-52">
         <path>C:\ti\ccs1250\ccs\tools\compiler\ti-cgt-armllvm_3.2.0.LTS\lib\armv7em-ti-none-eabi\c\</path>
         <kind>archive</kind>
         <file>libc.a</file>
         <name>args_main.c.obj</name>
      </input_file>
      <input_file id="fl-53">
         <path>C:\ti\ccs1250\ccs\tools\compiler\ti-cgt-armllvm_3.2.0.LTS\lib\armv7em-ti-none-eabi\c\</path>
         <kind>archive</kind>
         <file>libc.a</file>
         <name>assert.c.obj</name>
      </input_file>
      <input_file id="fl-54">
         <path>C:\ti\ccs1250\ccs\tools\compiler\ti-cgt-armllvm_3.2.0.LTS\lib\armv7em-ti-none-eabi\c\</path>
         <kind>archive</kind>
         <file>libc.a</file>
         <name>atoi.c.obj</name>
      </input_file>
      <input_file id="fl-55">
         <path>C:\ti\ccs1250\ccs\tools\compiler\ti-cgt-armllvm_3.2.0.LTS\lib\armv7em-ti-none-eabi\c\</path>
         <kind>archive</kind>
         <file>libc.a</file>
         <name>defs.c.obj</name>
      </input_file>
      <input_file id="fl-56">
         <path>C:\ti\ccs1250\ccs\tools\compiler\ti-cgt-armllvm_3.2.0.LTS\lib\armv7em-ti-none-eabi\c\</path>
         <kind>archive</kind>
         <file>libc.a</file>
         <name>memccpy.c.obj</name>
      </input_file>
      <input_file id="fl-57">
         <path>C:\ti\ccs1250\ccs\tools\compiler\ti-cgt-armllvm_3.2.0.LTS\lib\armv7em-ti-none-eabi\c\</path>
         <kind>archive</kind>
         <file>libc.a</file>
         <name>s_frexp.c.obj</name>
      </input_file>
      <input_file id="fl-58">
         <path>C:\ti\ccs1250\ccs\tools\compiler\ti-cgt-armllvm_3.2.0.LTS\lib\armv7em-ti-none-eabi\c\</path>
         <kind>archive</kind>
         <file>libc.a</file>
         <name>s_scalbn.c.obj</name>
      </input_file>
      <input_file id="fl-59">
         <path>C:\ti\ccs1250\ccs\tools\compiler\ti-cgt-armllvm_3.2.0.LTS\lib\armv7em-ti-none-eabi\c\</path>
         <kind>archive</kind>
         <file>libc.a</file>
         <name>sprintf.c.obj</name>
      </input_file>
      <input_file id="fl-5a">
         <path>C:\ti\ccs1250\ccs\tools\compiler\ti-cgt-armllvm_3.2.0.LTS\lib\armv7em-ti-none-eabi\c\</path>
         <kind>archive</kind>
         <file>libc.a</file>
         <name>fflush.c.obj</name>
      </input_file>
      <input_file id="fl-5b">
         <path>C:\ti\ccs1250\ccs\tools\compiler\ti-cgt-armllvm_3.2.0.LTS\lib\armv7em-ti-none-eabi\c\</path>
         <kind>archive</kind>
         <file>libc.a</file>
         <name>fputs.c.obj</name>
      </input_file>
      <input_file id="fl-5c">
         <path>C:\ti\ccs1250\ccs\tools\compiler\ti-cgt-armllvm_3.2.0.LTS\lib\armv7em-ti-none-eabi\c\</path>
         <kind>archive</kind>
         <file>libc.a</file>
         <name>_io_perm.c.obj</name>
      </input_file>
      <input_file id="fl-5d">
         <path>C:\ti\ccs1250\ccs\tools\compiler\ti-cgt-armllvm_3.2.0.LTS\lib\armv7em-ti-none-eabi\c\</path>
         <kind>archive</kind>
         <file>libc.a</file>
         <name>setvbuf.c.obj</name>
      </input_file>
      <input_file id="fl-5e">
         <path>C:\ti\ccs1250\ccs\tools\compiler\ti-cgt-armllvm_3.2.0.LTS\lib\armv7em-ti-none-eabi\c\</path>
         <kind>archive</kind>
         <file>libc.a</file>
         <name>aeabi_ctype.S.obj</name>
      </input_file>
      <input_file id="fl-5f">
         <path>C:\ti\ccs1250\ccs\tools\compiler\ti-cgt-armllvm_3.2.0.LTS\lib\armv7em-ti-none-eabi\c\</path>
         <kind>archive</kind>
         <file>libc.a</file>
         <name>fopen.c.obj</name>
      </input_file>
      <input_file id="fl-60">
         <path>C:\ti\ccs1250\ccs\tools\compiler\ti-cgt-armllvm_3.2.0.LTS\lib\armv7em-ti-none-eabi\c\</path>
         <kind>archive</kind>
         <file>libc.a</file>
         <name>fseek.c.obj</name>
      </input_file>
      <input_file id="fl-61">
         <path>C:\ti\ccs1250\ccs\tools\compiler\ti-cgt-armllvm_3.2.0.LTS\lib\armv7em-ti-none-eabi\c\</path>
         <kind>archive</kind>
         <file>libc.a</file>
         <name>fclose.c.obj</name>
      </input_file>
      <input_file id="fl-c5">
         <path>C:\ti\ccs1250\ccs\tools\compiler\ti-cgt-armllvm_3.2.0.LTS\lib\armv7em-ti-none-eabi\c\</path>
         <kind>archive</kind>
         <file>libsysbm.a</file>
         <name>write.c.obj</name>
      </input_file>
      <input_file id="fl-c6">
         <path>C:\ti\ccs1250\ccs\tools\compiler\ti-cgt-armllvm_3.2.0.LTS\lib\armv7em-ti-none-eabi\c\</path>
         <kind>archive</kind>
         <file>libsysbm.a</file>
         <name>host_device.c.obj</name>
      </input_file>
      <input_file id="fl-c7">
         <path>C:\ti\ccs1250\ccs\tools\compiler\ti-cgt-armllvm_3.2.0.LTS\lib\armv7em-ti-none-eabi\c\</path>
         <kind>archive</kind>
         <file>libsysbm.a</file>
         <name>remove.c.obj</name>
      </input_file>
      <input_file id="fl-c8">
         <path>C:\ti\ccs1250\ccs\tools\compiler\ti-cgt-armllvm_3.2.0.LTS\lib\armv7em-ti-none-eabi\c\</path>
         <kind>archive</kind>
         <file>libsysbm.a</file>
         <name>open.c.obj</name>
      </input_file>
      <input_file id="fl-c9">
         <path>C:\ti\ccs1250\ccs\tools\compiler\ti-cgt-armllvm_3.2.0.LTS\lib\armv7em-ti-none-eabi\c\</path>
         <kind>archive</kind>
         <file>libsysbm.a</file>
         <name>lseek.c.obj</name>
      </input_file>
      <input_file id="fl-ca">
         <path>C:\ti\ccs1250\ccs\tools\compiler\ti-cgt-armllvm_3.2.0.LTS\lib\armv7em-ti-none-eabi\c\</path>
         <kind>archive</kind>
         <file>libsysbm.a</file>
         <name>close.c.obj</name>
      </input_file>
      <input_file id="fl-cb">
         <path>C:\ti\ccs1250\ccs\tools\compiler\ti-cgt-armllvm_3.2.0.LTS\lib\armv7em-ti-none-eabi\c\</path>
         <kind>archive</kind>
         <file>libsysbm.a</file>
         <name>unlink.c.obj</name>
      </input_file>
      <input_file id="fl-cc">
         <path>C:\ti\ccs1250\ccs\tools\compiler\ti-cgt-armllvm_3.2.0.LTS\lib\armv7em-ti-none-eabi\c\</path>
         <kind>archive</kind>
         <file>libsysbm.a</file>
         <name>hostclose.c.obj</name>
      </input_file>
      <input_file id="fl-cd">
         <path>C:\ti\ccs1250\ccs\tools\compiler\ti-cgt-armllvm_3.2.0.LTS\lib\armv7em-ti-none-eabi\c\</path>
         <kind>archive</kind>
         <file>libsysbm.a</file>
         <name>hostlseek.c.obj</name>
      </input_file>
      <input_file id="fl-ce">
         <path>C:\ti\ccs1250\ccs\tools\compiler\ti-cgt-armllvm_3.2.0.LTS\lib\armv7em-ti-none-eabi\c\</path>
         <kind>archive</kind>
         <file>libsysbm.a</file>
         <name>hostopen.c.obj</name>
      </input_file>
      <input_file id="fl-cf">
         <path>C:\ti\ccs1250\ccs\tools\compiler\ti-cgt-armllvm_3.2.0.LTS\lib\armv7em-ti-none-eabi\c\</path>
         <kind>archive</kind>
         <file>libsysbm.a</file>
         <name>hostread.c.obj</name>
      </input_file>
      <input_file id="fl-d0">
         <path>C:\ti\ccs1250\ccs\tools\compiler\ti-cgt-armllvm_3.2.0.LTS\lib\armv7em-ti-none-eabi\c\</path>
         <kind>archive</kind>
         <file>libsysbm.a</file>
         <name>hostrename.c.obj</name>
      </input_file>
      <input_file id="fl-d1">
         <path>C:\ti\ccs1250\ccs\tools\compiler\ti-cgt-armllvm_3.2.0.LTS\lib\armv7em-ti-none-eabi\c\</path>
         <kind>archive</kind>
         <file>libsysbm.a</file>
         <name>hostunlink.c.obj</name>
      </input_file>
      <input_file id="fl-d2">
         <path>C:\ti\ccs1250\ccs\tools\compiler\ti-cgt-armllvm_3.2.0.LTS\lib\armv7em-ti-none-eabi\c\</path>
         <kind>archive</kind>
         <file>libsysbm.a</file>
         <name>hostwrite.c.obj</name>
      </input_file>
      <input_file id="fl-d3">
         <path>C:\ti\ccs1250\ccs\tools\compiler\ti-cgt-armllvm_3.2.0.LTS\lib\armv7em-ti-none-eabi\c\</path>
         <kind>archive</kind>
         <file>libsysbm.a</file>
         <name>trgmsg.c.obj</name>
      </input_file>
      <input_file id="fl-d4">
         <path>C:\ti\ccs1250\ccs\tools\compiler\ti-cgt-armllvm_3.2.0.LTS\lib\clang\15.0.7\lib\armv7em-ti-none-eabi\</path>
         <kind>archive</kind>
         <file>libclang_rt.builtins.a</file>
         <name>adddf3.S.obj</name>
      </input_file>
      <input_file id="fl-d5">
         <path>C:\ti\ccs1250\ccs\tools\compiler\ti-cgt-armllvm_3.2.0.LTS\lib\clang\15.0.7\lib\armv7em-ti-none-eabi\</path>
         <kind>archive</kind>
         <file>libclang_rt.builtins.a</file>
         <name>muldf3.S.obj</name>
      </input_file>
      <input_file id="fl-d6">
         <path>C:\ti\ccs1250\ccs\tools\compiler\ti-cgt-armllvm_3.2.0.LTS\lib\clang\15.0.7\lib\armv7em-ti-none-eabi\</path>
         <kind>archive</kind>
         <file>libclang_rt.builtins.a</file>
         <name>divdf3.S.obj</name>
      </input_file>
      <input_file id="fl-d7">
         <path>C:\ti\ccs1250\ccs\tools\compiler\ti-cgt-armllvm_3.2.0.LTS\lib\clang\15.0.7\lib\armv7em-ti-none-eabi\</path>
         <kind>archive</kind>
         <file>libclang_rt.builtins.a</file>
         <name>fixdfsi.S.obj</name>
      </input_file>
      <input_file id="fl-d8">
         <path>C:\ti\ccs1250\ccs\tools\compiler\ti-cgt-armllvm_3.2.0.LTS\lib\clang\15.0.7\lib\armv7em-ti-none-eabi\</path>
         <kind>archive</kind>
         <file>libclang_rt.builtins.a</file>
         <name>floatsidf.S.obj</name>
      </input_file>
      <input_file id="fl-d9">
         <path>C:\ti\ccs1250\ccs\tools\compiler\ti-cgt-armllvm_3.2.0.LTS\lib\clang\15.0.7\lib\armv7em-ti-none-eabi\</path>
         <kind>archive</kind>
         <file>libclang_rt.builtins.a</file>
         <name>aeabi_dcmp.S.obj</name>
      </input_file>
      <input_file id="fl-da">
         <path>C:\ti\ccs1250\ccs\tools\compiler\ti-cgt-armllvm_3.2.0.LTS\lib\clang\15.0.7\lib\armv7em-ti-none-eabi\</path>
         <kind>archive</kind>
         <file>libclang_rt.builtins.a</file>
         <name>aeabi_memcpy.S.obj</name>
      </input_file>
      <input_file id="fl-db">
         <path>C:\ti\ccs1250\ccs\tools\compiler\ti-cgt-armllvm_3.2.0.LTS\lib\clang\15.0.7\lib\armv7em-ti-none-eabi\</path>
         <kind>archive</kind>
         <file>libclang_rt.builtins.a</file>
         <name>aeabi_memset.S.obj</name>
      </input_file>
      <input_file id="fl-dc">
         <path>C:\ti\ccs1250\ccs\tools\compiler\ti-cgt-armllvm_3.2.0.LTS\lib\clang\15.0.7\lib\armv7em-ti-none-eabi\</path>
         <kind>archive</kind>
         <file>libclang_rt.builtins.a</file>
         <name>aeabi_uldivmod.S.obj</name>
      </input_file>
      <input_file id="fl-dd">
         <path>C:\ti\ccs1250\ccs\tools\compiler\ti-cgt-armllvm_3.2.0.LTS\lib\clang\15.0.7\lib\armv7em-ti-none-eabi\</path>
         <kind>archive</kind>
         <file>libclang_rt.builtins.a</file>
         <name>udivmoddi4.S.obj</name>
      </input_file>
      <input_file id="fl-de">
         <path>C:\ti\ccs1250\ccs\tools\compiler\ti-cgt-armllvm_3.2.0.LTS\lib\clang\15.0.7\lib\armv7em-ti-none-eabi\</path>
         <kind>archive</kind>
         <file>libclang_rt.builtins.a</file>
         <name>comparedf2.c.obj</name>
      </input_file>
      <input_file id="fl-df">
         <path>C:\ti\ccs1250\ccs\tools\compiler\ti-cgt-armllvm_3.2.0.LTS\lib\clang\15.0.7\lib\armv7em-ti-none-eabi\</path>
         <kind>archive</kind>
         <file>libclang_rt.builtins.a</file>
         <name>aeabi_div0.c.obj</name>
      </input_file>
      <input_file id="fl-e0">
         <path>C:\ti\ccs1250\ccs\tools\compiler\ti-cgt-armllvm_3.2.0.LTS\lib\armv7em-ti-none-eabi\c\</path>
         <kind>archive</kind>
         <file>libc.a</file>
         <name>getdevice.c.obj</name>
      </input_file>
      <input_file id="fl-e1">
         <path>C:\ti\ccs1250\ccs\tools\compiler\ti-cgt-armllvm_3.2.0.LTS\lib\armv7em-ti-none-eabi\c\</path>
         <kind>archive</kind>
         <file>libc.a</file>
         <name>strcmp_t2.S.obj</name>
      </input_file>
      <input_file id="fl-e2">
         <path>C:\ti\ccs1250\ccs\tools\compiler\ti-cgt-armllvm_3.2.0.LTS\lib\armv7em-ti-none-eabi\c\</path>
         <kind>archive</kind>
         <file>libc.a</file>
         <name>memcpy_t2.S.obj</name>
      </input_file>
      <input_file id="fl-e3">
         <path>C:\ti\ccs1250\ccs\tools\compiler\ti-cgt-armllvm_3.2.0.LTS\lib\armv7em-ti-none-eabi\c\</path>
         <kind>archive</kind>
         <file>libc.a</file>
         <name>memset_t2.S.obj</name>
      </input_file>
   </input_file_list>
   <object_component_list>
      <object_component id="oc-225">
         <name>.text:__TI_printfi_nofloat</name>
         <load_address>0x2000c040</load_address>
         <readonly>true</readonly>
         <executable>true</executable>
         <run_address>0x2000c040</run_address>
         <size>0x86c</size>
         <alignment>0x4</alignment>
         <input_file_ref idref="fl-4c"/>
      </object_component>
      <object_component id="oc-d2">
         <name>.text.PRCMCC3200MCUInit</name>
         <load_address>0x2000c8ac</load_address>
         <readonly>true</readonly>
         <executable>true</executable>
         <run_address>0x2000c8ac</run_address>
         <size>0x4b8</size>
         <alignment>0x2</alignment>
         <input_file_ref idref="fl-2e"/>
      </object_component>
      <object_component id="oc-246">
         <name>.text.Power_sleep</name>
         <load_address>0x2000cd64</load_address>
         <readonly>true</readonly>
         <executable>true</executable>
         <run_address>0x2000cd64</run_address>
         <size>0x3e4</size>
         <alignment>0x4</alignment>
         <input_file_ref idref="fl-18"/>
      </object_component>
      <object_component id="oc-1f2">
         <name>.text.UART2CC32XX_hwiIntFxn</name>
         <load_address>0x2000d148</load_address>
         <readonly>true</readonly>
         <executable>true</executable>
         <run_address>0x2000d148</run_address>
         <size>0x222</size>
         <alignment>0x2</alignment>
         <input_file_ref idref="fl-1d"/>
      </object_component>
      <object_component id="oc-e2">
         <name>.text.Board_initHook</name>
         <load_address>0x2000d36a</load_address>
         <readonly>true</readonly>
         <executable>true</executable>
         <run_address>0x2000d36a</run_address>
         <size>0x2</size>
         <alignment>0x2</alignment>
         <input_file_ref idref="fl-2"/>
      </object_component>
      <object_component id="oc-149">
         <name>.text.UART2_open</name>
         <load_address>0x2000d36c</load_address>
         <readonly>true</readonly>
         <executable>true</executable>
         <run_address>0x2000d36c</run_address>
         <size>0x1cc</size>
         <alignment>0x4</alignment>
         <input_file_ref idref="fl-1d"/>
      </object_component>
      <object_component id="oc-ee">
         <name>.text.initI2C</name>
         <load_address>0x2000d538</load_address>
         <readonly>true</readonly>
         <executable>true</executable>
         <run_address>0x2000d538</run_address>
         <size>0x178</size>
         <alignment>0x4</alignment>
         <input_file_ref idref="fl-1"/>
      </object_component>
      <object_component id="oc-228">
         <name>.text.UART2_writeTimeoutBlocking</name>
         <load_address>0x2000d6b0</load_address>
         <readonly>true</readonly>
         <executable>true</executable>
         <run_address>0x2000d6b0</run_address>
         <size>0x174</size>
         <alignment>0x2</alignment>
         <input_file_ref idref="fl-1c"/>
      </object_component>
      <object_component id="oc-1bb">
         <name>.text.PowerCC32XX_sleepPolicy</name>
         <load_address>0x2000d824</load_address>
         <readonly>true</readonly>
         <executable>true</executable>
         <run_address>0x2000d824</run_address>
         <size>0x150</size>
         <alignment>0x4</alignment>
         <input_file_ref idref="fl-25"/>
      </object_component>
      <object_component id="oc-17a">
         <name>.text.Timer_open</name>
         <load_address>0x2000d974</load_address>
         <readonly>true</readonly>
         <executable>true</executable>
         <run_address>0x2000d974</run_address>
         <size>0x148</size>
         <alignment>0x4</alignment>
         <input_file_ref idref="fl-1b"/>
      </object_component>
      <object_component id="oc-104">
         <name>.text.GPIO_setConfig</name>
         <load_address>0x2000dabc</load_address>
         <readonly>true</readonly>
         <executable>true</executable>
         <run_address>0x2000dabc</run_address>
         <size>0x140</size>
         <alignment>0x4</alignment>
         <input_file_ref idref="fl-15"/>
      </object_component>
      <object_component id="oc-202">
         <name>.text.I2CCC32XX_hwiFxn</name>
         <load_address>0x2000dbfc</load_address>
         <readonly>true</readonly>
         <executable>true</executable>
         <run_address>0x2000dbfc</run_address>
         <size>0x138</size>
         <alignment>0x2</alignment>
         <input_file_ref idref="fl-17"/>
      </object_component>
      <object_component id="oc-b0">
         <name>.text.mainThread</name>
         <load_address>0x2000dd34</load_address>
         <readonly>true</readonly>
         <executable>true</executable>
         <run_address>0x2000dd34</run_address>
         <size>0x134</size>
         <alignment>0x4</alignment>
         <input_file_ref idref="fl-1"/>
      </object_component>
      <object_component id="oc-206">
         <name>.text.I2C_transferTimeout</name>
         <load_address>0x2000de68</load_address>
         <readonly>true</readonly>
         <executable>true</executable>
         <run_address>0x2000de68</run_address>
         <size>0x126</size>
         <alignment>0x2</alignment>
         <input_file_ref idref="fl-16"/>
      </object_component>
      <object_component id="oc-14f">
         <name>.text.I2C_init</name>
         <load_address>0x2000df8e</load_address>
         <readonly>true</readonly>
         <executable>true</executable>
         <run_address>0x2000df8e</run_address>
         <size>0x2</size>
         <alignment>0x2</alignment>
         <input_file_ref idref="fl-16"/>
      </object_component>
      <object_component id="oc-2e5">
         <name>.text.aligned_alloc</name>
         <load_address>0x2000df90</load_address>
         <readonly>true</readonly>
         <executable>true</executable>
         <run_address>0x2000df90</run_address>
         <size>0x120</size>
         <alignment>0x4</alignment>
         <input_file_ref idref="fl-43"/>
      </object_component>
      <object_component id="oc-227">
         <name>.text.UART2_writeTimeoutNonblocking</name>
         <load_address>0x2000e0b0</load_address>
         <readonly>true</readonly>
         <executable>true</executable>
         <run_address>0x2000e0b0</run_address>
         <size>0x11a</size>
         <alignment>0x2</alignment>
         <input_file_ref idref="fl-1c"/>
      </object_component>
      <object_component id="oc-31c">
         <name>.text.uDMAChannelTransferSet</name>
         <load_address>0x2000e1ca</load_address>
         <readonly>true</readonly>
         <executable>true</executable>
         <run_address>0x2000e1ca</run_address>
         <size>0x112</size>
         <alignment>0x2</alignment>
         <input_file_ref idref="fl-33"/>
      </object_component>
      <object_component id="oc-186">
         <name>.text.__muldf3</name>
         <load_address>0x2000e2dc</load_address>
         <readonly>true</readonly>
         <executable>true</executable>
         <run_address>0x2000e2dc</run_address>
         <size>0xfc</size>
         <alignment>0x4</alignment>
         <input_file_ref idref="fl-d5"/>
      </object_component>
      <object_component id="oc-1c2">
         <name>.text.free</name>
         <load_address>0x2000e3d8</load_address>
         <readonly>true</readonly>
         <executable>true</executable>
         <run_address>0x2000e3d8</run_address>
         <size>0xf0</size>
         <alignment>0x4</alignment>
         <input_file_ref idref="fl-43"/>
      </object_component>
      <object_component id="oc-155">
         <name>.text.I2C_open</name>
         <load_address>0x2000e4c8</load_address>
         <readonly>true</readonly>
         <executable>true</executable>
         <run_address>0x2000e4c8</run_address>
         <size>0xe8</size>
         <alignment>0x4</alignment>
         <input_file_ref idref="fl-17"/>
      </object_component>
      <object_component id="oc-1ed">
         <name>.text.UART2_close</name>
         <load_address>0x2000e5b0</load_address>
         <readonly>true</readonly>
         <executable>true</executable>
         <run_address>0x2000e5b0</run_address>
         <size>0xe8</size>
         <alignment>0x4</alignment>
         <input_file_ref idref="fl-1d"/>
      </object_component>
      <object_component id="oc-28f">
         <name>.text.UART2Support_dmaStartRx</name>
         <load_address>0x2000e698</load_address>
         <readonly>true</readonly>
         <executable>true</executable>
         <run_address>0x2000e698</run_address>
         <size>0xcc</size>
         <alignment>0x4</alignment>
         <input_file_ref idref="fl-1d"/>
      </object_component>
      <object_component id="oc-311">
         <name>.text.IntDisable</name>
         <load_address>0x2000e764</load_address>
         <readonly>true</readonly>
         <executable>true</executable>
         <run_address>0x2000e764</run_address>
         <size>0xc8</size>
         <alignment>0x2</alignment>
         <input_file_ref idref="fl-2c"/>
      </object_component>
      <object_component id="oc-278">
         <name>.text.IntEnable</name>
         <load_address>0x2000e82c</load_address>
         <readonly>true</readonly>
         <executable>true</executable>
         <run_address>0x2000e82c</run_address>
         <size>0xc8</size>
         <alignment>0x2</alignment>
         <input_file_ref idref="fl-2c"/>
      </object_component>
      <object_component id="oc-1e9">
         <name>.text.UART2CC32XX_initHw</name>
         <load_address>0x2000e8f4</load_address>
         <readonly>true</readonly>
         <executable>true</executable>
         <run_address>0x2000e8f4</run_address>
         <size>0xc4</size>
         <alignment>0x4</alignment>
         <input_file_ref idref="fl-1d"/>
      </object_component>
      <object_component id="oc-292">
         <name>.text.UART2Support_dmaStartTx</name>
         <load_address>0x2000e9b8</load_address>
         <readonly>true</readonly>
         <executable>true</executable>
         <run_address>0x2000e9b8</run_address>
         <size>0xb8</size>
         <alignment>0x4</alignment>
         <input_file_ref idref="fl-1d"/>
      </object_component>
      <object_component id="oc-2ec">
         <name>.text</name>
         <load_address>0x2000ea70</load_address>
         <readonly>true</readonly>
         <executable>true</executable>
         <run_address>0x2000ea70</run_address>
         <size>0xb0</size>
         <alignment>0x4</alignment>
         <input_file_ref idref="fl-dd"/>
      </object_component>
      <object_component id="oc-22b">
         <name>.text.GPIOIntTypeSet</name>
         <load_address>0x2000eb20</load_address>
         <readonly>true</readonly>
         <executable>true</executable>
         <run_address>0x2000eb20</run_address>
         <size>0xac</size>
         <alignment>0x2</alignment>
         <input_file_ref idref="fl-29"/>
      </object_component>
      <object_component id="oc-374">
         <name>.text.IntPendSet</name>
         <load_address>0x2000ebcc</load_address>
         <readonly>true</readonly>
         <executable>true</executable>
         <run_address>0x2000ebcc</run_address>
         <size>0xa4</size>
         <alignment>0x2</alignment>
         <input_file_ref idref="fl-2c"/>
      </object_component>
      <object_component id="oc-198">
         <name>.text.PinConfigSet</name>
         <load_address>0x2000ec70</load_address>
         <readonly>true</readonly>
         <executable>true</executable>
         <run_address>0x2000ec70</run_address>
         <size>0xa2</size>
         <alignment>0x2</alignment>
         <input_file_ref idref="fl-2d"/>
      </object_component>
      <object_component id="oc-2a5">
         <name>.text.I2CCC32XX_completeTransfer</name>
         <load_address>0x2000ed12</load_address>
         <readonly>true</readonly>
         <executable>true</executable>
         <run_address>0x2000ed12</run_address>
         <size>0x9c</size>
         <alignment>0x2</alignment>
         <input_file_ref idref="fl-17"/>
      </object_component>
      <object_component id="oc-1b6">
         <name>.text.PowerCC32XX_initPolicy</name>
         <load_address>0x2000edae</load_address>
         <readonly>true</readonly>
         <executable>true</executable>
         <run_address>0x2000edae</run_address>
         <size>0x2</size>
         <alignment>0x2</alignment>
         <input_file_ref idref="fl-25"/>
      </object_component>
      <object_component id="oc-f7">
         <name>.text.readTemp</name>
         <load_address>0x2000edb0</load_address>
         <readonly>true</readonly>
         <executable>true</executable>
         <run_address>0x2000edb0</run_address>
         <size>0x9c</size>
         <alignment>0x4</alignment>
         <input_file_ref idref="fl-1"/>
      </object_component>
      <object_component id="oc-296">
         <name>.text.I2CMasterInitExpClk</name>
         <load_address>0x2000ee4c</load_address>
         <readonly>true</readonly>
         <executable>true</executable>
         <run_address>0x2000ee4c</run_address>
         <size>0x98</size>
         <alignment>0x2</alignment>
         <input_file_ref idref="fl-2b"/>
      </object_component>
      <object_component id="oc-13a">
         <name>.text.SemaphoreP_pend</name>
         <load_address>0x2000eee4</load_address>
         <readonly>true</readonly>
         <executable>true</executable>
         <run_address>0x2000eee4</run_address>
         <size>0x98</size>
         <alignment>0x4</alignment>
         <input_file_ref idref="fl-22"/>
      </object_component>
      <object_component id="oc-24d">
         <name>.text.ClockP_doTick</name>
         <load_address>0x2000ef7c</load_address>
         <readonly>true</readonly>
         <executable>true</executable>
         <run_address>0x2000ef7c</run_address>
         <size>0x4</size>
         <alignment>0x2</alignment>
         <input_file_ref idref="fl-23"/>
      </object_component>
      <object_component id="oc-2f8">
         <name>.text</name>
         <load_address>0x2000ef80</load_address>
         <readonly>true</readonly>
         <executable>true</executable>
         <run_address>0x2000ef80</run_address>
         <size>0x96</size>
         <alignment>0x10</alignment>
         <input_file_ref idref="fl-19"/>
      </object_component>
      <object_component id="oc-271">
         <name>.text.uDMAChannelAttributeDisable</name>
         <load_address>0x2000f016</load_address>
         <readonly>true</readonly>
         <executable>true</executable>
         <run_address>0x2000f016</run_address>
         <size>0x92</size>
         <alignment>0x2</alignment>
         <input_file_ref idref="fl-33"/>
      </object_component>
      <object_component id="oc-dc">
         <name>.text.GPIO_init</name>
         <load_address>0x2000f0a8</load_address>
         <readonly>true</readonly>
         <executable>true</executable>
         <run_address>0x2000f0a8</run_address>
         <size>0x90</size>
         <alignment>0x4</alignment>
         <input_file_ref idref="fl-15"/>
      </object_component>
      <object_component id="oc-119">
         <name>.text.PRCMSysResetCauseGet</name>
         <load_address>0x2000f138</load_address>
         <readonly>true</readonly>
         <executable>true</executable>
         <run_address>0x2000f138</run_address>
         <size>0x8e</size>
         <alignment>0x2</alignment>
         <input_file_ref idref="fl-2e"/>
      </object_component>
      <object_component id="oc-281">
         <name>.text.SemaphoreP_destruct</name>
         <load_address>0x2000f1c6</load_address>
         <readonly>true</readonly>
         <executable>true</executable>
         <run_address>0x2000f1c6</run_address>
         <size>0x2</size>
         <alignment>0x2</alignment>
         <input_file_ref idref="fl-22"/>
      </object_component>
      <object_component id="oc-12b">
         <name>.text.PowerCC32XX_configureWakeup</name>
         <load_address>0x2000f1c8</load_address>
         <readonly>true</readonly>
         <executable>true</executable>
         <run_address>0x2000f1c8</run_address>
         <size>0x88</size>
         <alignment>0x4</alignment>
         <input_file_ref idref="fl-18"/>
      </object_component>
      <object_component id="oc-2a2">
         <name>.text.I2CCC32XX_primeReadBurst</name>
         <load_address>0x2000f250</load_address>
         <readonly>true</readonly>
         <executable>true</executable>
         <run_address>0x2000f250</run_address>
         <size>0x7a</size>
         <alignment>0x2</alignment>
         <input_file_ref idref="fl-17"/>
      </object_component>
      <object_component id="oc-173">
         <name>.text.Timer_init</name>
         <load_address>0x2000f2ca</load_address>
         <readonly>true</readonly>
         <executable>true</executable>
         <run_address>0x2000f2ca</run_address>
         <size>0x2</size>
         <alignment>0x2</alignment>
         <input_file_ref idref="fl-1a"/>
      </object_component>
      <object_component id="oc-d7">
         <name>.text.Power_init</name>
         <load_address>0x2000f2cc</load_address>
         <readonly>true</readonly>
         <executable>true</executable>
         <run_address>0x2000f2cc</run_address>
         <size>0x78</size>
         <alignment>0x4</alignment>
         <input_file_ref idref="fl-18"/>
      </object_component>
      <object_component id="oc-1eb">
         <name>.text.HwiP_construct</name>
         <load_address>0x2000f344</load_address>
         <readonly>true</readonly>
         <executable>true</executable>
         <run_address>0x2000f344</run_address>
         <size>0x74</size>
         <alignment>0x4</alignment>
         <input_file_ref idref="fl-24"/>
      </object_component>
      <object_component id="oc-1b3">
         <name>.text.PRCMHibernateWakeUpGPIOSelect</name>
         <load_address>0x2000f3b8</load_address>
         <readonly>true</readonly>
         <executable>true</executable>
         <run_address>0x2000f3b8</run_address>
         <size>0x74</size>
         <alignment>0x2</alignment>
         <input_file_ref idref="fl-2e"/>
      </object_component>
      <object_component id="oc-266">
         <name>.text.UARTConfigSetExpClk</name>
         <load_address>0x2000f42c</load_address>
         <readonly>true</readonly>
         <executable>true</executable>
         <run_address>0x2000f42c</run_address>
         <size>0x74</size>
         <alignment>0x2</alignment>
         <input_file_ref idref="fl-32"/>
      </object_component>
      <object_component id="oc-18">
         <name>.text:decompress:lzss</name>
         <load_address>0x2000f4a0</load_address>
         <readonly>true</readonly>
         <executable>true</executable>
         <run_address>0x2000f4a0</run_address>
         <size>0x70</size>
         <alignment>0x2</alignment>
         <input_file_ref idref="fl-4b"/>
      </object_component>
      <object_component id="oc-2f6">
         <name>.text.PinLockLevelSet</name>
         <load_address>0x2000f510</load_address>
         <readonly>true</readonly>
         <executable>true</executable>
         <run_address>0x2000f510</run_address>
         <size>0x6c</size>
         <alignment>0x2</alignment>
         <input_file_ref idref="fl-2d"/>
      </object_component>
      <object_component id="oc-199">
         <name>.text.Power_setDependency</name>
         <load_address>0x2000f57c</load_address>
         <readonly>true</readonly>
         <executable>true</executable>
         <run_address>0x2000f57c</run_address>
         <size>0x6c</size>
         <alignment>0x4</alignment>
         <input_file_ref idref="fl-18"/>
      </object_component>
      <object_component id="oc-1e7">
         <name>.text.UDMACC32XX_open</name>
         <load_address>0x2000f5e8</load_address>
         <readonly>true</readonly>
         <executable>true</executable>
         <run_address>0x2000f5e8</run_address>
         <size>0x6c</size>
         <alignment>0x4</alignment>
         <input_file_ref idref="fl-20"/>
      </object_component>
      <object_component id="oc-141">
         <name>.text.powerNotifyFxn</name>
         <load_address>0x2000f654</load_address>
         <readonly>true</readonly>
         <executable>true</executable>
         <run_address>0x2000f654</run_address>
         <size>0x6c</size>
         <alignment>0x4</alignment>
         <input_file_ref idref="fl-15"/>
      </object_component>
      <object_component id="oc-360">
         <name>.text.split</name>
         <load_address>0x2000f6c0</load_address>
         <readonly>true</readonly>
         <executable>true</executable>
         <run_address>0x2000f6c0</run_address>
         <size>0x6c</size>
         <alignment>0x4</alignment>
         <input_file_ref idref="fl-43"/>
      </object_component>
      <object_component id="oc-121">
         <name>.text.PRCMPeripheralReset</name>
         <load_address>0x2000f72c</load_address>
         <readonly>true</readonly>
         <executable>true</executable>
         <run_address>0x2000f72c</run_address>
         <size>0x6a</size>
         <alignment>0x2</alignment>
         <input_file_ref idref="fl-2e"/>
      </object_component>
      <object_component id="oc-1f0">
         <name>.text.UART2CC32XX_eventCallback</name>
         <load_address>0x2000f796</load_address>
         <readonly>true</readonly>
         <executable>true</executable>
         <run_address>0x2000f796</run_address>
         <size>0x2</size>
         <alignment>0x2</alignment>
         <input_file_ref idref="fl-1d"/>
      </object_component>
      <object_component id="oc-1fd">
         <name>.text.I2CCC32XX_initHw</name>
         <load_address>0x2000f798</load_address>
         <readonly>true</readonly>
         <executable>true</executable>
         <run_address>0x2000f798</run_address>
         <size>0x68</size>
         <alignment>0x4</alignment>
         <input_file_ref idref="fl-17"/>
      </object_component>
      <object_component id="oc-275">
         <name>.text.IntPendClear</name>
         <load_address>0x2000f800</load_address>
         <readonly>true</readonly>
         <executable>true</executable>
         <run_address>0x2000f800</run_address>
         <size>0x68</size>
         <alignment>0x2</alignment>
         <input_file_ref idref="fl-2c"/>
      </object_component>
      <object_component id="oc-2a3">
         <name>.text.I2CCC32XX_primeWriteBurst</name>
         <load_address>0x2000f868</load_address>
         <readonly>true</readonly>
         <executable>true</executable>
         <run_address>0x2000f868</run_address>
         <size>0x66</size>
         <alignment>0x2</alignment>
         <input_file_ref idref="fl-17"/>
      </object_component>
      <object_component id="oc-363">
         <name>.text.__aeabi_ldiv0</name>
         <load_address>0x2000f8ce</load_address>
         <readonly>true</readonly>
         <executable>true</executable>
         <run_address>0x2000f8ce</run_address>
         <size>0x2</size>
         <alignment>0x2</alignment>
         <input_file_ref idref="fl-df"/>
      </object_component>
      <object_component id="oc-f5">
         <name>.text.GPIO_write</name>
         <load_address>0x2000f8d0</load_address>
         <readonly>true</readonly>
         <executable>true</executable>
         <run_address>0x2000f8d0</run_address>
         <size>0x60</size>
         <alignment>0x4</alignment>
         <input_file_ref idref="fl-15"/>
      </object_component>
      <object_component id="oc-291">
         <name>.text.UART2Support_dmaStopTx</name>
         <load_address>0x2000f930</load_address>
         <readonly>true</readonly>
         <executable>true</executable>
         <run_address>0x2000f930</run_address>
         <size>0x60</size>
         <alignment>0x2</alignment>
         <input_file_ref idref="fl-1d"/>
      </object_component>
      <object_component id="oc-36f">
         <name>.text.FlashDisable</name>
         <load_address>0x2000f990</load_address>
         <readonly>true</readonly>
         <executable>true</executable>
         <run_address>0x2000f990</run_address>
         <size>0x5c</size>
         <alignment>0x2</alignment>
         <input_file_ref idref="fl-35"/>
      </object_component>
      <object_component id="oc-2a8">
         <name>.text.I2CSupport_primeTransfer</name>
         <load_address>0x2000f9ec</load_address>
         <readonly>true</readonly>
         <executable>true</executable>
         <run_address>0x2000f9ec</run_address>
         <size>0x5c</size>
         <alignment>0x2</alignment>
         <input_file_ref idref="fl-17"/>
      </object_component>
      <object_component id="oc-1b5">
         <name>.text.PRCMHibernateWakeupSourceDisable</name>
         <load_address>0x2000fa48</load_address>
         <readonly>true</readonly>
         <executable>true</executable>
         <run_address>0x2000fa48</run_address>
         <size>0x5c</size>
         <alignment>0x2</alignment>
         <input_file_ref idref="fl-2e"/>
      </object_component>
      <object_component id="oc-20f">
         <name>.text.TimerCC32XX_allocateTimerResource</name>
         <load_address>0x2000faa4</load_address>
         <readonly>true</readonly>
         <executable>true</executable>
         <run_address>0x2000faa4</run_address>
         <size>0x5c</size>
         <alignment>0x4</alignment>
         <input_file_ref idref="fl-1b"/>
      </object_component>
      <object_component id="oc-120">
         <name>.text.PRCMPeripheralClkEnable</name>
         <load_address>0x2000fb00</load_address>
         <readonly>true</readonly>
         <executable>true</executable>
         <run_address>0x2000fb00</run_address>
         <size>0x5a</size>
         <alignment>0x2</alignment>
         <input_file_ref idref="fl-2e"/>
      </object_component>
      <object_component id="oc-1a1">
         <name>.text._nop</name>
         <load_address>0x2000fb5a</load_address>
         <readonly>true</readonly>
         <executable>true</executable>
         <run_address>0x2000fb5a</run_address>
         <size>0x2</size>
         <alignment>0x2</alignment>
         <input_file_ref idref="fl-50"/>
      </object_component>
      <object_component id="oc-2ea">
         <name>.text.ClockP_startup</name>
         <load_address>0x2000fb5c</load_address>
         <readonly>true</readonly>
         <executable>true</executable>
         <run_address>0x2000fb5c</run_address>
         <size>0x58</size>
         <alignment>0x4</alignment>
         <input_file_ref idref="fl-23"/>
      </object_component>
      <object_component id="oc-277">
         <name>.text.IntPrioritySet</name>
         <load_address>0x2000fbb4</load_address>
         <readonly>true</readonly>
         <executable>true</executable>
         <run_address>0x2000fbb4</run_address>
         <size>0x58</size>
         <alignment>0x2</alignment>
         <input_file_ref idref="fl-2c"/>
      </object_component>
      <object_component id="oc-302">
         <name>.text.PRCMLPDSEnter</name>
         <load_address>0x2000fc0c</load_address>
         <readonly>true</readonly>
         <executable>true</executable>
         <run_address>0x2000fc0c</run_address>
         <size>0x56</size>
         <alignment>0x2</alignment>
         <input_file_ref idref="fl-2e"/>
      </object_component>
      <object_component id="oc-57">
         <name>.text.busFaultHandler</name>
         <load_address>0x2000fc62</load_address>
         <readonly>true</readonly>
         <executable>true</executable>
         <run_address>0x2000fc62</run_address>
         <size>0x2</size>
         <alignment>0x2</alignment>
         <input_file_ref idref="fl-26"/>
      </object_component>
      <object_component id="oc-1d5">
         <name>.text.PowerCC32XX_setParkState</name>
         <load_address>0x2000fc64</load_address>
         <readonly>true</readonly>
         <executable>true</executable>
         <run_address>0x2000fc64</run_address>
         <size>0x54</size>
         <alignment>0x4</alignment>
         <input_file_ref idref="fl-18"/>
      </object_component>
      <object_component id="oc-284">
         <name>.text.Power_releaseDependency</name>
         <load_address>0x2000fcb8</load_address>
         <readonly>true</readonly>
         <executable>true</executable>
         <run_address>0x2000fcb8</run_address>
         <size>0x54</size>
         <alignment>0x4</alignment>
         <input_file_ref idref="fl-18"/>
      </object_component>
      <object_component id="oc-1a0">
         <name>.text.GPIO_hwiIntFxn</name>
         <load_address>0x2000fd0c</load_address>
         <readonly>true</readonly>
         <executable>true</executable>
         <run_address>0x2000fd0c</run_address>
         <size>0x50</size>
         <alignment>0x4</alignment>
         <input_file_ref idref="fl-15"/>
      </object_component>
      <object_component id="oc-1b4">
         <name>.text.PRCMHibernateWakeupSourceEnable</name>
         <load_address>0x2000fd5c</load_address>
         <readonly>true</readonly>
         <executable>true</executable>
         <run_address>0x2000fd5c</run_address>
         <size>0x50</size>
         <alignment>0x2</alignment>
         <input_file_ref idref="fl-2e"/>
      </object_component>
      <object_component id="oc-24f">
         <name>.text.SemaphoreP_construct</name>
         <load_address>0x2000fdac</load_address>
         <readonly>true</readonly>
         <executable>true</executable>
         <run_address>0x2000fdac</run_address>
         <size>0x50</size>
         <alignment>0x4</alignment>
         <input_file_ref idref="fl-22"/>
      </object_component>
      <object_component id="oc-270">
         <name>.text.uDMAChannelAssign</name>
         <load_address>0x2000fdfc</load_address>
         <readonly>true</readonly>
         <executable>true</executable>
         <run_address>0x2000fdfc</run_address>
         <size>0x4e</size>
         <alignment>0x2</alignment>
         <input_file_ref idref="fl-33"/>
      </object_component>
      <object_component id="oc-1c9">
         <name>.text.clkFxn</name>
         <load_address>0x2000fe4a</load_address>
         <readonly>true</readonly>
         <executable>true</executable>
         <run_address>0x2000fe4a</run_address>
         <size>0x2</size>
         <alignment>0x2</alignment>
         <input_file_ref idref="fl-22"/>
      </object_component>
      <object_component id="oc-19d">
         <name>.text.GPIO_setInterruptConfig</name>
         <load_address>0x2000fe4c</load_address>
         <readonly>true</readonly>
         <executable>true</executable>
         <run_address>0x2000fe4c</run_address>
         <size>0x4c</size>
         <alignment>0x4</alignment>
         <input_file_ref idref="fl-15"/>
      </object_component>
      <object_component id="oc-36d">
         <name>.text.PRCMLPDSRestoreInfoSet</name>
         <load_address>0x2000fe98</load_address>
         <readonly>true</readonly>
         <executable>true</executable>
         <run_address>0x2000fe98</run_address>
         <size>0x4c</size>
         <alignment>0x2</alignment>
         <input_file_ref idref="fl-2e"/>
      </object_component>
      <object_component id="oc-213">
         <name>.text.initHw</name>
         <load_address>0x2000fee4</load_address>
         <readonly>true</readonly>
         <executable>true</executable>
         <run_address>0x2000fee4</run_address>
         <size>0x4c</size>
         <alignment>0x2</alignment>
         <input_file_ref idref="fl-1b"/>
      </object_component>
      <object_component id="oc-28d">
         <name>.text.UART2Support_dmaStopRx</name>
         <load_address>0x2000ff30</load_address>
         <readonly>true</readonly>
         <executable>true</executable>
         <run_address>0x2000ff30</run_address>
         <size>0x4a</size>
         <alignment>0x2</alignment>
         <input_file_ref idref="fl-1d"/>
      </object_component>
      <object_component id="oc-212">
         <name>.text.getPrescaler</name>
         <load_address>0x2000ff7a</load_address>
         <readonly>true</readonly>
         <executable>true</executable>
         <run_address>0x2000ff7a</run_address>
         <size>0x4a</size>
         <alignment>0x2</alignment>
         <input_file_ref idref="fl-1b"/>
      </object_component>
      <object_component id="oc-318">
         <name>.text.uDMAChannelSizeGet</name>
         <load_address>0x2000ffc4</load_address>
         <readonly>true</readonly>
         <executable>true</executable>
         <run_address>0x2000ffc4</run_address>
         <size>0x4a</size>
         <alignment>0x2</alignment>
         <input_file_ref idref="fl-33"/>
      </object_component>
      <object_component id="oc-56">
         <name>.text.defaultHandler</name>
         <load_address>0x2001000e</load_address>
         <readonly>true</readonly>
         <executable>true</executable>
         <run_address>0x2001000e</run_address>
         <size>0x2</size>
         <alignment>0x2</alignment>
         <input_file_ref idref="fl-26"/>
      </object_component>
      <object_component id="oc-58">
         <name>.text.ClockP_sysTickHandler</name>
         <load_address>0x20010010</load_address>
         <readonly>true</readonly>
         <executable>true</executable>
         <run_address>0x20010010</run_address>
         <size>0x48</size>
         <alignment>0x4</alignment>
         <input_file_ref idref="fl-23"/>
      </object_component>
      <object_component id="oc-2fc">
         <name>.text.PRCMIntEnable</name>
         <load_address>0x20010058</load_address>
         <readonly>true</readonly>
         <executable>true</executable>
         <run_address>0x20010058</run_address>
         <size>0x48</size>
         <alignment>0x2</alignment>
         <input_file_ref idref="fl-2e"/>
      </object_component>
      <object_component id="oc-229">
         <name>.text.PRCMPeripheralStatusGet</name>
         <load_address>0x200100a0</load_address>
         <readonly>true</readonly>
         <executable>true</executable>
         <run_address>0x200100a0</run_address>
         <size>0x48</size>
         <alignment>0x2</alignment>
         <input_file_ref idref="fl-2e"/>
      </object_component>
      <object_component id="oc-36a">
         <name>.text.PinConfigGet</name>
         <load_address>0x200100e8</load_address>
         <readonly>true</readonly>
         <executable>true</executable>
         <run_address>0x200100e8</run_address>
         <size>0x48</size>
         <alignment>0x2</alignment>
         <input_file_ref idref="fl-2d"/>
      </object_component>
      <object_component id="oc-18a">
         <name>.text.__fixdfsi</name>
         <load_address>0x20010130</load_address>
         <readonly>true</readonly>
         <executable>true</executable>
         <run_address>0x20010130</run_address>
         <size>0x48</size>
         <alignment>0x4</alignment>
         <input_file_ref idref="fl-d7"/>
      </object_component>
      <object_component id="oc-2a1">
         <name>.text.I2CCC32XX_fillTransmitFifo</name>
         <load_address>0x20010178</load_address>
         <readonly>true</readonly>
         <executable>true</executable>
         <run_address>0x20010178</run_address>
         <size>0x46</size>
         <alignment>0x2</alignment>
         <input_file_ref idref="fl-17"/>
      </object_component>
      <object_component id="oc-301">
         <name>.text.PRCMLPDSEnterKeepDebugIf</name>
         <load_address>0x200101be</load_address>
         <readonly>true</readonly>
         <executable>true</executable>
         <run_address>0x200101be</run_address>
         <size>0x46</size>
         <alignment>0x2</alignment>
         <input_file_ref idref="fl-2e"/>
      </object_component>
      <object_component id="oc-316">
         <name>.text.RingBuf_put</name>
         <load_address>0x20010204</load_address>
         <readonly>true</readonly>
         <executable>true</executable>
         <run_address>0x20010204</run_address>
         <size>0x46</size>
         <alignment>0x2</alignment>
         <input_file_ref idref="fl-1f"/>
      </object_component>
      <object_component id="oc-19c">
         <name>.text.GPIODirModeSet</name>
         <load_address>0x2001024a</load_address>
         <readonly>true</readonly>
         <executable>true</executable>
         <run_address>0x2001024a</run_address>
         <size>0x44</size>
         <alignment>0x2</alignment>
         <input_file_ref idref="fl-29"/>
      </object_component>
      <object_component id="oc-55">
         <name>.text.faultISR</name>
         <load_address>0x2001028e</load_address>
         <readonly>true</readonly>
         <executable>true</executable>
         <run_address>0x2001028e</run_address>
         <size>0x2</size>
         <alignment>0x2</alignment>
         <input_file_ref idref="fl-26"/>
      </object_component>
      <object_component id="oc-22c">
         <name>.text.GPIO_disableInt</name>
         <load_address>0x20010290</load_address>
         <readonly>true</readonly>
         <executable>true</executable>
         <run_address>0x20010290</run_address>
         <size>0x44</size>
         <alignment>0x4</alignment>
         <input_file_ref idref="fl-15"/>
      </object_component>
      <object_component id="oc-f4">
         <name>.text.GPIO_enableInt</name>
         <load_address>0x200102d4</load_address>
         <readonly>true</readonly>
         <executable>true</executable>
         <run_address>0x200102d4</run_address>
         <size>0x44</size>
         <alignment>0x4</alignment>
         <input_file_ref idref="fl-15"/>
      </object_component>
      <object_component id="oc-290">
         <name>.text.Power_releaseConstraint</name>
         <load_address>0x20010318</load_address>
         <readonly>true</readonly>
         <executable>true</executable>
         <run_address>0x20010318</run_address>
         <size>0x44</size>
         <alignment>0x4</alignment>
         <input_file_ref idref="fl-18"/>
      </object_component>
      <object_component id="oc-180">
         <name>.text.Timer_start</name>
         <load_address>0x2001035c</load_address>
         <readonly>true</readonly>
         <executable>true</executable>
         <run_address>0x2001035c</run_address>
         <size>0x44</size>
         <alignment>0x2</alignment>
         <input_file_ref idref="fl-1a"/>
      </object_component>
      <object_component id="oc-7d">
         <name>.text.addToList</name>
         <load_address>0x200103a0</load_address>
         <readonly>true</readonly>
         <executable>true</executable>
         <run_address>0x200103a0</run_address>
         <size>0x44</size>
         <alignment>0x4</alignment>
         <input_file_ref idref="fl-23"/>
      </object_component>
      <object_component id="oc-f8">
         <name>.text.snprintf</name>
         <load_address>0x200103e4</load_address>
         <readonly>true</readonly>
         <executable>true</executable>
         <run_address>0x200103e4</run_address>
         <size>0x44</size>
         <alignment>0x4</alignment>
         <input_file_ref idref="fl-42"/>
      </object_component>
      <object_component id="oc-128">
         <name>.text.PinModeSet</name>
         <load_address>0x20010428</load_address>
         <readonly>true</readonly>
         <executable>true</executable>
         <run_address>0x20010428</run_address>
         <size>0x42</size>
         <alignment>0x2</alignment>
         <input_file_ref idref="fl-2d"/>
      </object_component>
      <object_component id="oc-2b8">
         <name>.text.TimerControlStall</name>
         <load_address>0x2001046a</load_address>
         <readonly>true</readonly>
         <executable>true</executable>
         <run_address>0x2001046a</run_address>
         <size>0x42</size>
         <alignment>0x2</alignment>
         <input_file_ref idref="fl-31"/>
      </object_component>
      <object_component id="oc-211">
         <name>.text.Timer_close</name>
         <load_address>0x200104ac</load_address>
         <readonly>true</readonly>
         <executable>true</executable>
         <run_address>0x200104ac</run_address>
         <size>0x42</size>
         <alignment>0x2</alignment>
         <input_file_ref idref="fl-1b"/>
      </object_component>
      <object_component id="oc-23b">
         <name>.text.getCountsRTC</name>
         <load_address>0x200104ee</load_address>
         <readonly>true</readonly>
         <executable>true</executable>
         <run_address>0x200104ee</run_address>
         <size>0x42</size>
         <alignment>0x2</alignment>
         <input_file_ref idref="fl-25"/>
      </object_component>
      <object_component id="oc-13c">
         <name>.text.SemaphoreP_post</name>
         <load_address>0x20010530</load_address>
         <readonly>true</readonly>
         <executable>true</executable>
         <run_address>0x20010530</run_address>
         <size>0x40</size>
         <alignment>0x4</alignment>
         <input_file_ref idref="fl-22"/>
      </object_component>
      <object_component id="oc-2ae">
         <name>.text.Timer_stop</name>
         <load_address>0x20010570</load_address>
         <readonly>true</readonly>
         <executable>true</executable>
         <run_address>0x20010570</run_address>
         <size>0x40</size>
         <alignment>0x2</alignment>
         <input_file_ref idref="fl-1a"/>
      </object_component>
      <object_component id="oc-2c8">
         <name>.text.atoi</name>
         <load_address>0x200105b0</load_address>
         <readonly>true</readonly>
         <executable>true</executable>
         <run_address>0x200105b0</run_address>
         <size>0x40</size>
         <alignment>0x4</alignment>
         <input_file_ref idref="fl-54"/>
      </object_component>
      <object_component id="oc-31b">
         <name>.text.uDMAChannelControlSet</name>
         <load_address>0x200105f0</load_address>
         <readonly>true</readonly>
         <executable>true</executable>
         <run_address>0x200105f0</run_address>
         <size>0x40</size>
         <alignment>0x2</alignment>
         <input_file_ref idref="fl-33"/>
      </object_component>
      <object_component id="oc-36c">
         <name>.text.PinDirModeSet</name>
         <load_address>0x20010630</load_address>
         <readonly>true</readonly>
         <executable>true</executable>
         <run_address>0x20010630</run_address>
         <size>0x3e</size>
         <alignment>0x2</alignment>
         <input_file_ref idref="fl-2d"/>
      </object_component>
      <object_component id="oc-54">
         <name>.text.nmiISR</name>
         <load_address>0x2001066e</load_address>
         <readonly>true</readonly>
         <executable>true</executable>
         <run_address>0x2001066e</run_address>
         <size>0x2</size>
         <alignment>0x2</alignment>
         <input_file_ref idref="fl-26"/>
      </object_component>
      <object_component id="oc-253">
         <name>.text.ClockP_stop</name>
         <load_address>0x20010670</load_address>
         <readonly>true</readonly>
         <executable>true</executable>
         <run_address>0x20010670</run_address>
         <size>0x3c</size>
         <alignment>0x4</alignment>
         <input_file_ref idref="fl-23"/>
      </object_component>
      <object_component id="oc-1e2">
         <name>.text.UDMACC32XX_init</name>
         <load_address>0x200106ac</load_address>
         <readonly>true</readonly>
         <executable>true</executable>
         <run_address>0x200106ac</run_address>
         <size>0x3c</size>
         <alignment>0x4</alignment>
         <input_file_ref idref="fl-20"/>
      </object_component>
      <object_component id="oc-f6">
         <name>.text.initTimer</name>
         <load_address>0x200106e8</load_address>
         <readonly>true</readonly>
         <executable>true</executable>
         <run_address>0x200106e8</run_address>
         <size>0x3c</size>
         <alignment>0x4</alignment>
         <input_file_ref idref="fl-1"/>
      </object_component>
      <object_component id="oc-21b">
         <name>.text.TimerSupport_timerEnable</name>
         <load_address>0x20010724</load_address>
         <readonly>true</readonly>
         <executable>true</executable>
         <run_address>0x20010724</run_address>
         <size>0x3a</size>
         <alignment>0x2</alignment>
         <input_file_ref idref="fl-1b"/>
      </object_component>
      <object_component id="oc-1c8">
         <name>.text.ClockP_destruct</name>
         <load_address>0x20010760</load_address>
         <readonly>true</readonly>
         <executable>true</executable>
         <run_address>0x20010760</run_address>
         <size>0x38</size>
         <alignment>0x4</alignment>
         <input_file_ref idref="fl-23"/>
      </object_component>
      <object_component id="oc-2bd">
         <name>.text.Power_setConstraint</name>
         <load_address>0x20010798</load_address>
         <readonly>true</readonly>
         <executable>true</executable>
         <run_address>0x20010798</run_address>
         <size>0x38</size>
         <alignment>0x4</alignment>
         <input_file_ref idref="fl-18"/>
      </object_component>
      <object_component id="oc-2e0">
         <name>.text.RingBuf_putAdvance</name>
         <load_address>0x200107d0</load_address>
         <readonly>true</readonly>
         <executable>true</executable>
         <run_address>0x200107d0</run_address>
         <size>0x38</size>
         <alignment>0x2</alignment>
         <input_file_ref idref="fl-1f"/>
      </object_component>
      <object_component id="oc-24c">
         <name>.text.SwiP_restore</name>
         <load_address>0x20010808</load_address>
         <readonly>true</readonly>
         <executable>true</executable>
         <run_address>0x20010808</run_address>
         <size>0x38</size>
         <alignment>0x4</alignment>
         <input_file_ref idref="fl-27"/>
      </object_component>
      <object_component id="oc-282">
         <name>.text.UDMACC32XX_close</name>
         <load_address>0x20010840</load_address>
         <readonly>true</readonly>
         <executable>true</executable>
         <run_address>0x20010840</run_address>
         <size>0x38</size>
         <alignment>0x4</alignment>
         <input_file_ref idref="fl-20"/>
      </object_component>
      <object_component id="oc-ed">
         <name>.text.initUART</name>
         <load_address>0x20010878</load_address>
         <readonly>true</readonly>
         <executable>true</executable>
         <run_address>0x20010878</run_address>
         <size>0x38</size>
         <alignment>0x4</alignment>
         <input_file_ref idref="fl-1"/>
      </object_component>
      <object_component id="oc-bf">
         <name>.text:__TI_auto_init_nobinit_nopinit</name>
         <load_address>0x200108b0</load_address>
         <readonly>true</readonly>
         <executable>true</executable>
         <run_address>0x200108b0</run_address>
         <size>0x38</size>
         <alignment>0x4</alignment>
         <input_file_ref idref="fl-46"/>
      </object_component>
      <object_component id="oc-2f7">
         <name>.text.PinLock</name>
         <load_address>0x200108e8</load_address>
         <readonly>true</readonly>
         <executable>true</executable>
         <run_address>0x200108e8</run_address>
         <size>0x36</size>
         <alignment>0x2</alignment>
         <input_file_ref idref="fl-2d"/>
      </object_component>
      <object_component id="oc-218">
         <name>.text.TimerCC32XX_hwiIntFunction</name>
         <load_address>0x2001091e</load_address>
         <readonly>true</readonly>
         <executable>true</executable>
         <run_address>0x2001091e</run_address>
         <size>0x36</size>
         <alignment>0x2</alignment>
         <input_file_ref idref="fl-1b"/>
      </object_component>
      <object_component id="oc-35e">
         <name>.text.UARTCharPutNonBlocking</name>
         <load_address>0x20010954</load_address>
         <readonly>true</readonly>
         <executable>true</executable>
         <run_address>0x20010954</run_address>
         <size>0x36</size>
         <alignment>0x2</alignment>
         <input_file_ref idref="fl-32"/>
      </object_component>
      <object_component id="oc-1c5">
         <name>.text.ClockP_start</name>
         <load_address>0x2001098c</load_address>
         <readonly>true</readonly>
         <executable>true</executable>
         <run_address>0x2001098c</run_address>
         <size>0x34</size>
         <alignment>0x4</alignment>
         <input_file_ref idref="fl-23"/>
      </object_component>
      <object_component id="oc-322">
         <name>.text.I2CFIFODataPutNonBlocking</name>
         <load_address>0x200109c0</load_address>
         <readonly>true</readonly>
         <executable>true</executable>
         <run_address>0x200109c0</run_address>
         <size>0x34</size>
         <alignment>0x2</alignment>
         <input_file_ref idref="fl-2b"/>
      </object_component>
      <object_component id="oc-36b">
         <name>.text.PinDirModeGet</name>
         <load_address>0x200109f4</load_address>
         <readonly>true</readonly>
         <executable>true</executable>
         <run_address>0x200109f4</run_address>
         <size>0x34</size>
         <alignment>0x2</alignment>
         <input_file_ref idref="fl-2d"/>
      </object_component>
      <object_component id="oc-123">
         <name>.text.PinModeGet</name>
         <load_address>0x20010a28</load_address>
         <readonly>true</readonly>
         <executable>true</executable>
         <run_address>0x20010a28</run_address>
         <size>0x34</size>
         <alignment>0x2</alignment>
         <input_file_ref idref="fl-2d"/>
      </object_component>
      <object_component id="oc-2f5">
         <name>.text.PowerCC32XX_parkPin</name>
         <load_address>0x20010a5c</load_address>
         <readonly>true</readonly>
         <executable>true</executable>
         <run_address>0x20010a5c</run_address>
         <size>0x34</size>
         <alignment>0x2</alignment>
         <input_file_ref idref="fl-18"/>
      </object_component>
      <object_component id="oc-2b0">
         <name>.text.TimerCC32XX_freeTimerResource</name>
         <load_address>0x20010a90</load_address>
         <readonly>true</readonly>
         <executable>true</executable>
         <run_address>0x20010a90</run_address>
         <size>0x34</size>
         <alignment>0x4</alignment>
         <input_file_ref idref="fl-1b"/>
      </object_component>
      <object_component id="oc-27e">
         <name>.text.UART2_rxDisable</name>
         <load_address>0x20010ac4</load_address>
         <readonly>true</readonly>
         <executable>true</executable>
         <run_address>0x20010ac4</run_address>
         <size>0x34</size>
         <alignment>0x2</alignment>
         <input_file_ref idref="fl-1c"/>
      </object_component>
      <object_component id="oc-4f">
[...]
         <object_component_ref idref="oc-286"/>
      </symbol>
      <symbol id="sm-52f">
         <name>PinTypeI2C</name>
         <value>0x200111e9</value>
         <object_component_ref idref="oc-1fc"/>
      </symbol>
      <symbol id="sm-530">
         <name>PinTypeUART</name>
         <value>0x200112a9</value>
         <object_component_ref idref="oc-259"/>
      </symbol>
      <symbol id="sm-531">
         <name>PinUnlock</name>
         <value>0x20011163</value>
         <object_component_ref idref="oc-2fd"/>
      </symbol>
      <symbol id="sm-5e3">
         <name>PRCMCC3200MCUInit</name>
         <value>0x2000c8ad</value>
         <object_component_ref idref="oc-d2"/>
      </symbol>
      <symbol id="sm-5e4">
         <name>PRCMHIBRegRead</name>
         <value>0x2001143f</value>
         <object_component_ref idref="oc-11f"/>
      </symbol>
      <symbol id="sm-5e5">
         <name>PRCMHIBRegWrite</name>
         <value>0x20011459</value>
         <object_component_ref idref="oc-11e"/>
      </symbol>
      <symbol id="sm-5e6">
         <name>PRCMHibernateWakeUpGPIOSelect</name>
         <value>0x2000f3b9</value>
         <object_component_ref idref="oc-1b3"/>
      </symbol>
      <symbol id="sm-5e7">
         <name>PRCMHibernateWakeupSourceDisable</name>
         <value>0x2000fa49</value>
         <object_component_ref idref="oc-1b5"/>
      </symbol>
      <symbol id="sm-5e8">
         <name>PRCMHibernateWakeupSourceEnable</name>
         <value>0x2000fd5d</value>
         <object_component_ref idref="oc-1b4"/>
      </symbol>
      <symbol id="sm-5e9">
         <name>PRCMIntEnable</name>
         <value>0x20010059</value>
         <object_component_ref idref="oc-2fc"/>
      </symbol>
      <symbol id="sm-5ea">
         <name>PRCMLPDSEnter</name>
         <value>0x2000fc0d</value>
         <object_component_ref idref="oc-302"/>
      </symbol>
      <symbol id="sm-5eb">
         <name>PRCMLPDSEnterKeepDebugIf</name>
         <value>0x200101bf</value>
         <object_component_ref idref="oc-301"/>
      </symbol>
      <symbol id="sm-5ec">
         <name>PRCMLPDSIntervalSet</name>
         <value>0x20010b8d</value>
         <object_component_ref idref="oc-245"/>
      </symbol>
      <symbol id="sm-5ed">
         <name>PRCMLPDSRestoreInfoSet</name>
         <value>0x2000fe99</value>
         <object_component_ref idref="oc-36d"/>
      </symbol>
      <symbol id="sm-5ee">
         <name>PRCMLPDSWakeUpGPIOSelect</name>
         <value>0x20010e15</value>
         <object_component_ref idref="oc-1b2"/>
      </symbol>
      <symbol id="sm-5ef">
         <name>PRCMLPDSWakeupCauseGet</name>
         <value>0x200119f1</value>
         <object_component_ref idref="oc-2ff"/>
      </symbol>
      <symbol id="sm-5f0">
         <name>PRCMLPDSWakeupSourceDisable</name>
         <value>0x20011473</value>
         <object_component_ref idref="oc-1b1"/>
      </symbol>
      <symbol id="sm-5f1">
         <name>PRCMLPDSWakeupSourceEnable</name>
         <value>0x20011069</value>
         <object_component_ref idref="oc-1b0"/>
      </symbol>
      <symbol id="sm-5f2">
         <name>PRCMPeripheralClkDisable</name>
         <value>0x20010e3f</value>
         <object_component_ref idref="oc-122"/>
      </symbol>
      <symbol id="sm-5f3">
         <name>PRCMPeripheralClkEnable</name>
         <value>0x2000fb01</value>
         <object_component_ref idref="oc-120"/>
      </symbol>
      <symbol id="sm-5f4">
         <name>PRCMPeripheralReset</name>
         <value>0x2000f72d</value>
         <object_component_ref idref="oc-121"/>
      </symbol>
      <symbol id="sm-5f5">
         <name>PRCMPeripheralStatusGet</name>
         <value>0x200100a1</value>
         <object_component_ref idref="oc-229"/>
      </symbol>
      <symbol id="sm-5f6">
         <name>PRCMSRAMRetentionEnable</name>
         <value>0x20010f5b</value>
         <object_component_ref idref="oc-2f4"/>
      </symbol>
      <symbol id="sm-5f7">
         <name>PRCMSleepEnter</name>
         <value>0x20011ad9</value>
         <object_component_ref idref="oc-24b"/>
      </symbol>
      <symbol id="sm-5f8">
         <name>PRCMSlowClkCtrFastGet</name>
         <value>0x20010bbd</value>
         <object_component_ref idref="oc-2eb"/>
      </symbol>
      <symbol id="sm-5f9">
         <name>PRCMSysResetCauseGet</name>
         <value>0x2000f139</value>
         <object_component_ref idref="oc-119"/>
      </symbol>
      <symbol id="sm-617">
         <name>SysTickEnable</name>
         <value>0x200117bf</value>
         <object_component_ref idref="oc-249"/>
      </symbol>
      <symbol id="sm-618">
         <name>SysTickIntDisable</name>
         <value>0x200117d1</value>
         <object_component_ref idref="oc-240"/>
      </symbol>
      <symbol id="sm-619">
         <name>SysTickIntEnable</name>
         <value>0x200117e3</value>
         <object_component_ref idref="oc-24a"/>
      </symbol>
      <symbol id="sm-61a">
         <name>SysTickPeriodSet</name>
         <value>0x20011591</value>
         <object_component_ref idref="oc-248"/>
      </symbol>
      <symbol id="sm-659">
         <name>TimerControlStall</name>
         <value>0x2001046b</value>
         <object_component_ref idref="oc-2b8"/>
      </symbol>
      <symbol id="sm-65a">
         <name>TimerDisable</name>
         <value>0x20011289</value>
         <object_component_ref idref="oc-2b1"/>
      </symbol>
      <symbol id="sm-65b">
         <name>TimerEnable</name>
         <value>0x200114a7</value>
         <object_component_ref idref="oc-2be"/>
      </symbol>
      <symbol id="sm-65c">
         <name>TimerIntClear</name>
         <value>0x200118a9</value>
         <object_component_ref idref="oc-2bb"/>
      </symbol>
      <symbol id="sm-65d">
         <name>TimerIntDisable</name>
         <value>0x200115a7</value>
         <object_component_ref idref="oc-37a"/>
      </symbol>
      <symbol id="sm-65e">
         <name>TimerIntEnable</name>
         <value>0x200116b5</value>
         <object_component_ref idref="oc-2bc"/>
      </symbol>
      <symbol id="sm-65f">
         <name>TimerLoadSet</name>
         <value>0x20010bed</value>
         <object_component_ref idref="oc-2b7"/>
      </symbol>
      <symbol id="sm-660">
         <name>TimerPrescaleSet</name>
         <value>0x20010c1d</value>
         <object_component_ref idref="oc-2b6"/>
      </symbol>
      <symbol id="sm-6ca">
         <name>UARTBusy</name>
         <value>0x200118d9</value>
         <object_component_ref idref="oc-35f"/>
      </symbol>
      <symbol id="sm-6cb">
         <name>UARTCharPutNonBlocking</name>
         <value>0x20010955</value>
         <object_component_ref idref="oc-35e"/>
      </symbol>
      <symbol id="sm-6cc">
         <name>UARTCharsAvail</name>
         <value>0x200115bd</value>
         <object_component_ref idref="oc-28e"/>
      </symbol>
      <symbol id="sm-6cd">
         <name>UARTConfigSetExpClk</name>
         <value>0x2000f42d</value>
         <object_component_ref idref="oc-266"/>
      </symbol>
      <symbol id="sm-6ce">
         <name>UARTDMADisable</name>
         <value>0x200115d3</value>
         <object_component_ref idref="oc-27d"/>
      </symbol>
      <symbol id="sm-6cf">
         <name>UARTDMAEnable</name>
         <value>0x200116c9</value>
         <object_component_ref idref="oc-31e"/>
      </symbol>
      <symbol id="sm-6d0">
         <name>UARTDisable</name>
         <value>0x20010d37</value>
         <object_component_ref idref="oc-27f"/>
      </symbol>
      <symbol id="sm-6d1">
         <name>UARTEnable</name>
         <value>0x200112e5</value>
         <object_component_ref idref="oc-26c"/>
      </symbol>
      <symbol id="sm-6d2">
         <name>UARTFIFOLevelSet</name>
         <value>0x200115e9</value>
         <object_component_ref idref="oc-26e"/>
      </symbol>
      <symbol id="sm-6d3">
         <name>UARTFlowControlSet</name>
         <value>0x200114c1</value>
         <object_component_ref idref="oc-26f"/>
      </symbol>
      <symbol id="sm-6d4">
         <name>UARTIntClear</name>
         <value>0x200118e9</value>
         <object_component_ref idref="oc-26b"/>
      </symbol>
      <symbol id="sm-6d5">
         <name>UARTIntDisable</name>
         <value>0x200115ff</value>
         <object_component_ref idref="oc-27c"/>
      </symbol>
      <symbol id="sm-6d6">
         <name>UARTIntEnable</name>
         <value>0x200116dd</value>
         <object_component_ref idref="oc-26d"/>
      </symbol>
      <symbol id="sm-6d7">
         <name>UARTIntStatus</name>
         <value>0x20010e69</value>
         <object_component_ref idref="oc-289"/>
      </symbol>
      <symbol id="sm-6d8">
         <name>UARTRxErrorGet</name>
         <value>0x200118f9</value>
         <object_component_ref idref="oc-28b"/>
      </symbol>
      <symbol id="sm-731">
         <name>uDMAChannelAssign</name>
         <value>0x2000fdfd</value>
         <object_component_ref idref="oc-270"/>
      </symbol>
      <symbol id="sm-732">
         <name>uDMAChannelAttributeDisable</name>
         <value>0x2000f017</value>
         <object_component_ref idref="oc-271"/>
      </symbol>
      <symbol id="sm-733">
         <name>uDMAChannelControlSet</name>
         <value>0x200105f1</value>
         <object_component_ref idref="oc-31b"/>
      </symbol>
      <symbol id="sm-734">
         <name>uDMAChannelDisable</name>
         <value>0x20011321</value>
         <object_component_ref idref="oc-317"/>
      </symbol>
      <symbol id="sm-735">
         <name>uDMAChannelEnable</name>
         <value>0x2001133f</value>
         <object_component_ref idref="oc-31d"/>
      </symbol>
      <symbol id="sm-736">
         <name>uDMAChannelIsEnabled</name>
         <value>0x2001135d</value>
         <object_component_ref idref="oc-28c"/>
      </symbol>
      <symbol id="sm-737">
         <name>uDMAChannelSizeGet</name>
         <value>0x2000ffc5</value>
         <object_component_ref idref="oc-318"/>
      </symbol>
      <symbol id="sm-738">
         <name>uDMAChannelTransferSet</name>
         <value>0x2000e1cb</value>
         <object_component_ref idref="oc-31c"/>
      </symbol>
      <symbol id="sm-739">
         <name>uDMAControlBaseSet</name>
         <value>0x20011719</value>
         <object_component_ref idref="oc-263"/>
      </symbol>
      <symbol id="sm-73a">
         <name>uDMAEnable</name>
         <value>0x20011971</value>
         <object_component_ref idref="oc-25e"/>
      </symbol>
      <symbol id="sm-73b">
         <name>uDMAErrorStatusClear</name>
         <value>0x2001197f</value>
         <object_component_ref idref="oc-38e"/>
      </symbol>
      <symbol id="sm-73c">
         <name>uDMAErrorStatusGet</name>
         <value>0x20011a5d</value>
         <object_component_ref idref="oc-38d"/>
      </symbol>
      <symbol id="sm-73d">
         <name>uDMAIntClear</name>
         <value>0x2001172d</value>
         <object_component_ref idref="oc-319"/>
      </symbol>
      <symbol id="sm-748">
         <name>UtilsDelay</name>
         <value>0x20011ae1</value>
         <object_component_ref idref="oc-11a"/>
      </symbol>
      <symbol id="sm-775">
         <name>FlashDisable</name>
         <value>0x2000f991</value>
         <object_component_ref idref="oc-36f"/>
      </symbol>
      <symbol id="sm-786">
         <name>snprintf</name>
         <value>0x200103e5</value>
         <object_component_ref idref="oc-f8"/>
      </symbol>
      <symbol id="sm-7a6">
         <name>malloc</name>
         <value>0x20011af9</value>
         <object_component_ref idref="oc-22a"/>
      </symbol>
      <symbol id="sm-7a7">
         <name>aligned_alloc</name>
         <value>0x2000df91</value>
         <object_component_ref idref="oc-2e5"/>
      </symbol>
      <symbol id="sm-7a8">
         <name>free</name>
         <value>0x2000e3d9</value>
         <object_component_ref idref="oc-1c2"/>
      </symbol>
      <symbol id="sm-7a9">
         <name>_sys_memory</name>
         <value>0x20004040</value>
         <object_component_ref idref="oc-31"/>
      </symbol>
      <symbol id="sm-7aa">
         <name>memalign</name>
         <value>0x2000df91</value>
         <object_component_ref idref="oc-2e5"/>
      </symbol>
      <symbol id="sm-7b5">
         <name>_c_int00_noargs</name>
         <value>0x2001111d</value>
         <object_component_ref idref="oc-76"/>
      </symbol>
      <symbol id="sm-7b6">
         <name>__stack</name>
         <value>0x20003000</value>
         <object_component_ref idref="oc-16"/>
      </symbol>
      <symbol id="sm-7c2">
         <name>__TI_auto_init_nobinit_nopinit</name>
         <value>0x200108b1</value>
         <object_component_ref idref="oc-bf"/>
      </symbol>
      <symbol id="sm-7ca">
         <name>_system_pre_init</name>
         <value>0x20011b3d</value>
         <object_component_ref idref="oc-8b"/>
      </symbol>
      <symbol id="sm-7d5">
         <name>__TI_zero_init</name>
         <value>0x20011929</value>
         <object_component_ref idref="oc-49"/>
      </symbol>
      <symbol id="sm-7de">
         <name>__TI_decompress_none</name>
         <value>0x2001199b</value>
         <object_component_ref idref="oc-1c"/>
      </symbol>
      <symbol id="sm-7e8">
         <name>__TI_decompress_lzss</name>
         <value>0x2000f4a1</value>
         <object_component_ref idref="oc-18"/>
      </symbol>
      <symbol id="sm-808">
         <name>__TI_printfi_nofloat</name>
         <value>0x2000c041</value>
         <object_component_ref idref="oc-225"/>
      </symbol>
      <symbol id="sm-811">
         <name>wcslen</name>
         <value>0x20011919</value>
         <object_component_ref idref="oc-2cc"/>
      </symbol>
      <symbol id="sm-81c">
         <name>__aeabi_errno_addr</name>
         <value>0x20011ae9</value>
         <object_component_ref idref="oc-2d0"/>
      </symbol>
      <symbol id="sm-81d">
         <name>__aeabi_errno</name>
         <value>0x20013370</value>
         <object_component_ref idref="oc-336"/>
      </symbol>
      <symbol id="sm-827">
         <name>abort</name>
         <value>0x20011b41</value>
         <object_component_ref idref="oc-b8"/>
      </symbol>
      <symbol id="sm-828">
         <name>C$$EXIT</name>
         <value>0x20011b40</value>
         <object_component_ref idref="oc-b8"/>
      </symbol>
      <symbol id="sm-831">
         <name>_nop</name>
         <value>0x2000fb5b</value>
         <object_component_ref idref="oc-1a1"/>
      </symbol>
      <symbol id="sm-832">
         <name>_lock</name>
         <value>0x20013374</value>
         <object_component_ref idref="oc-10f"/>
      </symbol>
      <symbol id="sm-833">
         <name>_unlock</name>
         <value>0x20013378</value>
         <object_component_ref idref="oc-112"/>
      </symbol>
      <symbol id="sm-840">
         <name>atoi</name>
         <value>0x200105b1</value>
         <object_component_ref idref="oc-2c8"/>
      </symbol>
      <symbol id="sm-84a">
         <name>memccpy</name>
         <value>0x20011303</value>
         <object_component_ref idref="oc-2c1"/>
      </symbol>
      <symbol id="sm-852">
         <name>__aeabi_ctype_table_</name>
         <value>0x20012610</value>
         <object_component_ref idref="oc-32f"/>
      </symbol>
      <symbol id="sm-853">
         <name>__aeabi_ctype_table_C</name>
         <value>0x20012610</value>
         <object_component_ref idref="oc-32f"/>
      </symbol>
      <symbol id="sm-86b">
         <name>__aeabi_dmul</name>
         <value>0x2000e2dd</value>
         <object_component_ref idref="oc-186"/>
      </symbol>
      <symbol id="sm-86c">
         <name>__muldf3</name>
         <value>0x2000e2dd</value>
         <object_component_ref idref="oc-186"/>
      </symbol>
      <symbol id="sm-872">
         <name>__aeabi_d2iz</name>
         <value>0x20010131</value>
         <object_component_ref idref="oc-18a"/>
      </symbol>
      <symbol id="sm-873">
         <name>__fixdfsi</name>
         <value>0x20010131</value>
         <object_component_ref idref="oc-18a"/>
      </symbol>
      <symbol id="sm-879">
         <name>__aeabi_i2d</name>
         <value>0x20010d65</value>
         <object_component_ref idref="oc-182"/>
      </symbol>
      <symbol id="sm-87a">
         <name>__floatsidf</name>
         <value>0x20010d65</value>
         <object_component_ref idref="oc-182"/>
      </symbol>
      <symbol id="sm-880">
         <name>__aeabi_memcpy</name>
         <value>0x20011b39</value>
         <object_component_ref idref="oc-3c"/>
      </symbol>
      <symbol id="sm-881">
         <name>__aeabi_memcpy4</name>
         <value>0x20011b39</value>
         <object_component_ref idref="oc-3c"/>
      </symbol>
      <symbol id="sm-882">
         <name>__aeabi_memcpy8</name>
         <value>0x20011b39</value>
         <object_component_ref idref="oc-3c"/>
      </symbol>
      <symbol id="sm-88b">
         <name>__aeabi_memset</name>
         <value>0x20011aa5</value>
         <object_component_ref idref="oc-2c0"/>
      </symbol>
      <symbol id="sm-88c">
         <name>__aeabi_memset4</name>
         <value>0x20011aa5</value>
         <object_component_ref idref="oc-2c0"/>
      </symbol>
      <symbol id="sm-88d">
         <name>__aeabi_memset8</name>
         <value>0x20011aa5</value>
         <object_component_ref idref="oc-2c0"/>
      </symbol>
      <symbol id="sm-88e">
         <name>__aeabi_memclr</name>
         <value>0x20011af1</value>
         <object_component_ref idref="oc-67"/>
      </symbol>
      <symbol id="sm-88f">
         <name>__aeabi_memclr4</name>
         <value>0x20011af1</value>
         <object_component_ref idref="oc-67"/>
      </symbol>
      <symbol id="sm-890">
         <name>__aeabi_memclr8</name>
         <value>0x20011af1</value>
         <object_component_ref idref="oc-67"/>
      </symbol>
      <symbol id="sm-896">
         <name>__aeabi_uldivmod</name>
         <value>0x200116f1</value>
         <object_component_ref idref="oc-23c"/>
      </symbol>
      <symbol id="sm-89c">
         <name>__udivmoddi4</name>
         <value>0x2000ea71</value>
         <object_component_ref idref="oc-2ec"/>
      </symbol>
      <symbol id="sm-8a7">
         <name>__aeabi_ldiv0</name>
         <value>0x2000f8cf</value>
         <object_component_ref idref="oc-363"/>
      </symbol>
      <symbol id="sm-8b0">
         <name>TI_memcpy_small</name>
         <value>0x20011807</value>
         <object_component_ref idref="oc-81"/>
      </symbol>
      <symbol id="sm-8b8">
         <name>TI_memset_small</name>
         <value>0x2001198d</value>
         <object_component_ref idref="oc-9e"/>
      </symbol>
      <symbol id="sm-8b9">
         <name>__TI_static_base__</name>
         <value>0x20013384</value>
      </symbol>
      <symbol id="sm-8bc">
         <name>ITM_flush</name>
         <value>0x0</value>
      </symbol>
      <symbol id="sm-8bd">
         <name>ITM_restore</name>
         <value>0x0</value>
      </symbol>
      <symbol id="sm-8be">
         <name>__mpu_init</name>
         <value>0x0</value>
      </symbol>
      <symbol id="sm-8bf">
         <name>_system_post_cinit</name>
         <value>0x0</value>
      </symbol>
   </symbol_table>
   <title>Link successful</title>
</link_info>
