******************************************************************************
            TI ARM Clang Linker PC v3.2.0                      
******************************************************************************
>> Linked Sun Dec 17 17:07:03 2023

OUTPUT FILE NAME:   <gpiointerrupt_CC3220S_LAUNCHXL_nortos_ticlang.out>
ENTRY POINT SYMBOL: "resetISR"  address: 20011409


MEMORY CONFIGURATION

         name            origin    length      used     unused   attr    fill
----------------------  --------  ---------  --------  --------  ----  --------
  SRAM2                 20000000   00004000  0000130c  00002cf4  RW X
  SRAM                  20004000   0003c000  0000f3d1  0002cc2f  RW X
  LOG_DATA              90000000   00040000  00000000  00040000  R   
  LOG_PTR               94000008   00040000  00000000  00040000  R   


SEGMENT ALLOCATION MAP

run origin  load origin   length   init length attrs members
----------  ----------- ---------- ----------- ----- -------
20003000    20003000    00001000   00000000    rw-
  20003000    20003000    00001000   00000000    rw- .stack
20004000    20004000    00000040   00000040    r--
  20004000    20004000    00000040   00000040    r-- .resetVecs
20004040    20004040    00008000   00000000    rw-
  20004040    20004040    00008000   00000000    rw- .sysmem
2000c040    2000c040    00005b04   00005b04    r-x
  2000c040    2000c040    00005b04   00005b04    r-x .text
20011c00    20011c00    00000a0f   00000000    rw-
  20011c00    20011c00    00000a0f   00000000    rw- .bss
20012610    20012610    000006c5   000006c5    r--
  20012610    20012610    000006c5   000006c5    r-- .rodata
20012cd8    20012cd8    000006a9   00000000    rw-
  20012cd8    20012cd8    000006a9   00000000    rw- .data
20013384    20013384    00000110   00000110    r--
  20013384    20013384    00000110   00000110    r-- .cinit


SECTION ALLOCATION MAP

 output                                  attributes/
section   page    origin      length       input sections
--------  ----  ----------  ----------   ----------------
.text      0    2000c040    00005b04     
                  2000c040    0000086c     libc.a : _printfi.c.obj (.text:__TI_printfi_nofloat)
                  2000c8ac    000004b8     driverlib.a : prcm.obj (.text.PRCMCC3200MCUInit)
                  2000cd64    000003e4     drivers_cc32xx.a : PowerCC32XX.c.obj (.text.Power_sleep)
                  2000d148    00000222                      : UART2CC32XX.c.obj (.text.UART2CC32XX_hwiIntFxn)
                  2000d36a    00000002     ti_drivers_config.o (.text.Board_initHook)
                  2000d36c    000001cc     drivers_cc32xx.a : UART2CC32XX.c.obj (.text.UART2_open)
                  2000d538    00000178     gpiointerrupt.o (.text.initI2C)
                  2000d6b0    00000174     drivers_cc32xx.a : UART2.c.obj (.text.UART2_writeTimeoutBlocking)
                  2000d824    00000150     nortos_cc32xx.a : PowerCC32XX_nortos.c.obj (.text.PowerCC32XX_sleepPolicy)
                  2000d974    00000148     drivers_cc32xx.a : TimerCC32XX.c.obj (.text.Timer_open)
                  2000dabc    00000140                      : GPIOCC32XX.c.obj (.text.GPIO_setConfig)
                  2000dbfc    00000138                      : I2CCC32XX.c.obj (.text.I2CCC32XX_hwiFxn)
                  2000dd34    00000134     gpiointerrupt.o (.text.mainThread)
                  2000de68    00000126     drivers_cc32xx.a : I2C.c.obj (.text.I2C_transferTimeout)
                  2000df8e    00000002                      : I2C.c.obj (.text.I2C_init)
                  2000df90    00000120     libc.a : memory.c.obj (.text.aligned_alloc)
                  2000e0b0    0000011a     drivers_cc32xx.a : UART2.c.obj (.text.UART2_writeTimeoutNonblocking)
                  2000e1ca    00000112     driverlib.a : udma.obj (.text.uDMAChannelTransferSet)
                  2000e2dc    000000fc     libclang_rt.builtins.a : muldf3.S.obj (.text.__muldf3)
                  2000e3d8    000000f0     libc.a : memory.c.obj (.text.free)
                  2000e4c8    000000e8     drivers_cc32xx.a : I2CCC32XX.c.obj (.text.I2C_open)
                  2000e5b0    000000e8                      : UART2CC32XX.c.obj (.text.UART2_close)
                  2000e698    000000cc                      : UART2CC32XX.c.obj (.text.UART2Support_dmaStartRx)
                  2000e764    000000c8     driverlib.a : interrupt.obj (.text.IntDisable)
                  2000e82c    000000c8                 : interrupt.obj (.text.IntEnable)
                  2000e8f4    000000c4     drivers_cc32xx.a : UART2CC32XX.c.obj (.text.UART2CC32XX_initHw)
                  2000e9b8    000000b8                      : UART2CC32XX.c.obj (.text.UART2Support_dmaStartTx)
                  2000ea70    000000b0     libclang_rt.builtins.a : udivmoddi4.S.obj (.text)
                  2000eb20    000000ac     driverlib.a : gpio.obj (.text.GPIOIntTypeSet)
                  2000ebcc    000000a4                 : interrupt.obj (.text.IntPendSet)
                  2000ec70    000000a2                 : pin.obj (.text.PinConfigSet)
                  2000ed12    0000009c     drivers_cc32xx.a : I2CCC32XX.c.obj (.text.I2CCC32XX_completeTransfer)
                  2000edae    00000002     nortos_cc32xx.a : PowerCC32XX_nortos.c.obj (.text.PowerCC32XX_initPolicy)
                  2000edb0    0000009c     gpiointerrupt.o (.text.readTemp)
                  2000ee4c    00000098     driverlib.a : i2c.obj (.text.I2CMasterInitExpClk)
                  2000eee4    00000098     nortos_cc32xx.a : SemaphoreP_nortos.c.obj (.text.SemaphoreP_pend)
                  2000ef7c    00000004                     : ClockPSysTick_nortos.c.obj (.text.ClockP_doTick)
                  2000ef80    00000096     drivers_cc32xx.a : PowerCC32XX_ticlang.asm.obj (.text)
                  2000f016    00000092     driverlib.a : udma.obj (.text.uDMAChannelAttributeDisable)
                  2000f0a8    00000090     drivers_cc32xx.a : GPIOCC32XX.c.obj (.text.GPIO_init)
                  2000f138    0000008e     driverlib.a : prcm.obj (.text.PRCMSysResetCauseGet)
                  2000f1c6    00000002     nortos_cc32xx.a : SemaphoreP_nortos.c.obj (.text.SemaphoreP_destruct)
                  2000f1c8    00000088     drivers_cc32xx.a : PowerCC32XX.c.obj (.text.PowerCC32XX_configureWakeup)
                  2000f250    0000007a                      : I2CCC32XX.c.obj (.text.I2CCC32XX_primeReadBurst)
                  2000f2ca    00000002                      : Timer.c.obj (.text.Timer_init)
                  2000f2cc    00000078                      : PowerCC32XX.c.obj (.text.Power_init)
                  2000f344    00000074     nortos_cc32xx.a : HwiPCC32XX_nortos.c.obj (.text.HwiP_construct)
                  2000f3b8    00000074     driverlib.a : prcm.obj (.text.PRCMHibernateWakeUpGPIOSelect)
                  2000f42c    00000074                 : uart.obj (.text.UARTConfigSetExpClk)
                  2000f4a0    00000070     libc.a : copy_decompress_lzss.c.obj (.text:decompress:lzss)
                  2000f510    0000006c     driverlib.a : pin.obj (.text.PinLockLevelSet)
                  2000f57c    0000006c     drivers_cc32xx.a : PowerCC32XX.c.obj (.text.Power_setDependency)
                  2000f5e8    0000006c                      : UDMACC32XX.c.obj (.text.UDMACC32XX_open)
                  2000f654    0000006c                      : GPIOCC32XX.c.obj (.text.powerNotifyFxn)
                  2000f6c0    0000006c     libc.a : memory.c.obj (.text.split)
                  2000f72c    0000006a     driverlib.a : prcm.obj (.text.PRCMPeripheralReset)
                  2000f796    00000002     drivers_cc32xx.a : UART2CC32XX.c.obj (.text.UART2CC32XX_eventCallback)
                  2000f798    00000068                      : I2CCC32XX.c.obj (.text.I2CCC32XX_initHw)
                  2000f800    00000068     driverlib.a : interrupt.obj (.text.IntPendClear)
                  2000f868    00000066     drivers_cc32xx.a : I2CCC32XX.c.obj (.text.I2CCC32XX_primeWriteBurst)
                  2000f8ce    00000002     libclang_rt.builtins.a : aeabi_div0.c.obj (.text.__aeabi_ldiv0)
                  2000f8d0    00000060     drivers_cc32xx.a : GPIOCC32XX.c.obj (.text.GPIO_write)
                  2000f930    00000060                      : UART2CC32XX.c.obj (.text.UART2Support_dmaStopTx)
                  2000f990    0000005c     driverlib.a : flash.obj (.text.FlashDisable)
                  2000f9ec    0000005c     drivers_cc32xx.a : I2CCC32XX.c.obj (.text.I2CSupport_primeTransfer)
                  2000fa48    0000005c     driverlib.a : prcm.obj (.text.PRCMHibernateWakeupSourceDisable)
                  2000faa4    0000005c     drivers_cc32xx.a : TimerCC32XX.c.obj (.text.TimerCC32XX_allocateTimerResource)
                  2000fb00    0000005a     driverlib.a : prcm.obj (.text.PRCMPeripheralClkEnable)
                  2000fb5a    00000002     libc.a : _lock.c.obj (.text._nop)
                  2000fb5c    00000058     nortos_cc32xx.a : ClockPSysTick_nortos.c.obj (.text.ClockP_startup)
                  2000fbb4    00000058     driverlib.a : interrupt.obj (.text.IntPrioritySet)
                  2000fc0c    00000056                 : prcm.obj (.text.PRCMLPDSEnter)
                  2000fc62    00000002     nortos_cc32xx.a : startup_cc32xx_ticlang.c.obj (.text.busFaultHandler)
                  2000fc64    00000054     drivers_cc32xx.a : PowerCC32XX.c.obj (.text.PowerCC32XX_setParkState)
                  2000fcb8    00000054                      : PowerCC32XX.c.obj (.text.Power_releaseDependency)
                  2000fd0c    00000050                      : GPIOCC32XX.c.obj (.text.GPIO_hwiIntFxn)
                  2000fd5c    00000050     driverlib.a : prcm.obj (.text.PRCMHibernateWakeupSourceEnable)
                  2000fdac    00000050     nortos_cc32xx.a : SemaphoreP_nortos.c.obj (.text.SemaphoreP_construct)
                  2000fdfc    0000004e     driverlib.a : udma.obj (.text.uDMAChannelAssign)
                  2000fe4a    00000002     nortos_cc32xx.a : SemaphoreP_nortos.c.obj (.text.clkFxn)
                  2000fe4c    0000004c     drivers_cc32xx.a : GPIOCC32XX.c.obj (.text.GPIO_setInterruptConfig)
                  2000fe98    0000004c     driverlib.a : prcm.obj (.text.PRCMLPDSRestoreInfoSet)
                  2000fee4    0000004c     drivers_cc32xx.a : TimerCC32XX.c.obj (.text.initHw)
                  2000ff30    0000004a                      : UART2CC32XX.c.obj (.text.UART2Support_dmaStopRx)
                  2000ff7a    0000004a                      : TimerCC32XX.c.obj (.text.getPrescaler)
                  2000ffc4    0000004a     driverlib.a : udma.obj (.text.uDMAChannelSizeGet)
                  2001000e    00000002     nortos_cc32xx.a : startup_cc32xx_ticlang.c.obj (.text.defaultHandler)
                  20010010    00000048                     : ClockPSysTick_nortos.c.obj (.text.ClockP_sysTickHandler)
                  20010058    00000048     driverlib.a : prcm.obj (.text.PRCMIntEnable)
                  200100a0    00000048                 : prcm.obj (.text.PRCMPeripheralStatusGet)
                  200100e8    00000048                 : pin.obj (.text.PinConfigGet)
                  20010130    00000048     libclang_rt.builtins.a : fixdfsi.S.obj (.text.__fixdfsi)
                  20010178    00000046     drivers_cc32xx.a : I2CCC32XX.c.obj (.text.I2CCC32XX_fillTransmitFifo)
                  200101be    00000046     driverlib.a : prcm.obj (.text.PRCMLPDSEnterKeepDebugIf)
                  20010204    00000046     drivers_cc32xx.a : RingBuf.c.obj (.text.RingBuf_put)
                  2001024a    00000044     driverlib.a : gpio.obj (.text.GPIODirModeSet)
                  2001028e    00000002     nortos_cc32xx.a : startup_cc32xx_ticlang.c.obj (.text.faultISR)
                  20010290    00000044     drivers_cc32xx.a : GPIOCC32XX.c.obj (.text.GPIO_disableInt)
                  200102d4    00000044                      : GPIOCC32XX.c.obj (.text.GPIO_enableInt)
                  20010318    00000044                      : PowerCC32XX.c.obj (.text.Power_releaseConstraint)
                  2001035c    00000044                      : Timer.c.obj (.text.Timer_start)
                  200103a0    00000044     nortos_cc32xx.a : ClockPSysTick_nortos.c.obj (.text.addToList)
                  200103e4    00000044     libc.a : snprintf.c.obj (.text.snprintf)
                  20010428    00000042     driverlib.a : pin.obj (.text.PinModeSet)
                  2001046a    00000042                 : timer.obj (.text.TimerControlStall)
                  200104ac    00000042     drivers_cc32xx.a : TimerCC32XX.c.obj (.text.Timer_close)
                  200104ee    00000042     nortos_cc32xx.a : PowerCC32XX_nortos.c.obj (.text.getCountsRTC)
                  20010530    00000040                     : SemaphoreP_nortos.c.obj (.text.SemaphoreP_post)
                  20010570    00000040     drivers_cc32xx.a : Timer.c.obj (.text.Timer_stop)
                  200105b0    00000040     libc.a : atoi.c.obj (.text.atoi)
                  200105f0    00000040     driverlib.a : udma.obj (.text.uDMAChannelControlSet)
                  20010630    0000003e                 : pin.obj (.text.PinDirModeSet)
                  2001066e    00000002     nortos_cc32xx.a : startup_cc32xx_ticlang.c.obj (.text.nmiISR)
                  20010670    0000003c                     : ClockPSysTick_nortos.c.obj (.text.ClockP_stop)
                  200106ac    0000003c     drivers_cc32xx.a : UDMACC32XX.c.obj (.text.UDMACC32XX_init)
                  200106e8    0000003c     gpiointerrupt.o (.text.initTimer)
                  20010724    0000003a     drivers_cc32xx.a : TimerCC32XX.c.obj (.text.TimerSupport_timerEnable)
                  2001075e    00000002     --HOLE-- [fill = 0]
                  20010760    00000038     nortos_cc32xx.a : ClockPSysTick_nortos.c.obj (.text.ClockP_destruct)
                  20010798    00000038     drivers_cc32xx.a : PowerCC32XX.c.obj (.text.Power_setConstraint)
                  200107d0    00000038                      : RingBuf.c.obj (.text.RingBuf_putAdvance)
                  20010808    00000038     nortos_cc32xx.a : SwiP_nortos.c.obj (.text.SwiP_restore)
                  20010840    00000038     drivers_cc32xx.a : UDMACC32XX.c.obj (.text.UDMACC32XX_close)
                  20010878    00000038     gpiointerrupt.o (.text.initUART)
                  200108b0    00000038     libc.a : autoinit.c.obj (.text:__TI_auto_init_nobinit_nopinit)
                  200108e8    00000036     driverlib.a : pin.obj (.text.PinLock)
                  2001091e    00000036     drivers_cc32xx.a : TimerCC32XX.c.obj (.text.TimerCC32XX_hwiIntFunction)
                  20010954    00000036     driverlib.a : uart.obj (.text.UARTCharPutNonBlocking)
                  2001098a    00000002     --HOLE-- [fill = 0]
                  2001098c    00000034     nortos_cc32xx.a : ClockPSysTick_nortos.c.obj (.text.ClockP_start)
                  200109c0    00000034     driverlib.a : i2c.obj (.text.I2CFIFODataPutNonBlocking)
                  200109f4    00000034                 : pin.obj (.text.PinDirModeGet)
                  20010a28    00000034                 : pin.obj (.text.PinModeGet)
                  20010a5c    00000034     drivers_cc32xx.a : PowerCC32XX.c.obj (.text.PowerCC32XX_parkPin)
                  20010a90    00000034                      : TimerCC32XX.c.obj (.text.TimerCC32XX_freeTimerResource)
                  20010ac4    00000034                      : UART2.c.obj (.text.UART2_rxDisable)
                  20010af8    00000034     nortos_cc32xx.a : startup_cc32xx_ticlang.c.obj (.text.initVectors)
                  20010b2c    00000030                     : ClockPSysTick_nortos.c.obj (.text.ClockP_getTicksUntilInterrupt)
                  20010b5c    00000030     driverlib.a : i2c.obj (.text.I2CFIFODataGetNonBlocking)
                  20010b8c    00000030                 : prcm.obj (.text.PRCMLPDSIntervalSet)
                  20010bbc    00000030                 : prcm.obj (.text.PRCMSlowClkCtrFastGet)
                  20010bec    00000030                 : timer.obj (.text.TimerLoadSet)
                  20010c1c    00000030                 : timer.obj (.text.TimerPrescaleSet)
                  20010c4c    00000030     libc.a : snprintf.c.obj (.text._outs)
                  20010c7c    00000030     drivers_cc32xx.a : PowerCC32XX.c.obj (.text.notify)
                  20010cac    0000002e     driverlib.a : gpio.obj (.text.GPIOIntStatus)
                  20010cda    0000002e     drivers_cc32xx.a : RingBuf.c.obj (.text.RingBuf_getConsume)
                  20010d08    0000002e                      : RingBuf.c.obj (.text.RingBuf_putPointer)
                  20010d36    0000002e     driverlib.a : uart.obj (.text.UARTDisable)
                  20010d64    0000002e     libclang_rt.builtins.a : floatsidf.S.obj (.text.__floatsidf)
                  20010d92    0000002c     driverlib.a : i2c.obj (.text.I2CMasterIntStatusEx)
                  20010dbe    0000002c     drivers_cc32xx.a : UART2CC32XX.c.obj (.text.UART2CC32XX_getRxData)
                  20010dea    0000002a     nortos_cc32xx.a : HwiPCC32XX_nortos.c.obj (.text.HwiP_create)
                  20010e14    0000002a     driverlib.a : prcm.obj (.text.PRCMLPDSWakeUpGPIOSelect)
                  20010e3e    0000002a                 : prcm.obj (.text.PRCMPeripheralClkDisable)
                  20010e68    0000002a                 : uart.obj (.text.UARTIntStatus)
                  20010e92    00000028                 : i2c.obj (.text.I2CMasterBusBusy)
                  20010eba    00000028                 : i2c.obj (.text.I2CMasterSlaveAddrSet)
                  20010ee2    00000028                 : i2c.obj (.text.I2CTxFIFOConfigSet)
                  20010f0a    00000028     drivers_cc32xx.a : I2C.c.obj (.text.I2C_cancel)
                  20010f32    00000028                      : List.c.obj (.text.List_remove)
                  20010f5a    00000028     driverlib.a : prcm.obj (.text.PRCMSRAMRetentionEnable)
                  20010f82    00000002     --HOLE-- [fill = 0]
                  20010f84    00000028     drivers_cc32xx.a : PowerCC32XX.c.obj (.text.PowerCC32XX_getParkState)
                  20010fac    00000028                      : TimerCC32XX.c.obj (.text.TimerSupport_timerDisable)
                  20010fd4    00000028     libc.a : memory.c.obj (.text.free_list_insert)
                  20010ffc    00000024     driverlib.a : i2c.obj (.text.I2CRxFIFOConfigSet)
                  20011020    00000024                 : interrupt.obj (.text.IntUnregister)
                  20011044    00000024     drivers_cc32xx.a : List.c.obj (.text.List_put)
                  20011068    00000024     driverlib.a : prcm.obj (.text.PRCMLPDSWakeupSourceEnable)
                  2001108c    00000024     drivers_cc32xx.a : PowerCC32XX.c.obj (.text.PowerCC32XX_restoreParkState)
                  200110b0    00000024                      : PowerCC32XX.c.obj (.text.PowerCC32XX_restoreParkedPin)
                  200110d4    00000024                      : PowerCC32XX.c.obj (.text.Power_registerNotify)
                  200110f8    00000024                      : UART2CC32XX.c.obj (.text.UART2Support_disableRx)
                  2001111c    00000024     libc.a : boot_cortex_m.c.obj (.text:_c_int00_noargs)
                  20011140    00000022     driverlib.a : gpio.obj (.text.GPIOPinWrite)
                  20011162    00000022                 : pin.obj (.text.PinUnlock)
                  20011184    00000022     drivers_cc32xx.a : RingBuf.c.obj (.text.RingBuf_getPointer)
                  200111a6    00000022                      : UART2CC32XX.c.obj (.text.UART2Support_sendData)
                  200111c8    00000020     driverlib.a : interrupt.obj (.text.IntRegister)
                  200111e8    00000020                 : pin.obj (.text.PinTypeI2C)
                  20011208    00000020     drivers_cc32xx.a : PowerCC32XX.c.obj (.text.PowerCC32XX_reset)
                  20011228    00000020                      : PowerCC32XX.c.obj (.text.Power_unregisterNotify)
                  20011248    00000020     nortos_cc32xx.a : SemaphoreP_nortos.c.obj (.text.SemaphoreP_constructBinary)
                  20011268    00000020                     : SemaphoreP_nortos.c.obj (.text.SemaphoreP_createBinary)
                  20011288    00000020     driverlib.a : timer.obj (.text.TimerDisable)
                  200112a8    0000001e                 : pin.obj (.text.PinTypeUART)
                  200112c6    0000001e     drivers_cc32xx.a : UART2.c.obj (.text.UART2_writeTimeout)
                  200112e4    0000001e     driverlib.a : uart.obj (.text.UARTEnable)
                  20011302    0000001e     libc.a : memccpy.c.obj (.text.memccpy)
                  20011320    0000001e     driverlib.a : udma.obj (.text.uDMAChannelDisable)
                  2001133e    0000001e                 : udma.obj (.text.uDMAChannelEnable)
                  2001135c    0000001e                 : udma.obj (.text.uDMAChannelIsEnabled)
                  2001137a    00000002     --HOLE-- [fill = 0]
                  2001137c    0000001c     drivers_cc32xx.a : GPIO.c.obj (.text.GPIO_setCallback)
                  20011398    0000001c     nortos_cc32xx.a : HwiPCC32XX_nortos.c.obj (.text.HwiP_dispatch)
                  200113b4    0000001c                     : SwiP_nortos.c.obj (.text.SwiP_disable)
                  200113d0    0000001c     libc.a : memory.c.obj (.text.free_list_remove)
                  200113ec    0000001c     drivers_cc32xx.a : TimerCC32XX.c.obj (.text.getPowerMgrId)
                  20011408    0000001c     nortos_cc32xx.a : startup_cc32xx_ticlang.c.obj (.text.resetISR)
                  20011424    0000001a     driverlib.a : gpio.obj (.text.GPIOIntDisable)
                  2001143e    0000001a                 : prcm.obj (.text.PRCMHIBRegRead)
                  20011458    0000001a                 : prcm.obj (.text.PRCMHIBRegWrite)
                  20011472    0000001a                 : prcm.obj (.text.PRCMLPDSWakeupSourceDisable)
                  2001148c    0000001a                 : pin.obj (.text.PinToPadGet)
                  200114a6    0000001a                 : timer.obj (.text.TimerEnable)
                  200114c0    0000001a                 : uart.obj (.text.UARTFlowControlSet)
                  200114da    00000018                 : gpio.obj (.text.GPIOIntEnable)
                  200114f2    00000018     nortos_cc32xx.a : SemaphoreP_nortos.c.obj (.text.SemaphoreP_create)
                  2001150a    00000018     libc.a : snprintf.c.obj (.text._outc)
                  20011522    00000016     ti_drivers_config.o (.text.Board_init)
                  20011538    00000016     driverlib.a : i2c.obj (.text.I2CMasterBurstLengthSet)
                  2001154e    00000016                 : i2c.obj (.text.I2CMasterIntDisableEx)
                  20011564    00000016                 : i2c.obj (.text.I2CRxFIFOFlush)
                  2001157a    00000016                 : i2c.obj (.text.I2CTxFIFOFlush)
                  20011590    00000016                 : systick.obj (.text.SysTickPeriodSet)
                  200115a6    00000016                 : timer.obj (.text.TimerIntDisable)
                  200115bc    00000016                 : uart.obj (.text.UARTCharsAvail)
                  200115d2    00000016                 : uart.obj (.text.UARTDMADisable)
                  200115e8    00000016                 : uart.obj (.text.UARTFIFOLevelSet)
                  200115fe    00000016                 : uart.obj (.text.UARTIntDisable)
                  20011614    00000014                 : cpu.obj (.text.CPUcpsid)
                  20011628    00000014                 : cpu.obj (.text.CPUcpsie)
                  2001163c    00000014     nortos_cc32xx.a : HwiPCC32XX_nortos.c.obj (.text.HwiP_destruct)
                  20011650    00000014     driverlib.a : i2c.obj (.text.I2CMasterIntEnableEx)
                  20011664    00000014                 : interrupt.obj (.text.IntVTableBaseSet)
                  20011678    00000014     drivers_cc32xx.a : PowerCC32XX.c.obj (.text.Power_disablePolicy)
                  2001168c    00000014                      : PowerCC32XX.c.obj (.text.Power_getTransitionLatency)
                  200116a0    00000014                      : PowerCC32XX.c.obj (.text.Power_idleFunc)
                  200116b4    00000014     driverlib.a : timer.obj (.text.TimerIntEnable)
                  200116c8    00000014                 : uart.obj (.text.UARTDMAEnable)
                  200116dc    00000014                 : uart.obj (.text.UARTIntEnable)
                  200116f0    00000014     libclang_rt.builtins.a : aeabi_uldivmod.S.obj (.text.__aeabi_uldivmod)
                  20011704    00000014     gpiointerrupt.o (.text.timerCallback)
                  20011718    00000014     driverlib.a : udma.obj (.text.uDMAControlBaseSet)
                  2001172c    00000014                 : udma.obj (.text.uDMAIntClear)
                  20011740    00000012     nortos_cc32xx.a : ClockPSysTick_nortos.c.obj (.text.ClockP_add)
                  20011752    00000012     driverlib.a : gpio.obj (.text.GPIOIntClear)
                  20011764    00000012     nortos_cc32xx.a : HwiPCC32XX_nortos.c.obj (.text.HwiP_Params_init)
                  20011776    00000012                     : HwiPCC32XX_nortos.c.obj (.text.HwiP_delete)
                  20011788    00000012     driverlib.a : i2c.obj (.text.I2CMasterDisable)
                  2001179a    00000012                 : i2c.obj (.text.I2CMasterEnable)
                  200117ac    00000012     drivers_cc32xx.a : I2C.c.obj (.text.I2C_transfer)
                  200117be    00000012     driverlib.a : systick.obj (.text.SysTickEnable)
                  200117d0    00000012                 : systick.obj (.text.SysTickIntDisable)
                  200117e2    00000012                 : systick.obj (.text.SysTickIntEnable)
                  200117f4    00000012     drivers_cc32xx.a : UDMACC32XX.c.obj (.text.postNotifyFxn)
                  20011806    00000012     libc.a : memcpy_t2.S.obj (.text:TI_memcpy_small)
                  20011818    00000010     nortos_cc32xx.a : ClockPSysTick_nortos.c.obj (.text.ClockP_getCpuFreq)
                  20011828    00000010                     : ClockPSysTick_nortos.c.obj (.text.ClockP_getSystemTicks)
                  20011838    00000010                     : ClockPSysTick_nortos.c.obj (.text.ClockP_setTicks)
                  20011848    00000010                     : HwiPCC32XX_nortos.c.obj (.text.HwiP_inISR)
                  20011858    00000010     driverlib.a : i2c.obj (.text.I2CMasterControl)
                  20011868    00000010                 : i2c.obj (.text.I2CMasterIntClearEx)
                  20011878    00000010                 : i2c.obj (.text.I2CMasterTimeoutSet)
                  20011888    00000010     drivers_cc32xx.a : PowerCC32XX.c.obj (.text.Power_enablePolicy)
                  20011898    00000010                      : RingBuf.c.obj (.text.RingBuf_construct)
                  200118a8    00000010     driverlib.a : timer.obj (.text.TimerIntClear)
                  200118b8    00000010     drivers_cc32xx.a : Timer.c.obj (.text.Timer_Params_init)
                  200118c8    00000010                      : UART2CC32XX.c.obj (.text.UART2Support_txDone)
                  200118d8    00000010     driverlib.a : uart.obj (.text.UARTBusy)
                  200118e8    00000010                 : uart.obj (.text.UARTIntClear)
                  200118f8    00000010                 : uart.obj (.text.UARTRxErrorGet)
                  20011908    00000010     main_nortos.o (.text.main)
                  20011918    00000010     libc.a : wcslen.c.obj (.text.wcslen)
                  20011928    00000010            : copy_zero_init.c.obj (.text:decompress:ZI)
                  20011938    0000000e     nortos_cc32xx.a : HwiPCC32XX_nortos.c.obj (.text.HwiP_interruptsEnabled)
                  20011946    0000000e     driverlib.a : i2c.obj (.text.I2CFIFOStatus)
                  20011954    0000000e     drivers_cc32xx.a : UART2.c.obj (.text.UART2_write)
                  20011962    0000000e     libc.a : _printfi.c.obj (.text.strlen)
                  20011970    0000000e     driverlib.a : udma.obj (.text.uDMAEnable)
                  2001197e    0000000e                 : udma.obj (.text.uDMAErrorStatusClear)
                  2001198c    0000000e     libc.a : memset_t2.S.obj (.text:TI_memset_small)
                  2001199a    0000000e            : copy_decompress_none.c.obj (.text:decompress:none)
                  200119a8    0000000c     driverlib.a : cpu.obj (.text.CPUwfi)
                  200119b4    0000000c     drivers_cc32xx.a : I2CCC32XX.c.obj (.text.I2CCC32XX_postNotify)
                  200119c0    0000000c                      : I2C.c.obj (.text.I2C_Params_init)
                  200119cc    0000000c                      : I2CCC32XX.c.obj (.text.OUTLINED_FUNCTION_0)
                  200119d8    0000000c                      : UART2CC32XX.c.obj (.text.OUTLINED_FUNCTION_0)
                  200119e4    0000000c     gpiointerrupt.o (.text.OUTLINED_FUNCTION_0)
                  200119f0    0000000c     driverlib.a : prcm.obj (.text.PRCMLPDSWakeupCauseGet)
                  200119fc    0000000c     drivers_cc32xx.a : PowerCC32XX.c.obj (.text.Power_getConstraintMask)
                  20011a08    0000000c                      : UART2CC32XX.c.obj (.text.UART2CC32XX_postNotifyFxn)
                  20011a14    0000000c                      : UART2CC32XX.c.obj (.text.UART2Support_disableTx)
                  20011a20    0000000c                      : UART2CC32XX.c.obj (.text.UART2Support_enableTx)
                  20011a2c    0000000c                      : UART2.c.obj (.text.UART2_Params_init)
                  20011a38    0000000c     gpiointerrupt.o (.text.gpioButtonFxn0)
                  20011a44    0000000c     gpiointerrupt.o (.text.gpioButtonFxn1)
                  20011a50    0000000c     drivers_cc32xx.a : TimerCC32XX.c.obj (.text.postNotifyFxn)
                  20011a5c    0000000c     driverlib.a : udma.obj (.text.uDMAErrorStatusGet)
                  20011a68    0000000a                 : cpu.obj (.text.CPUprimask)
                  20011a72    0000000a     nortos_cc32xx.a : ClockPSysTick_nortos.c.obj (.text.ClockP_isActive)
                  20011a7c    0000000a     driverlib.a : interrupt.obj (.text.IntMasterDisable)
                  20011a86    0000000a                 : interrupt.obj (.text.IntMasterEnable)
                  20011a90    0000000a     drivers_cc32xx.a : UART2CC32XX.c.obj (.text.OUTLINED_FUNCTION_1)
                  20011a9a    0000000a                      : UART2CC32XX.c.obj (.text.OUTLINED_FUNCTION_2)
                  20011aa4    0000000a     libclang_rt.builtins.a : aeabi_memset.S.obj (.text.__aeabi_memset)
                  20011aae    0000000a     ti_drivers_config.o (.text.dmaErrorFxn)
                  20011ab8    00000008     nortos_cc32xx.a : HwiPCC32XX_nortos.c.obj (.text.HwiP_disable)
                  20011ac0    00000008                     : HwiPCC32XX_nortos.c.obj (.text.HwiP_restore)
                  20011ac8    00000008     drivers_cc32xx.a : I2CCC32XX.c.obj (.text.I2CCC32XX_blockingCallback)
                  20011ad0    00000008                      : I2CCC32XX.c.obj (.text.I2CSupport_controllerFinish)
                  20011ad8    00000008     driverlib.a : prcm.obj (.text.PRCMSleepEnter)
                  20011ae0    00000008                 : utils.obj (.text.UtilsDelay)
                  20011ae8    00000008     libc.a : aeabi_portable.c.obj (.text.__aeabi_errno_addr)
                  20011af0    00000008     libclang_rt.builtins.a : aeabi_memset.S.obj (.text.__aeabi_memclr)
                  20011af8    00000008     libc.a : memory.c.obj (.text.malloc)
                  20011b00    00000006     drivers_cc32xx.a : I2CCC32XX.c.obj (.text.I2CSupport_powerRelConstraint)
                  20011b06    00000006                      : I2CCC32XX.c.obj (.text.I2CSupport_powerSetConstraint)
                  20011b0c    00000006                      : UART2CC32XX.c.obj (.text.UART2Support_powerRelConstraint)
                  20011b12    00000004     nortos_cc32xx.a : HwiPCC32XX_nortos.c.obj (.text.HwiP_clearInterrupt)
                  20011b16    00000004                     : HwiPCC32XX_nortos.c.obj (.text.HwiP_disableInterrupt)
                  20011b1a    00000004                     : HwiPCC32XX_nortos.c.obj (.text.HwiP_enable)
                  20011b1e    00000004                     : HwiPCC32XX_nortos.c.obj (.text.HwiP_enableInterrupt)
                  20011b22    00000004                     : HwiPCC32XX_nortos.c.obj (.text.HwiP_post)
                  20011b26    00000004     driverlib.a : interrupt.obj (.text.IntDefaultHandler)
                  20011b2a    00000004     nortos_cc32xx.a : NoRTOS.c.obj (.text.NoRTOS_start)
                  20011b2e    00000004     drivers_cc32xx.a : RingBuf.c.obj (.text.RingBuf_getCount)
                  20011b32    00000004     nortos_cc32xx.a : SemaphoreP_nortos.c.obj (.text.SemaphoreP_delete)
                  20011b36    00000002     --HOLE-- [fill = 0]
                  20011b38    00000004     libclang_rt.builtins.a : aeabi_memcpy.S.obj (.text.__aeabi_memcpy)
                  20011b3c    00000004     libc.a : pre_init.c.obj (.text._system_pre_init)
                  20011b40    00000004            : exit.c.obj (.text:abort)

.ramVecs   0    20000000    0000030c     NOLOAD SECTION
                  20000000    0000030c     nortos_cc32xx.a : startup_cc32xx_ticlang.c.obj (.ramVecs)

.stack     0    20003000    00001000     UNINITIALIZED
                  20003000    00000004     libc.a : boot_cortex_m.c.obj (.stack)
                  20003004    00000ffc     --HOLE--

.resetVecs 
*          0    20004000    00000040     
                  20004000    00000040     nortos_cc32xx.a : startup_cc32xx_ticlang.c.obj (.resetVecs)

.sysmem    0    20004040    00008000     UNINITIALIZED
                  20004040    00000010     libc.a : memory.c.obj (.sysmem)
                  20004050    00007ff0     --HOLE--

.bss       0    20011c00    00000a0f     UNINITIALIZED
                  20011c00    00000400     ti_drivers_config.o (.bss.dmaControlTable)
                  20012000    00000178     (.common:uart2CC32XXObjects0)
                  20012178    0000012c     (.common:PowerCC32XX_contextSave)
                  200122a4    000000fc     (.common:i2cCC32XXObjects)
                  200123a0    00000084     (.common:gpioCallbackFunctions)
                  20012424    00000084     (.common:gpioUserArgs)
                  200124a8    00000084     (.common:timerCC32XXObjects)
                  2001252c    00000040     (.common:output)
                  2001256c    00000020     ti_drivers_config.o (.bss.uart2RxRingBuffer0)
                  2001258c    00000020     ti_drivers_config.o (.bss.uart2TxRingBuffer0)
                  200125ac    00000020     (.common:i2cTransaction)
                  200125cc    00000014     drivers_cc32xx.a : UDMACC32XX.c.obj (.bss.postNotifyObj)
                  200125e0    00000010     (.common:ClockP_ctrl)
                  200125f0    00000008     (.common:udmaCC3220SObject)
                  200125f8    00000004     nortos_cc32xx.a : ClockPSysTick_nortos.c.obj (.bss.sysTickPeriod)
                  200125fc    00000004     libc.a : memory.c.obj (.bss.sys_free)
                  20012600    00000004     drivers_cc32xx.a : TimerCC32XX.c.obj (.bss.timerState.0)
                  20012604    00000004     (.common:i2c)
                  20012608    00000004     (.common:uart)
                  2001260c    00000002     (.common:rxBuffer)
                  2001260e    00000001     (.common:txBuffer)

.rodata    0    20012610    000006c5     
                  20012610    00000101     libc.a : aeabi_ctype.S.obj (.rodata:__aeabi_ctype_table_)
                  20012711    00000002     drivers_cc32xx.a : UART2CC32XX.c.obj (.rodata.stopBits)
                  20012713    00000001     ti_drivers_config.o (.rodata.GPIO_pinUpperBound)
                  20012714    00000100     driverlib.a : pin.obj (.rodata.g_ulPinToPadMap)
                  20012814    000000d4                 : interrupt.obj (.rodata.g_pulRegs)
                  200128e8    000000a8                 : prcm.obj (.rodata.PRCM_PeriphRegsList)
                  20012990    00000048     gpiointerrupt.o (.rodata.str1.117259490511853709771)
                  200129d8    00000044     ti_drivers_config.o (.rodata.PowerCC32XX_config)
                  20012a1c    00000038     ti_drivers_config.o (.rodata.uart2CC32XXHWAttrs0)
                  20012a54    00000032     gpiointerrupt.o (.rodata.str1.59672170090002130734)
                  20012a86    00000001     ti_drivers_config.o (.rodata.I2C_count)
                  20012a87    00000001     ti_drivers_config.o (.rodata.Timer_count)
                  20012a88    00000028     drivers_cc32xx.a : GPIOCC32XX.c.obj (.rodata.portConfigs)
                  20012ab0    00000028     gpiointerrupt.o (.rodata.str1.2552335557485402981)
                  20012ad8    00000024     drivers_cc32xx.a : UART2.c.obj (.rodata.UART2_defaultParams)
                  20012afc    00000021                      : GPIOCC32XX.c.obj (.rodata.pinTable)
                  20012b1d    00000021     gpiointerrupt.o (.rodata.str1.172639838942318644741)
                  20012b3e    00000001     ti_drivers_config.o (.rodata.UART2_count)
                  20012b3f    00000001     --HOLE-- [fill = 0]
                  20012b40    0000001b     gpiointerrupt.o (.rodata.str1.119337933097536889414)
                  20012b5b    00000001     --HOLE-- [fill = 0]
                  20012b5c    00000018     driverlib.a : interrupt.obj (.rodata.g_pulDisRegs)
                  20012b74    00000018                 : interrupt.obj (.rodata.g_pulEnRegs)
                  20012b8c    00000018                 : interrupt.obj (.rodata.g_pulPendRegs)
                  20012ba4    00000018                 : interrupt.obj (.rodata.g_pulUnpendRegs)
                  20012bbc    00000018     gpiointerrupt.o (.rodata.sensors)
                  20012bd4    00000016     gpiointerrupt.o (.rodata.str1.88141095010518599421)
                  20012bea    00000002     --HOLE-- [fill = 0]
                  20012bec    00000014     ti_drivers_config.o (.rodata.i2cCC32XXHWAttrs)
                  20012c00    00000011     libc.a : _printfi.c.obj (.rodata.str1.11645776875810915891)
                  20012c11    00000011            : _printfi.c.obj (.rodata.str1.44690500295887128011)
                  20012c22    00000002     --HOLE-- [fill = 0]
                  20012c24    00000010     ti_drivers_config.o (.rodata.GPIO_config)
                  20012c34    00000010     drivers_cc32xx.a : I2CCC32XX.c.obj (.rodata.cst16)
                  20012c44    00000010     ti_drivers_config.o (.rodata.timerCC32XXHWAttrs)
                  20012c54    0000000d     gpiointerrupt.o (.rodata.str1.8099049698717124711)
                  20012c61    00000003     --HOLE-- [fill = 0]
                  20012c64    0000000c     drivers_cc32xx.a : Timer.c.obj (.rodata.defaultParams)
                  20012c70    0000000c                      : TimerCC32XX.c.obj (.rodata.defaultParams)
                  20012c7c    0000000c     ti_drivers_config.o (.rodata.udmaCC3220SHWAttrs)
                  20012c88    00000009     gpiointerrupt.o (.rodata.str1.149745159178111864794)
                  20012c91    00000003     --HOLE-- [fill = 0]
                  20012c94    00000009     gpiointerrupt.o (.rodata.str1.27667157146944505614)
                  20012c9d    00000003     --HOLE-- [fill = 0]
                  20012ca0    00000008     ti_drivers_config.o (.rodata.I2C_config)
                  20012ca8    00000008     ti_drivers_config.o (.rodata.Timer_config)
                  20012cb0    00000008     ti_drivers_config.o (.rodata.UART2_config)
                  20012cb8    00000008     ti_drivers_config.o (.rodata.UDMACC32XX_config)
                  20012cc0    00000005     drivers_cc32xx.a : UART2CC32XX.c.obj (.rodata.parityType)
                  20012cc5    00000004                      : UART2CC32XX.c.obj (.rodata.cst4)
                  20012cc9    00000004     gpiointerrupt.o (.rodata.str1.48557138690711581961)
                  20012ccd    00000004     gpiointerrupt.o (.rodata.str1.75752999448730089091)
                  20012cd1    00000004     gpiointerrupt.o (.rodata.str1.99899187528894583921)

.cinit     0    20013384    00000110     
                  20013384    000000ea     (.cinit..data.load) [load image, compression = lzss]
                  2001346e    00000002     --HOLE-- [fill = 0]
                  20013470    0000000c     (__TI_handler_table)
                  2001347c    00000008     (.cinit..bss.load) [load image, compression = zero_init]
                  20013484    00000010     (__TI_cinit_table)

.init_array 
*          0    20004000    00000000     UNINITIALIZED

.data      0    20012cd8    000006a9     UNINITIALIZED
                  20012cd8    0000030c     nortos_cc32xx.a : HwiPCC32XX_nortos.c.obj (.data.HwiP_dispatchTable)
                  20012fe4    0000016c     drivers_cc32xx.a : PowerCC32XX.c.obj (.data.PowerCC32XX_module)
                  20013150    000000f8     ti_drivers_config.o (.data.parkInfo)
                  20013248    00000084     ti_drivers_config.o (.data.gpioPinConfigs)
                  200132cc    0000004c     nortos_cc32xx.a : SwiP_nortos.c.obj (.data..L_MergedGlobals)
                  20013318    0000001c     gpiointerrupt.o (.data..L_MergedGlobals)
                  20013334    00000018     drivers_cc32xx.a : GPIOCC32XX.c.obj (.data..L_MergedGlobals)
                  2001334c    00000004     nortos_cc32xx.a : HwiPCC32XX_nortos.c.obj (.data.HwiP_swiPIntNum)
                  20013350    00000010                     : SemaphoreP_nortos.c.obj (.data..L_MergedGlobals)
                  20013360    00000008     drivers_cc32xx.a : UDMACC32XX.c.obj (.data..L_MergedGlobals)
                  20013368    00000008     nortos_cc32xx.a : ClockPSysTick_nortos.c.obj (.data..L_MergedGlobals)
                  20013370    00000004     libc.a : aeabi_portable.c.obj (.data.__aeabi_errno)
                  20013374    00000004            : _lock.c.obj (.data._lock)
                  20013378    00000004            : _lock.c.obj (.data._unlock)
                  2001337c    00000001     drivers_cc32xx.a : GPIOCC32XX.c.obj (.data.initCalled)
                  2001337d    00000001                      : GPIOCC32XX.c.obj (.data.portHwiCreatedBitMask)
                  2001337e    00000002     --HOLE--
                  20013380    00000001     libc.a : memory.c.obj (.data.memory_is_initialized)

.log_data 
*          0    90000000    00000000     COPY SECTION

.log_ptr   0    94000008    00000000     COPY SECTION

__llvm_prf_cnts 
*          0    20004000    00000000     UNINITIALIZED

__llvm_prf_bits 
*          0    20004000    00000000     UNINITIALIZED

MODULE SUMMARY

       Module                         code    ro data   rw data
       ------                         ----    -------   -------
    .\
       gpiointerrupt.o                1012    311       135    
       main_nortos.o                  16      0         0      
    +--+------------------------------+-------+---------+---------+
       Total:                         1028    311       135    
                                                               
    .\syscfg\
       ti_drivers_config.o            34      224       2500   
    +--+------------------------------+-------+---------+---------+
       Total:                         34      224       2500   
                                                               
    C:/ti/simplelink_cc32xx_sdk_7_10_00_13/kernel/nortos/lib/ticlang/m4/nortos_cc32xx.a
       HwiPCC32XX_nortos.c.obj        308     0         784    
       startup_cc32xx_ticlang.c.obj   88      64        780    
       ClockPSysTick_nortos.c.obj     524     0         28     
       SemaphoreP_nortos.c.obj        392     0         16     
       PowerCC32XX_nortos.c.obj       404     0         0      
       SwiP_nortos.c.obj              84      0         76     
       NoRTOS.c.obj                   4       0         0      
    +--+------------------------------+-------+---------+---------+
       Total:                         1804    64        1684   
                                                               
    C:/ti/simplelink_cc32xx_sdk_7_10_00_13/source/ti/devices/cc32xx/driverlib/ticlang/Release/driverlib.a
       prcm.obj                       2564    168       0      
       interrupt.obj                  868     308       0      
       pin.obj                        750     256       0      
       udma.obj                       806     0         0      
       i2c.obj                        658     0         0      
       uart.obj                       490     0         0      
       gpio.obj                       388     0         0      
       timer.obj                      278     0         0      
       flash.obj                      92      0         0      
       systick.obj                    76      0         0      
       cpu.obj                        62      0         0      
       utils.obj                      8       0         0      
    +--+------------------------------+-------+---------+---------+
       Total:                         7040    732       0      
                                                               
    C:/ti/simplelink_cc32xx_sdk_7_10_00_13/source/ti/drivers/lib/ticlang/m4/drivers_cc32xx.a
       PowerCC32XX.c.obj              2052    0         664    
       UART2CC32XX.c.obj              2198    11        0      
       I2CCC32XX.c.obj                1242    16        0      
       GPIOCC32XX.c.obj               960     73        26     
       TimerCC32XX.c.obj              880     12        4      
       UART2.c.obj                    762     36        0      
       I2C.c.obj                      366     0         0      
       RingBuf.c.obj                  272     0         0      
       UDMACC32XX.c.obj               242     0         28     
       Timer.c.obj                    150     12        0      
       PowerCC32XX_ticlang.asm.obj    150     0         0      
       List.c.obj                     76      0         0      
       GPIO.c.obj                     28      0         0      
    +--+------------------------------+-------+---------+---------+
       Total:                         9378    160       722    
                                                               
    C:\ti\ccs1250\ccs\tools\compiler\ti-cgt-armllvm_3.2.0.LTS\lib\armv7em-ti-none-eabi/c/libc.a
       _printfi.c.obj                 2170    34        0      
       memory.c.obj                   712     0         5      
       aeabi_ctype.S.obj              0       257       0      
       snprintf.c.obj                 140     0         0      
       copy_decompress_lzss.c.obj     112     0         0      
       atoi.c.obj                     64      0         0      
       autoinit.c.obj                 56      0         0      
       boot_cortex_m.c.obj            36      0         0      
       memccpy.c.obj                  30      0         0      
       memcpy_t2.S.obj                18      0         0      
       copy_zero_init.c.obj           16      0         0      
       wcslen.c.obj                   16      0         0      
       copy_decompress_none.c.obj     14      0         0      
       memset_t2.S.obj                14      0         0      
       aeabi_portable.c.obj           8       0         4      
       _lock.c.obj                    2       0         8      
       exit.c.obj                     4       0         0      
       pre_init.c.obj                 4       0         0      
    +--+------------------------------+-------+---------+---------+
       Total:                         3416    291       17     
                                                               
    C:\ti\ccs1250\ccs\tools\compiler\ti-cgt-armllvm_3.2.0.LTS\lib\clang/15.0.7/lib/armv7em-ti-none-eabi/libclang_rt.builtins.a
       muldf3.S.obj                   252     0         0      
       udivmoddi4.S.obj               176     0         0      
       fixdfsi.S.obj                  72      0         0      
       floatsidf.S.obj                46      0         0      
       aeabi_uldivmod.S.obj           20      0         0      
       aeabi_memset.S.obj             18      0         0      
       aeabi_memcpy.S.obj             4       0         0      
       aeabi_div0.c.obj               2       0         0      
    +--+------------------------------+-------+---------+---------+
       Total:                         590     0         0      
                                                               
       Heap:                          0       0         32768  
       Stack:                         0       0         4096   
       Linker Generated:              0       270       0      
    +--+------------------------------+-------+---------+---------+
       Grand Total:                   23290   2052      41922  


LINKER GENERATED COPY TABLES

__TI_cinit_table @ 20013484 records: 2, size/record: 8, table size: 16
	.data: load addr=20013384, load size=000000ea bytes, run addr=20012cd8, run size=000006a9 bytes, compression=lzss
	.bss: load addr=2001347c, load size=00000008 bytes, run addr=20011c00, run size=00000a0f bytes, compression=zero_init


LINKER GENERATED HANDLER TABLE

__TI_handler_table @ 20013470 records: 3, size/record: 4, table size: 12
	index: 0, handler: __TI_decompress_lzss
	index: 1, handler: __TI_decompress_none
	index: 2, handler: __TI_zero_init


GLOBAL SYMBOLS: SORTED ALPHABETICALLY BY Name 

address   name                             
-------   ----                             
20011523  Board_init                       
2000d36b  Board_initHook                   
2001331a  Button0Flag                      
2001331b  Button1Flag                      
20011b40  C$$EXIT                          
20011615  CPUcpsid                         
20011629  CPUcpsie                         
20011a69  CPUprimask                       
200119a9  CPUwfi                           
20011741  ClockP_add                       
200125e0  ClockP_ctrl                      
20010761  ClockP_destruct                  
2000ef7d  ClockP_doTick                    
20011819  ClockP_getCpuFreq                
20011829  ClockP_getSystemTicks            
20010b2d  ClockP_getTicksUntilInterrupt    
20011a73  ClockP_isActive                  
20011839  ClockP_setTicks                  
2001098d  ClockP_start                     
2000fb5d  ClockP_startup                   
20010671  ClockP_stop                      
20010011  ClockP_sysTickHandler            
2001336c  ClockP_tickPeriod                
2000f991  FlashDisable                     
2001024b  GPIODirModeSet                   
20011753  GPIOIntClear                     
20011425  GPIOIntDisable                   
200114db  GPIOIntEnable                    
20010cad  GPIOIntStatus                    
2000eb21  GPIOIntTypeSet                   
20011141  GPIOPinWrite                     
20012c24  GPIO_config                      
20010291  GPIO_disableInt                  
200102d5  GPIO_enableInt                   
2000fd0d  GPIO_hwiIntFxn                   
2000f0a9  GPIO_init                        
20012713  GPIO_pinUpperBound               
2001137d  GPIO_setCallback                 
2000dabd  GPIO_setConfig                   
2000fe4d  GPIO_setInterruptConfig          
2000f8d1  GPIO_write                       
20011765  HwiP_Params_init                 
20011b13  HwiP_clearInterrupt              
2000f345  HwiP_construct                   
20010deb  HwiP_create                      
20011777  HwiP_delete                      
2001163d  HwiP_destruct                    
20011ab9  HwiP_disable                     
20011b17  HwiP_disableInterrupt            
20011399  HwiP_dispatch                    
20011b1b  HwiP_enable                      
20011b1f  HwiP_enableInterrupt             
20011849  HwiP_inISR                       
20011939  HwiP_interruptsEnabled           
20011b23  HwiP_post                        
20011ac1  HwiP_restore                     
2001334c  HwiP_swiPIntNum                  
20010b5d  I2CFIFODataGetNonBlocking        
200109c1  I2CFIFODataPutNonBlocking        
20011947  I2CFIFOStatus                    
20011539  I2CMasterBurstLengthSet          
20010e93  I2CMasterBusBusy                 
20011859  I2CMasterControl                 
20011789  I2CMasterDisable                 
2001179b  I2CMasterEnable                  
2000ee4d  I2CMasterInitExpClk              
20011869  I2CMasterIntClearEx              
2001154f  I2CMasterIntDisableEx            
20011651  I2CMasterIntEnableEx             
20010d93  I2CMasterIntStatusEx             
20010ebb  I2CMasterSlaveAddrSet            
20011879  I2CMasterTimeoutSet              
20010ffd  I2CRxFIFOConfigSet               
20011565  I2CRxFIFOFlush                   
20011ad1  I2CSupport_controllerFinish      
20011b01  I2CSupport_powerRelConstraint    
20011b07  I2CSupport_powerSetConstraint    
2000f9ed  I2CSupport_primeTransfer         
20010ee3  I2CTxFIFOConfigSet               
2001157b  I2CTxFIFOFlush                   
200119c1  I2C_Params_init                  
20010f0b  I2C_cancel                       
20012ca0  I2C_config                       
20012a86  I2C_count                        
2000df8f  I2C_init                         
2000e4c9  I2C_open                         
200117ad  I2C_transfer                     
2000de69  I2C_transferTimeout              
UNDEFED   ITM_flush                        
UNDEFED   ITM_restore                      
2000e765  IntDisable                       
2000e82d  IntEnable                        
20011a7d  IntMasterDisable                 
20011a87  IntMasterEnable                  
2000f801  IntPendClear                     
2000ebcd  IntPendSet                       
2000fbb5  IntPrioritySet                   
200111c9  IntRegister                      
20011021  IntUnregister                    
20011665  IntVTableBaseSet                 
20011045  List_put                         
20010f33  List_remove                      
20011b2b  NoRTOS_start                     
2000c8ad  PRCMCC3200MCUInit                
2001143f  PRCMHIBRegRead                   
20011459  PRCMHIBRegWrite                  
2000f3b9  PRCMHibernateWakeUpGPIOSelect    
2000fa49  PRCMHibernateWakeupSourceDisable 
2000fd5d  PRCMHibernateWakeupSourceEnable  
20010059  PRCMIntEnable                    
2000fc0d  PRCMLPDSEnter                    
200101bf  PRCMLPDSEnterKeepDebugIf         
20010b8d  PRCMLPDSIntervalSet              
2000fe99  PRCMLPDSRestoreInfoSet           
20010e15  PRCMLPDSWakeUpGPIOSelect         
200119f1  PRCMLPDSWakeupCauseGet           
20011473  PRCMLPDSWakeupSourceDisable      
20011069  PRCMLPDSWakeupSourceEnable       
20010e3f  PRCMPeripheralClkDisable         
2000fb01  PRCMPeripheralClkEnable          
2000f72d  PRCMPeripheralReset              
200100a1  PRCMPeripheralStatusGet          
20010f5b  PRCMSRAMRetentionEnable          
20011ad9  PRCMSleepEnter                   
20010bbd  PRCMSlowClkCtrFastGet            
2000f139  PRCMSysResetCauseGet             
200100e9  PinConfigGet                     
2000ec71  PinConfigSet                     
200109f5  PinDirModeGet                    
20010631  PinDirModeSet                    
200108e9  PinLock                          
2000f511  PinLockLevelSet                  
20010a29  PinModeGet                       
20010429  PinModeSet                       
2001148d  PinToPadGet                      
200111e9  PinTypeI2C                       
200112a9  PinTypeUART                      
20011163  PinUnlock                        
200129d8  PowerCC32XX_config               
2000f1c9  PowerCC32XX_configureWakeup      
20012178  PowerCC32XX_contextSave          
2000ef81  PowerCC32XX_enterLPDS            
20010f85  PowerCC32XX_getParkState         
2000edaf  PowerCC32XX_initPolicy           
20012fe4  PowerCC32XX_module               
20010a5d  PowerCC32XX_parkPin              
20011209  PowerCC32XX_reset                
2001108d  PowerCC32XX_restoreParkState     
200110b1  PowerCC32XX_restoreParkedPin     
2000efc5  PowerCC32XX_resumeLPDS           
2000fc65  PowerCC32XX_setParkState         
2000d825  PowerCC32XX_sleepPolicy          
20011679  Power_disablePolicy              
20011889  Power_enablePolicy               
200119fd  Power_getConstraintMask          
2001168d  Power_getTransitionLatency       
200116a1  Power_idleFunc                   
2000f2cd  Power_init                       
200110d5  Power_registerNotify             
20010319  Power_releaseConstraint          
2000fcb9  Power_releaseDependency          
20010799  Power_setConstraint              
2000f57d  Power_setDependency              
2000cd65  Power_sleep                      
20011229  Power_unregisterNotify           
20011899  RingBuf_construct                
20010cdb  RingBuf_getConsume               
20011b2f  RingBuf_getCount                 
20011185  RingBuf_getPointer               
20010205  RingBuf_put                      
200107d1  RingBuf_putAdvance               
20010d09  RingBuf_putPointer               
2000fdad  SemaphoreP_construct             
20011249  SemaphoreP_constructBinary       
200114f3  SemaphoreP_create                
20011269  SemaphoreP_createBinary          
20013358  SemaphoreP_defaultParams         
20011b33  SemaphoreP_delete                
2000f1c7  SemaphoreP_destruct              
2000eee5  SemaphoreP_pend                  
20010531  SemaphoreP_post                  
200113b5  SwiP_disable                     
20010809  SwiP_restore                     
200117bf  SysTickEnable                    
200117d1  SysTickIntDisable                
200117e3  SysTickIntEnable                 
20011591  SysTickPeriodSet                 
20011807  TI_memcpy_small                  
2001198d  TI_memset_small                  
2000faa5  TimerCC32XX_allocateTimerResource
20010a91  TimerCC32XX_freeTimerResource    
2001046b  TimerControlStall                
20011289  TimerDisable                     
200114a7  TimerEnable                      
20013318  TimerFlag                        
200118a9  TimerIntClear                    
200115a7  TimerIntDisable                  
200116b5  TimerIntEnable                   
20010bed  TimerLoadSet                     
20010c1d  TimerPrescaleSet                 
20010fad  TimerSupport_timerDisable        
20010725  TimerSupport_timerEnable         
200118b9  Timer_Params_init                
200104ad  Timer_close                      
20012ca8  Timer_config                     
20012a87  Timer_count                      
2000f2cb  Timer_init                       
2000d975  Timer_open                       
2001035d  Timer_start                      
20010571  Timer_stop                       
200110f9  UART2Support_disableRx           
20011a15  UART2Support_disableTx           
2000e699  UART2Support_dmaStartRx          
2000e9b9  UART2Support_dmaStartTx          
2000ff31  UART2Support_dmaStopRx           
2000f931  UART2Support_dmaStopTx           
20011a21  UART2Support_enableTx            
20011b0d  UART2Support_powerRelConstraint  
200111a7  UART2Support_sendData            
200118c9  UART2Support_txDone              
20011a2d  UART2_Params_init                
2000e5b1  UART2_close                      
20012cb0  UART2_config                     
20012b3e  UART2_count                      
20012ad8  UART2_defaultParams              
2000d36d  UART2_open                       
20010ac5  UART2_rxDisable                  
20011955  UART2_write                      
200112c7  UART2_writeTimeout               
2000d6b1  UART2_writeTimeoutBlocking       
2000e0b1  UART2_writeTimeoutNonblocking    
200118d9  UARTBusy                         
20010955  UARTCharPutNonBlocking           
200115bd  UARTCharsAvail                   
2000f42d  UARTConfigSetExpClk              
200115d3  UARTDMADisable                   
200116c9  UARTDMAEnable                    
20010d37  UARTDisable                      
200112e5  UARTEnable                       
200115e9  UARTFIFOLevelSet                 
200114c1  UARTFlowControlSet               
200118e9  UARTIntClear                     
200115ff  UARTIntDisable                   
200116dd  UARTIntEnable                    
20010e69  UARTIntStatus                    
200118f9  UARTRxErrorGet                   
20010841  UDMACC32XX_close                 
20012cb8  UDMACC32XX_config                
200106ad  UDMACC32XX_init                  
2000f5e9  UDMACC32XX_open                  
20011ae1  UtilsDelay                       
20004000  __STACK_END                      
00001000  __STACK_SIZE                     
00008000  __SYSMEM_SIZE                    
00000000  __TI_ATRegion0_region_sz         
00000000  __TI_ATRegion0_src_addr          
00000000  __TI_ATRegion0_trg_addr          
00000000  __TI_ATRegion1_region_sz         
00000000  __TI_ATRegion1_src_addr          
00000000  __TI_ATRegion1_trg_addr          
00000000  __TI_ATRegion2_region_sz         
00000000  __TI_ATRegion2_src_addr          
00000000  __TI_ATRegion2_trg_addr          
20013484  __TI_CINIT_Base                  
20013494  __TI_CINIT_Limit                 
20013494  __TI_CINIT_Warm                  
20013470  __TI_Handler_Table_Base          
2001347c  __TI_Handler_Table_Limit         
200108b1  __TI_auto_init_nobinit_nopinit   
2000f4a1  __TI_decompress_lzss             
2001199b  __TI_decompress_none             
ffffffff  __TI_pprof_out_hndl              
2000c041  __TI_printfi_nofloat             
ffffffff  __TI_prof_data_size              
ffffffff  __TI_prof_data_start             
20013384  __TI_static_base__               
20011929  __TI_zero_init                   
20012610  __aeabi_ctype_table_             
20012610  __aeabi_ctype_table_C            
20010131  __aeabi_d2iz                     
2000e2dd  __aeabi_dmul                     
20013370  __aeabi_errno                    
20011ae9  __aeabi_errno_addr               
20010d65  __aeabi_i2d                      
2000f8cf  __aeabi_ldiv0                    
20011af1  __aeabi_memclr                   
20011af1  __aeabi_memclr4                  
20011af1  __aeabi_memclr8                  
20011b39  __aeabi_memcpy                   
20011b39  __aeabi_memcpy4                  
20011b39  __aeabi_memcpy8                  
20011aa5  __aeabi_memset                   
20011aa5  __aeabi_memset4                  
20011aa5  __aeabi_memset8                  
200116f1  __aeabi_uldivmod                 
ffffffff  __binit__                        
20010131  __fixdfsi                        
20010d65  __floatsidf                      
UNDEFED   __mpu_init                       
2000e2dd  __muldf3                         
20003000  __stack                          
20004000  __start___llvm_prf_bits          
20004000  __start___llvm_prf_cnts          
20004000  __stop___llvm_prf_bits           
20004000  __stop___llvm_prf_cnts           
2000ea71  __udivmoddi4                     
2001111d  _c_int00_noargs                  
20013374  _lock                            
2000fb5b  _nop                             
20004040  _sys_memory                      
UNDEFED   _system_post_cinit               
20011b3d  _system_pre_init                 
20013378  _unlock                          
20011b41  abort                            
2000df91  aligned_alloc                    
200105b1  atoi                             
ffffffff  binit                            
20013324  buttonTime                       
2000fe4b  clkFxn                           
20013320  count1                           
2001332c  displayTime                      
2000e3d9  free                             
20011a39  gpioButtonFxn0                   
20011a45  gpioButtonFxn1                   
200123a0  gpioCallbackFunctions            
20013248  gpioPinConfigs                   
20012424  gpioUserArgs                     
20013319  heat                             
20013328  heatTime                         
20012604  i2c                              
20012bec  i2cCC32XXHWAttrs                 
200122a4  i2cCC32XXObjects                 
200125ac  i2cTransaction                   
2000d539  initI2C                          
200106e9  initTimer                        
20010879  initUART                         
20010af9  initVectors                      
20011909  main                             
2000dd35  mainThread                       
20011af9  malloc                           
2000df91  memalign                         
20011303  memccpy                          
2001252c  output                           
20013150  parkInfo                         
20013330  periodTime                       
2000edb1  readTemp                         
20011409  resetISR                         
2001260c  rxBuffer                         
2001331e  setPoint                         
200103e5  snprintf                         
2001331c  temp                             
20012c44  timerCC32XXHWAttrs               
200124a8  timerCC32XXObjects               
20011705  timerCallback                    
2001260e  txBuffer                         
2000fdfd  uDMAChannelAssign                
2000f017  uDMAChannelAttributeDisable      
200105f1  uDMAChannelControlSet            
20011321  uDMAChannelDisable               
2001133f  uDMAChannelEnable                
2001135d  uDMAChannelIsEnabled             
2000ffc5  uDMAChannelSizeGet               
2000e1cb  uDMAChannelTransferSet           
20011719  uDMAControlBaseSet               
20011971  uDMAEnable                       
2001197f  uDMAErrorStatusClear             
20011a5d  uDMAErrorStatusGet               
2001172d  uDMAIntClear                     
20012608  uart                             
20012000  uart2CC32XXObjects0              
20012c7c  udmaCC3220SHWAttrs               
200125f0  udmaCC3220SObject                
20011919  wcslen                           


GLOBAL SYMBOLS: SORTED BY Symbol Address 

address   name                             
-------   ----                             
00000000  __TI_ATRegion0_region_sz         
00000000  __TI_ATRegion0_src_addr          
00000000  __TI_ATRegion0_trg_addr          
00000000  __TI_ATRegion1_region_sz         
00000000  __TI_ATRegion1_src_addr          
00000000  __TI_ATRegion1_trg_addr          
00000000  __TI_ATRegion2_region_sz         
00000000  __TI_ATRegion2_src_addr          
00000000  __TI_ATRegion2_trg_addr          
00001000  __STACK_SIZE                     
00008000  __SYSMEM_SIZE                    
20003000  __stack                          
20004000  __STACK_END                      
20004000  __start___llvm_prf_bits          
20004000  __start___llvm_prf_cnts          
20004000  __stop___llvm_prf_bits           
20004000  __stop___llvm_prf_cnts           
20004040  _sys_memory                      
2000c041  __TI_printfi_nofloat             
2000c8ad  PRCMCC3200MCUInit                
2000cd65  Power_sleep                      
2000d36b  Board_initHook                   
2000d36d  UART2_open                       
2000d539  initI2C                          
2000d6b1  UART2_writeTimeoutBlocking       
2000d825  PowerCC32XX_sleepPolicy          
2000d975  Timer_open                       
2000dabd  GPIO_setConfig                   
2000dd35  mainThread                       
2000de69  I2C_transferTimeout              
2000df8f  I2C_init                         
2000df91  aligned_alloc                    
2000df91  memalign                         
2000e0b1  UART2_writeTimeoutNonblocking    
2000e1cb  uDMAChannelTransferSet           
2000e2dd  __aeabi_dmul                     
2000e2dd  __muldf3                         
2000e3d9  free                             
2000e4c9  I2C_open                         
2000e5b1  UART2_close                      
2000e699  UART2Support_dmaStartRx          
2000e765  IntDisable                       
2000e82d  IntEnable                        
2000e9b9  UART2Support_dmaStartTx          
2000ea71  __udivmoddi4                     
2000eb21  GPIOIntTypeSet                   
2000ebcd  IntPendSet                       
2000ec71  PinConfigSet                     
2000edaf  PowerCC32XX_initPolicy           
2000edb1  readTemp                         
2000ee4d  I2CMasterInitExpClk              
2000eee5  SemaphoreP_pend                  
2000ef7d  ClockP_doTick                    
2000ef81  PowerCC32XX_enterLPDS            
2000efc5  PowerCC32XX_resumeLPDS           
2000f017  uDMAChannelAttributeDisable      
2000f0a9  GPIO_init                        
2000f139  PRCMSysResetCauseGet             
2000f1c7  SemaphoreP_destruct              
2000f1c9  PowerCC32XX_configureWakeup      
2000f2cb  Timer_init                       
2000f2cd  Power_init                       
2000f345  HwiP_construct                   
2000f3b9  PRCMHibernateWakeUpGPIOSelect    
2000f42d  UARTConfigSetExpClk              
2000f4a1  __TI_decompress_lzss             
2000f511  PinLockLevelSet                  
2000f57d  Power_setDependency              
2000f5e9  UDMACC32XX_open                  
2000f72d  PRCMPeripheralReset              
2000f801  IntPendClear                     
2000f8cf  __aeabi_ldiv0                    
2000f8d1  GPIO_write                       
2000f931  UART2Support_dmaStopTx           
2000f991  FlashDisable                     
2000f9ed  I2CSupport_primeTransfer         
2000fa49  PRCMHibernateWakeupSourceDisable 
2000faa5  TimerCC32XX_allocateTimerResource
2000fb01  PRCMPeripheralClkEnable          
2000fb5b  _nop                             
2000fb5d  ClockP_startup                   
2000fbb5  IntPrioritySet                   
2000fc0d  PRCMLPDSEnter                    
2000fc65  PowerCC32XX_setParkState         
2000fcb9  Power_releaseDependency          
2000fd0d  GPIO_hwiIntFxn                   
2000fd5d  PRCMHibernateWakeupSourceEnable  
2000fdad  SemaphoreP_construct             
2000fdfd  uDMAChannelAssign                
2000fe4b  clkFxn                           
2000fe4d  GPIO_setInterruptConfig          
2000fe99  PRCMLPDSRestoreInfoSet           
2000ff31  UART2Support_dmaStopRx           
2000ffc5  uDMAChannelSizeGet               
20010011  ClockP_sysTickHandler            
20010059  PRCMIntEnable                    
200100a1  PRCMPeripheralStatusGet          
200100e9  PinConfigGet                     
20010131  __aeabi_d2iz                     
20010131  __fixdfsi                        
200101bf  PRCMLPDSEnterKeepDebugIf         
20010205  RingBuf_put                      
2001024b  GPIODirModeSet                   
20010291  GPIO_disableInt                  
200102d5  GPIO_enableInt                   
20010319  Power_releaseConstraint          
2001035d  Timer_start                      
200103e5  snprintf                         
20010429  PinModeSet                       
2001046b  TimerControlStall                
200104ad  Timer_close                      
20010531  SemaphoreP_post                  
20010571  Timer_stop                       
200105b1  atoi                             
200105f1  uDMAChannelControlSet            
20010631  PinDirModeSet                    
20010671  ClockP_stop                      
200106ad  UDMACC32XX_init                  
200106e9  initTimer                        
20010725  TimerSupport_timerEnable         
20010761  ClockP_destruct                  
20010799  Power_setConstraint              
200107d1  RingBuf_putAdvance               
20010809  SwiP_restore                     
20010841  UDMACC32XX_close                 
20010879  initUART                         
200108b1  __TI_auto_init_nobinit_nopinit   
200108e9  PinLock                          
20010955  UARTCharPutNonBlocking           
2001098d  ClockP_start                     
200109c1  I2CFIFODataPutNonBlocking        
200109f5  PinDirModeGet                    
20010a29  PinModeGet                       
20010a5d  PowerCC32XX_parkPin              
20010a91  TimerCC32XX_freeTimerResource    
20010ac5  UART2_rxDisable                  
20010af9  initVectors                      
20010b2d  ClockP_getTicksUntilInterrupt    
20010b5d  I2CFIFODataGetNonBlocking        
20010b8d  PRCMLPDSIntervalSet              
20010bbd  PRCMSlowClkCtrFastGet            
20010bed  TimerLoadSet                     
20010c1d  TimerPrescaleSet                 
20010cad  GPIOIntStatus                    
20010cdb  RingBuf_getConsume               
20010d09  RingBuf_putPointer               
20010d37  UARTDisable                      
20010d65  __aeabi_i2d                      
20010d65  __floatsidf                      
20010d93  I2CMasterIntStatusEx             
20010deb  HwiP_create                      
20010e15  PRCMLPDSWakeUpGPIOSelect         
20010e3f  PRCMPeripheralClkDisable         
20010e69  UARTIntStatus                    
20010e93  I2CMasterBusBusy                 
20010ebb  I2CMasterSlaveAddrSet            
20010ee3  I2CTxFIFOConfigSet               
20010f0b  I2C_cancel                       
20010f33  List_remove                      
20010f5b  PRCMSRAMRetentionEnable          
20010f85  PowerCC32XX_getParkState         
20010fad  TimerSupport_timerDisable        
20010ffd  I2CRxFIFOConfigSet               
20011021  IntUnregister                    
20011045  List_put                         
20011069  PRCMLPDSWakeupSourceEnable       
2001108d  PowerCC32XX_restoreParkState     
200110b1  PowerCC32XX_restoreParkedPin     
200110d5  Power_registerNotify             
200110f9  UART2Support_disableRx           
2001111d  _c_int00_noargs                  
20011141  GPIOPinWrite                     
20011163  PinUnlock                        
20011185  RingBuf_getPointer               
200111a7  UART2Support_sendData            
200111c9  IntRegister                      
200111e9  PinTypeI2C                       
20011209  PowerCC32XX_reset                
20011229  Power_unregisterNotify           
20011249  SemaphoreP_constructBinary       
20011269  SemaphoreP_createBinary          
20011289  TimerDisable                     
200112a9  PinTypeUART                      
200112c7  UART2_writeTimeout               
200112e5  UARTEnable                       
20011303  memccpy                          
20011321  uDMAChannelDisable               
2001133f  uDMAChannelEnable                
2001135d  uDMAChannelIsEnabled             
2001137d  GPIO_setCallback                 
20011399  HwiP_dispatch                    
200113b5  SwiP_disable                     
20011409  resetISR                         
20011425  GPIOIntDisable                   
2001143f  PRCMHIBRegRead                   
20011459  PRCMHIBRegWrite                  
20011473  PRCMLPDSWakeupSourceDisable      
2001148d  PinToPadGet                      
200114a7  TimerEnable                      
200114c1  UARTFlowControlSet               
200114db  GPIOIntEnable                    
200114f3  SemaphoreP_create                
20011523  Board_init                       
20011539  I2CMasterBurstLengthSet          
2001154f  I2CMasterIntDisableEx            
20011565  I2CRxFIFOFlush                   
2001157b  I2CTxFIFOFlush                   
20011591  SysTickPeriodSet                 
200115a7  TimerIntDisable                  
200115bd  UARTCharsAvail                   
200115d3  UARTDMADisable                   
200115e9  UARTFIFOLevelSet                 
200115ff  UARTIntDisable                   
20011615  CPUcpsid                         
20011629  CPUcpsie                         
2001163d  HwiP_destruct                    
20011651  I2CMasterIntEnableEx             
20011665  IntVTableBaseSet                 
20011679  Power_disablePolicy              
2001168d  Power_getTransitionLatency       
200116a1  Power_idleFunc                   
200116b5  TimerIntEnable                   
200116c9  UARTDMAEnable                    
200116dd  UARTIntEnable                    
200116f1  __aeabi_uldivmod                 
20011705  timerCallback                    
20011719  uDMAControlBaseSet               
2001172d  uDMAIntClear                     
20011741  ClockP_add                       
20011753  GPIOIntClear                     
20011765  HwiP_Params_init                 
20011777  HwiP_delete                      
20011789  I2CMasterDisable                 
2001179b  I2CMasterEnable                  
200117ad  I2C_transfer                     
200117bf  SysTickEnable                    
200117d1  SysTickIntDisable                
200117e3  SysTickIntEnable                 
20011807  TI_memcpy_small                  
20011819  ClockP_getCpuFreq                
20011829  ClockP_getSystemTicks            
20011839  ClockP_setTicks                  
20011849  HwiP_inISR                       
20011859  I2CMasterControl                 
20011869  I2CMasterIntClearEx              
20011879  I2CMasterTimeoutSet              
20011889  Power_enablePolicy               
20011899  RingBuf_construct                
200118a9  TimerIntClear                    
200118b9  Timer_Params_init                
200118c9  UART2Support_txDone              
200118d9  UARTBusy                         
200118e9  UARTIntClear                     
200118f9  UARTRxErrorGet                   
20011909  main                             
20011919  wcslen                           
20011929  __TI_zero_init                   
20011939  HwiP_interruptsEnabled           
20011947  I2CFIFOStatus                    
20011955  UART2_write                      
20011971  uDMAEnable                       
2001197f  uDMAErrorStatusClear             
2001198d  TI_memset_small                  
2001199b  __TI_decompress_none             
200119a9  CPUwfi                           
200119c1  I2C_Params_init                  
200119f1  PRCMLPDSWakeupCauseGet           
200119fd  Power_getConstraintMask          
20011a15  UART2Support_disableTx           
20011a21  UART2Support_enableTx            
20011a2d  UART2_Params_init                
20011a39  gpioButtonFxn0                   
20011a45  gpioButtonFxn1                   
20011a5d  uDMAErrorStatusGet               
20011a69  CPUprimask                       
20011a73  ClockP_isActive                  
20011a7d  IntMasterDisable                 
20011a87  IntMasterEnable                  
20011aa5  __aeabi_memset                   
20011aa5  __aeabi_memset4                  
20011aa5  __aeabi_memset8                  
20011ab9  HwiP_disable                     
20011ac1  HwiP_restore                     
20011ad1  I2CSupport_controllerFinish      
20011ad9  PRCMSleepEnter                   
20011ae1  UtilsDelay                       
20011ae9  __aeabi_errno_addr               
20011af1  __aeabi_memclr                   
20011af1  __aeabi_memclr4                  
20011af1  __aeabi_memclr8                  
20011af9  malloc                           
20011b01  I2CSupport_powerRelConstraint    
20011b07  I2CSupport_powerSetConstraint    
20011b0d  UART2Support_powerRelConstraint  
20011b13  HwiP_clearInterrupt              
20011b17  HwiP_disableInterrupt            
20011b1b  HwiP_enable                      
20011b1f  HwiP_enableInterrupt             
20011b23  HwiP_post                        
20011b2b  NoRTOS_start                     
20011b2f  RingBuf_getCount                 
20011b33  SemaphoreP_delete                
20011b39  __aeabi_memcpy                   
20011b39  __aeabi_memcpy4                  
20011b39  __aeabi_memcpy8                  
20011b3d  _system_pre_init                 
20011b40  C$$EXIT                          
20011b41  abort                            
20012000  uart2CC32XXObjects0              
20012178  PowerCC32XX_contextSave          
200122a4  i2cCC32XXObjects                 
200123a0  gpioCallbackFunctions            
20012424  gpioUserArgs                     
200124a8  timerCC32XXObjects               
2001252c  output                           
200125ac  i2cTransaction                   
200125e0  ClockP_ctrl                      
200125f0  udmaCC3220SObject                
20012604  i2c                              
20012608  uart                             
2001260c  rxBuffer                         
2001260e  txBuffer                         
20012610  __aeabi_ctype_table_             
20012610  __aeabi_ctype_table_C            
20012713  GPIO_pinUpperBound               
200129d8  PowerCC32XX_config               
20012a86  I2C_count                        
20012a87  Timer_count                      
20012ad8  UART2_defaultParams              
20012b3e  UART2_count                      
20012bec  i2cCC32XXHWAttrs                 
20012c24  GPIO_config                      
20012c44  timerCC32XXHWAttrs               
20012c7c  udmaCC3220SHWAttrs               
20012ca0  I2C_config                       
20012ca8  Timer_config                     
20012cb0  UART2_config                     
20012cb8  UDMACC32XX_config                
20012fe4  PowerCC32XX_module               
20013150  parkInfo                         
20013248  gpioPinConfigs                   
20013318  TimerFlag                        
20013319  heat                             
2001331a  Button0Flag                      
2001331b  Button1Flag                      
2001331c  temp                             
2001331e  setPoint                         
20013320  count1                           
20013324  buttonTime                       
20013328  heatTime                         
2001332c  displayTime                      
20013330  periodTime                       
2001334c  HwiP_swiPIntNum                  
20013358  SemaphoreP_defaultParams         
2001336c  ClockP_tickPeriod                
20013370  __aeabi_errno                    
20013374  _lock                            
20013378  _unlock                          
20013384  __TI_static_base__               
20013470  __TI_Handler_Table_Base          
2001347c  __TI_Handler_Table_Limit         
20013484  __TI_CINIT_Base                  
20013494  __TI_CINIT_Limit                 
20013494  __TI_CINIT_Warm                  
ffffffff  __TI_pprof_out_hndl              
ffffffff  __TI_prof_data_size              
ffffffff  __TI_prof_data_start             
ffffffff  __binit__                        
ffffffff  binit                            
UNDEFED   ITM_flush                        
UNDEFED   ITM_restore                      
UNDEFED   __mpu_init                       
UNDEFED   _system_post_cinit               

[373 symbols]
