<?xml version="1.0" encoding="ISO-8859-1" ?>
<link_info>
   <banner>TI ARM Clang Linker PC v3.2.0.LTS</banner>
   <copyright>Copyright (c) 1996-2018 Texas Instruments Incorporated</copyright>
   <link_time>0x6569388e</link_time>
   <link_errors>0x0</link_errors>
   <output_file>C:\Users\Juan\Documents\CS350\workspace\gpiointerrupt_CC3220S_LAUNCHXL_nortos_ticlang\MCU+Image\gpiointerrupt_CC3220S_LAUNCHXL_nortos_ticlang.out</output_file>
   <entry_point>
      <name>resetISR</name>
      <address>0x2000ee11</address>
   </entry_point>
   <input_file_list>
      <input_file id="fl-1">
         <path>C:\Users\Juan\Documents\CS350\workspace\gpiointerrupt_CC3220S_LAUNCHXL_nortos_ticlang\MCU+Image\.\</path>
         <kind>object</kind>
         <file>gpiointerrupt.o</file>
         <name>gpiointerrupt.o</name>
      </input_file>
      <input_file id="fl-2">
         <path>C:\Users\Juan\Documents\CS350\workspace\gpiointerrupt_CC3220S_LAUNCHXL_nortos_ticlang\MCU+Image\.\syscfg\</path>
         <kind>object</kind>
         <file>ti_drivers_config.o</file>
         <name>ti_drivers_config.o</name>
      </input_file>
      <input_file id="fl-3">
         <path>C:\Users\Juan\Documents\CS350\workspace\gpiointerrupt_CC3220S_LAUNCHXL_nortos_ticlang\MCU+Image\.\</path>
         <kind>object</kind>
         <file>main_nortos.o</file>
         <name>main_nortos.o</name>
      </input_file>
      <input_file id="fl-13">
         <path>C:\Users\Juan\Documents\CS350\workspace\gpiointerrupt_CC3220S_LAUNCHXL_nortos_ticlang\MCU+Image\</path>
         <kind>object</kind>
         <file>&lt;internal&gt;</file>
         <name>&lt;internal&gt;</name>
      </input_file>
      <input_file id="fl-14">
         <path>C:\ti\simplelink_cc32xx_sdk_7_10_00_13\source\ti\drivers\lib\ticlang\m4\</path>
         <kind>archive</kind>
         <file>drivers_cc32xx.a</file>
         <name>GPIO.c.obj</name>
      </input_file>
      <input_file id="fl-15">
         <path>C:\ti\simplelink_cc32xx_sdk_7_10_00_13\source\ti\drivers\lib\ticlang\m4\</path>
         <kind>archive</kind>
         <file>drivers_cc32xx.a</file>
         <name>GPIOCC32XX.c.obj</name>
      </input_file>
      <input_file id="fl-16">
         <path>C:\ti\simplelink_cc32xx_sdk_7_10_00_13\source\ti\drivers\lib\ticlang\m4\</path>
         <kind>archive</kind>
         <file>drivers_cc32xx.a</file>
         <name>PowerCC32XX.c.obj</name>
      </input_file>
      <input_file id="fl-17">
         <path>C:\ti\simplelink_cc32xx_sdk_7_10_00_13\source\ti\drivers\lib\ticlang\m4\</path>
         <kind>archive</kind>
         <file>drivers_cc32xx.a</file>
         <name>PowerCC32XX_ticlang.asm.obj</name>
      </input_file>
      <input_file id="fl-18">
         <path>C:\ti\simplelink_cc32xx_sdk_7_10_00_13\source\ti\drivers\lib\ticlang\m4\</path>
         <kind>archive</kind>
         <file>drivers_cc32xx.a</file>
         <name>Timer.c.obj</name>
      </input_file>
      <input_file id="fl-19">
         <path>C:\ti\simplelink_cc32xx_sdk_7_10_00_13\source\ti\drivers\lib\ticlang\m4\</path>
         <kind>archive</kind>
         <file>drivers_cc32xx.a</file>
         <name>TimerCC32XX.c.obj</name>
      </input_file>
      <input_file id="fl-1a">
         <path>C:\ti\simplelink_cc32xx_sdk_7_10_00_13\source\ti\drivers\lib\ticlang\m4\</path>
         <kind>archive</kind>
         <file>drivers_cc32xx.a</file>
         <name>List.c.obj</name>
      </input_file>
      <input_file id="fl-1b">
         <path>C:\ti\simplelink_cc32xx_sdk_7_10_00_13\kernel\nortos\lib\ticlang\m4\</path>
         <kind>archive</kind>
         <file>nortos_cc32xx.a</file>
         <name>NoRTOS.c.obj</name>
      </input_file>
      <input_file id="fl-1c">
         <path>C:\ti\simplelink_cc32xx_sdk_7_10_00_13\kernel\nortos\lib\ticlang\m4\</path>
         <kind>archive</kind>
         <file>nortos_cc32xx.a</file>
         <name>SemaphoreP_nortos.c.obj</name>
      </input_file>
      <input_file id="fl-1d">
         <path>C:\ti\simplelink_cc32xx_sdk_7_10_00_13\kernel\nortos\lib\ticlang\m4\</path>
         <kind>archive</kind>
         <file>nortos_cc32xx.a</file>
         <name>ClockPSysTick_nortos.c.obj</name>
      </input_file>
      <input_file id="fl-1e">
         <path>C:\ti\simplelink_cc32xx_sdk_7_10_00_13\kernel\nortos\lib\ticlang\m4\</path>
         <kind>archive</kind>
         <file>nortos_cc32xx.a</file>
         <name>HwiPCC32XX_nortos.c.obj</name>
      </input_file>
      <input_file id="fl-1f">
         <path>C:\ti\simplelink_cc32xx_sdk_7_10_00_13\kernel\nortos\lib\ticlang\m4\</path>
         <kind>archive</kind>
         <file>nortos_cc32xx.a</file>
         <name>PowerCC32XX_nortos.c.obj</name>
      </input_file>
      <input_file id="fl-20">
         <path>C:\ti\simplelink_cc32xx_sdk_7_10_00_13\kernel\nortos\lib\ticlang\m4\</path>
         <kind>archive</kind>
         <file>nortos_cc32xx.a</file>
         <name>startup_cc32xx_ticlang.c.obj</name>
      </input_file>
      <input_file id="fl-21">
         <path>C:\ti\simplelink_cc32xx_sdk_7_10_00_13\kernel\nortos\lib\ticlang\m4\</path>
         <kind>archive</kind>
         <file>nortos_cc32xx.a</file>
         <name>SwiP_nortos.c.obj</name>
      </input_file>
      <input_file id="fl-22">
         <path>C:\ti\simplelink_cc32xx_sdk_7_10_00_13\source\ti\devices\cc32xx\driverlib\ticlang\Release\</path>
         <kind>archive</kind>
         <file>driverlib.a</file>
         <name>cpu.obj</name>
      </input_file>
      <input_file id="fl-23">
         <path>C:\ti\simplelink_cc32xx_sdk_7_10_00_13\source\ti\devices\cc32xx\driverlib\ticlang\Release\</path>
         <kind>archive</kind>
         <file>driverlib.a</file>
         <name>gpio.obj</name>
      </input_file>
      <input_file id="fl-24">
         <path>C:\ti\simplelink_cc32xx_sdk_7_10_00_13\source\ti\devices\cc32xx\driverlib\ticlang\Release\</path>
         <kind>archive</kind>
         <file>driverlib.a</file>
         <name>hwspinlock.obj</name>
      </input_file>
      <input_file id="fl-25">
         <path>C:\ti\simplelink_cc32xx_sdk_7_10_00_13\source\ti\devices\cc32xx\driverlib\ticlang\Release\</path>
         <kind>archive</kind>
         <file>driverlib.a</file>
         <name>interrupt.obj</name>
      </input_file>
      <input_file id="fl-26">
         <path>C:\ti\simplelink_cc32xx_sdk_7_10_00_13\source\ti\devices\cc32xx\driverlib\ticlang\Release\</path>
         <kind>archive</kind>
         <file>driverlib.a</file>
         <name>pin.obj</name>
      </input_file>
      <input_file id="fl-27">
         <path>C:\ti\simplelink_cc32xx_sdk_7_10_00_13\source\ti\devices\cc32xx\driverlib\ticlang\Release\</path>
         <kind>archive</kind>
         <file>driverlib.a</file>
         <name>prcm.obj</name>
      </input_file>
      <input_file id="fl-28">
         <path>C:\ti\simplelink_cc32xx_sdk_7_10_00_13\source\ti\devices\cc32xx\driverlib\ticlang\Release\</path>
         <kind>archive</kind>
         <file>driverlib.a</file>
         <name>spi.obj</name>
      </input_file>
      <input_file id="fl-29">
         <path>C:\ti\simplelink_cc32xx_sdk_7_10_00_13\source\ti\devices\cc32xx\driverlib\ticlang\Release\</path>
         <kind>archive</kind>
         <file>driverlib.a</file>
         <name>systick.obj</name>
      </input_file>
      <input_file id="fl-2a">
         <path>C:\ti\simplelink_cc32xx_sdk_7_10_00_13\source\ti\devices\cc32xx\driverlib\ticlang\Release\</path>
         <kind>archive</kind>
         <file>driverlib.a</file>
         <name>timer.obj</name>
      </input_file>
      <input_file id="fl-2b">
         <path>C:\ti\simplelink_cc32xx_sdk_7_10_00_13\source\ti\devices\cc32xx\driverlib\ticlang\Release\</path>
         <kind>archive</kind>
         <file>driverlib.a</file>
         <name>utils.obj</name>
      </input_file>
      <input_file id="fl-2c">
         <path>C:\ti\simplelink_cc32xx_sdk_7_10_00_13\source\ti\devices\cc32xx\driverlib\ticlang\Release\</path>
         <kind>archive</kind>
         <file>driverlib.a</file>
         <name>flash.obj</name>
      </input_file>
      <input_file id="fl-39">
         <path>C:\ti\ccs1250\ccs\tools\compiler\ti-cgt-armllvm_3.2.0.LTS\lib\armv7em-ti-none-eabi\c\</path>
         <kind>archive</kind>
         <file>libc.a</file>
         <name>memory.c.obj</name>
      </input_file>
      <input_file id="fl-3a">
         <path>C:\ti\ccs1250\ccs\tools\compiler\ti-cgt-armllvm_3.2.0.LTS\lib\armv7em-ti-none-eabi\c\</path>
         <kind>archive</kind>
         <file>libc.a</file>
         <name>boot_cortex_m.c.obj</name>
      </input_file>
      <input_file id="fl-3b">
         <path>C:\ti\ccs1250\ccs\tools\compiler\ti-cgt-armllvm_3.2.0.LTS\lib\armv7em-ti-none-eabi\c\</path>
         <kind>archive</kind>
         <file>libc.a</file>
         <name>mathacl_init.c.obj</name>
      </input_file>
      <input_file id="fl-3c">
         <path>C:\ti\ccs1250\ccs\tools\compiler\ti-cgt-armllvm_3.2.0.LTS\lib\armv7em-ti-none-eabi\c\</path>
         <kind>archive</kind>
         <file>libc.a</file>
         <name>autoinit.c.obj</name>
      </input_file>
      <input_file id="fl-3d">
         <path>C:\ti\ccs1250\ccs\tools\compiler\ti-cgt-armllvm_3.2.0.LTS\lib\armv7em-ti-none-eabi\c\</path>
         <kind>archive</kind>
         <file>libc.a</file>
         <name>pre_init.c.obj</name>
      </input_file>
      <input_file id="fl-3e">
         <path>C:\ti\ccs1250\ccs\tools\compiler\ti-cgt-armllvm_3.2.0.LTS\lib\armv7em-ti-none-eabi\c\</path>
         <kind>archive</kind>
         <file>libc.a</file>
         <name>cpy_tbl.c.obj</name>
      </input_file>
      <input_file id="fl-3f">
         <path>C:\ti\ccs1250\ccs\tools\compiler\ti-cgt-armllvm_3.2.0.LTS\lib\armv7em-ti-none-eabi\c\</path>
         <kind>archive</kind>
         <file>libc.a</file>
         <name>copy_zero_init.c.obj</name>
      </input_file>
      <input_file id="fl-40">
         <path>C:\ti\ccs1250\ccs\tools\compiler\ti-cgt-armllvm_3.2.0.LTS\lib\armv7em-ti-none-eabi\c\</path>
         <kind>archive</kind>
         <file>libc.a</file>
         <name>copy_decompress_none.c.obj</name>
      </input_file>
      <input_file id="fl-41">
         <path>C:\ti\ccs1250\ccs\tools\compiler\ti-cgt-armllvm_3.2.0.LTS\lib\armv7em-ti-none-eabi\c\</path>
         <kind>archive</kind>
         <file>libc.a</file>
         <name>copy_decompress_lzss.c.obj</name>
      </input_file>
      <input_file id="fl-42">
         <path>C:\ti\ccs1250\ccs\tools\compiler\ti-cgt-armllvm_3.2.0.LTS\lib\armv7em-ti-none-eabi\c\</path>
         <kind>archive</kind>
         <file>libc.a</file>
         <name>exit.c.obj</name>
      </input_file>
      <input_file id="fl-43">
         <path>C:\ti\ccs1250\ccs\tools\compiler\ti-cgt-armllvm_3.2.0.LTS\lib\armv7em-ti-none-eabi\c\</path>
         <kind>archive</kind>
         <file>libc.a</file>
         <name>_lock.c.obj</name>
      </input_file>
      <input_file id="fl-44">
         <path>C:\ti\ccs1250\ccs\tools\compiler\ti-cgt-armllvm_3.2.0.LTS\lib\armv7em-ti-none-eabi\c\</path>
         <kind>archive</kind>
         <file>libc.a</file>
         <name>args_main.c.obj</name>
      </input_file>
      <input_file id="fl-a8">
         <path>C:\ti\ccs1250\ccs\tools\compiler\ti-cgt-armllvm_3.2.0.LTS\lib\clang\15.0.7\lib\armv7em-ti-none-eabi\</path>
         <kind>archive</kind>
         <file>libclang_rt.builtins.a</file>
         <name>aeabi_memcpy.S.obj</name>
      </input_file>
      <input_file id="fl-a9">
         <path>C:\ti\ccs1250\ccs\tools\compiler\ti-cgt-armllvm_3.2.0.LTS\lib\clang\15.0.7\lib\armv7em-ti-none-eabi\</path>
         <kind>archive</kind>
         <file>libclang_rt.builtins.a</file>
         <name>aeabi_memset.S.obj</name>
      </input_file>
      <input_file id="fl-aa">
         <path>C:\ti\ccs1250\ccs\tools\compiler\ti-cgt-armllvm_3.2.0.LTS\lib\clang\15.0.7\lib\armv7em-ti-none-eabi\</path>
         <kind>archive</kind>
         <file>libclang_rt.builtins.a</file>
         <name>aeabi_uldivmod.S.obj</name>
      </input_file>
      <input_file id="fl-ab">
         <path>C:\ti\ccs1250\ccs\tools\compiler\ti-cgt-armllvm_3.2.0.LTS\lib\clang\15.0.7\lib\armv7em-ti-none-eabi\</path>
         <kind>archive</kind>
         <file>libclang_rt.builtins.a</file>
         <name>udivmoddi4.S.obj</name>
      </input_file>
      <input_file id="fl-ac">
         <path>C:\ti\ccs1250\ccs\tools\compiler\ti-cgt-armllvm_3.2.0.LTS\lib\clang\15.0.7\lib\armv7em-ti-none-eabi\</path>
         <kind>archive</kind>
         <file>libclang_rt.builtins.a</file>
         <name>aeabi_div0.c.obj</name>
      </input_file>
      <input_file id="fl-ad">
         <path>C:\ti\ccs1250\ccs\tools\compiler\ti-cgt-armllvm_3.2.0.LTS\lib\armv7em-ti-none-eabi\c\</path>
         <kind>archive</kind>
         <file>libc.a</file>
         <name>memcpy_t2.S.obj</name>
      </input_file>
      <input_file id="fl-ae">
         <path>C:\ti\ccs1250\ccs\tools\compiler\ti-cgt-armllvm_3.2.0.LTS\lib\armv7em-ti-none-eabi\c\</path>
         <kind>archive</kind>
         <file>libc.a</file>
         <name>memset_t2.S.obj</name>
      </input_file>
   </input_file_list>
   <object_component_list>
      <object_component id="oc-d2">
         <name>.text.PRCMCC3200MCUInit</name>
         <load_address>0x2000c040</load_address>
         <readonly>true</readonly>
         <executable>true</executable>
         <run_address>0x2000c040</run_address>
         <size>0x4b8</size>
         <alignment>0x2</alignment>
         <input_file_ref idref="fl-27"/>
      </object_component>
      <object_component id="oc-1c2">
         <name>.text.Power_sleep</name>
         <load_address>0x2000c4f8</load_address>
         <readonly>true</readonly>
         <executable>true</executable>
         <run_address>0x2000c4f8</run_address>
         <size>0x3e4</size>
         <alignment>0x4</alignment>
         <input_file_ref idref="fl-16"/>
      </object_component>
      <object_component id="oc-170">
         <name>.text.PowerCC32XX_sleepPolicy</name>
         <load_address>0x2000c8dc</load_address>
         <readonly>true</readonly>
         <executable>true</executable>
         <run_address>0x2000c8dc</run_address>
         <size>0x150</size>
         <alignment>0x4</alignment>
         <input_file_ref idref="fl-1f"/>
      </object_component>
      <object_component id="oc-14b">
         <name>.text.timerCallback</name>
         <load_address>0x2000ca2c</load_address>
         <readonly>true</readonly>
         <executable>true</executable>
         <run_address>0x2000ca2c</run_address>
         <size>0x14c</size>
         <alignment>0x4</alignment>
         <input_file_ref idref="fl-1"/>
      </object_component>
      <object_component id="oc-144">
         <name>.text.Timer_open</name>
         <load_address>0x2000cb78</load_address>
         <readonly>true</readonly>
         <executable>true</executable>
         <run_address>0x2000cb78</run_address>
         <size>0x148</size>
         <alignment>0x4</alignment>
         <input_file_ref idref="fl-19"/>
      </object_component>
      <object_component id="oc-f4">
         <name>.text.GPIO_setConfig</name>
         <load_address>0x2000ccc0</load_address>
         <readonly>true</readonly>
         <executable>true</executable>
         <run_address>0x2000ccc0</run_address>
         <size>0x140</size>
         <alignment>0x4</alignment>
         <input_file_ref idref="fl-15"/>
      </object_component>
      <object_component id="oc-1e8">
         <name>.text.aligned_alloc</name>
         <load_address>0x2000ce00</load_address>
         <readonly>true</readonly>
         <executable>true</executable>
         <run_address>0x2000ce00</run_address>
         <size>0x120</size>
         <alignment>0x4</alignment>
         <input_file_ref idref="fl-39"/>
      </object_component>
      <object_component id="oc-177">
         <name>.text.free</name>
         <load_address>0x2000cf20</load_address>
         <readonly>true</readonly>
         <executable>true</executable>
         <run_address>0x2000cf20</run_address>
         <size>0xf0</size>
         <alignment>0x4</alignment>
         <input_file_ref idref="fl-39"/>
      </object_component>
      <object_component id="oc-231">
         <name>.text.IntDisable</name>
         <load_address>0x2000d010</load_address>
         <readonly>true</readonly>
         <executable>true</executable>
         <run_address>0x2000d010</run_address>
         <size>0xc8</size>
         <alignment>0x2</alignment>
         <input_file_ref idref="fl-25"/>
      </object_component>
      <object_component id="oc-1eb">
         <name>.text.IntEnable</name>
         <load_address>0x2000d0d8</load_address>
         <readonly>true</readonly>
         <executable>true</executable>
         <run_address>0x2000d0d8</run_address>
         <size>0xc8</size>
         <alignment>0x2</alignment>
         <input_file_ref idref="fl-25"/>
      </object_component>
      <object_component id="oc-1f5">
         <name>.text</name>
         <load_address>0x2000d1a0</load_address>
         <readonly>true</readonly>
         <executable>true</executable>
         <run_address>0x2000d1a0</run_address>
         <size>0xb0</size>
         <alignment>0x4</alignment>
         <input_file_ref idref="fl-ab"/>
      </object_component>
      <object_component id="oc-1a7">
         <name>.text.GPIOIntTypeSet</name>
         <load_address>0x2000d250</load_address>
         <readonly>true</readonly>
         <executable>true</executable>
         <run_address>0x2000d250</run_address>
         <size>0xac</size>
         <alignment>0x2</alignment>
         <input_file_ref idref="fl-23"/>
      </object_component>
      <object_component id="oc-22d">
         <name>.text.IntPendSet</name>
         <load_address>0x2000d2fc</load_address>
         <readonly>true</readonly>
         <executable>true</executable>
         <run_address>0x2000d2fc</run_address>
         <size>0xa4</size>
         <alignment>0x2</alignment>
         <input_file_ref idref="fl-25"/>
      </object_component>
      <object_component id="oc-14c">
         <name>.text.PinConfigSet</name>
         <load_address>0x2000d3a0</load_address>
         <readonly>true</readonly>
         <executable>true</executable>
         <run_address>0x2000d3a0</run_address>
         <size>0xa2</size>
         <alignment>0x2</alignment>
         <input_file_ref idref="fl-26"/>
      </object_component>
      <object_component id="oc-e2">
         <name>.text.Board_initHook</name>
         <load_address>0x2000d442</load_address>
         <readonly>true</readonly>
         <executable>true</executable>
         <run_address>0x2000d442</run_address>
         <size>0x2</size>
         <alignment>0x2</alignment>
         <input_file_ref idref="fl-2"/>
      </object_component>
      <object_component id="oc-126">
         <name>.text.SemaphoreP_pend</name>
         <load_address>0x2000d444</load_address>
         <readonly>true</readonly>
         <executable>true</executable>
         <run_address>0x2000d444</run_address>
         <size>0x98</size>
         <alignment>0x4</alignment>
         <input_file_ref idref="fl-1c"/>
      </object_component>
      <object_component id="oc-1c9">
         <name>.text.ClockP_doTick</name>
         <load_address>0x2000d4dc</load_address>
         <readonly>true</readonly>
         <executable>true</executable>
         <run_address>0x2000d4dc</run_address>
         <size>0x4</size>
         <alignment>0x2</alignment>
         <input_file_ref idref="fl-1d"/>
      </object_component>
      <object_component id="oc-202">
         <name>.text</name>
         <load_address>0x2000d4e0</load_address>
         <readonly>true</readonly>
         <executable>true</executable>
         <run_address>0x2000d4e0</run_address>
         <size>0x96</size>
         <alignment>0x10</alignment>
         <input_file_ref idref="fl-17"/>
      </object_component>
      <object_component id="oc-16b">
         <name>.text.PowerCC32XX_initPolicy</name>
         <load_address>0x2000d576</load_address>
         <readonly>true</readonly>
         <executable>true</executable>
         <run_address>0x2000d576</run_address>
         <size>0x2</size>
         <alignment>0x2</alignment>
         <input_file_ref idref="fl-1f"/>
      </object_component>
      <object_component id="oc-dc">
         <name>.text.GPIO_init</name>
         <load_address>0x2000d578</load_address>
         <readonly>true</readonly>
         <executable>true</executable>
         <run_address>0x2000d578</run_address>
         <size>0x90</size>
         <alignment>0x4</alignment>
         <input_file_ref idref="fl-15"/>
      </object_component>
      <object_component id="oc-105">
         <name>.text.PRCMSysResetCauseGet</name>
         <load_address>0x2000d608</load_address>
         <readonly>true</readonly>
         <executable>true</executable>
         <run_address>0x2000d608</run_address>
         <size>0x8e</size>
         <alignment>0x2</alignment>
         <input_file_ref idref="fl-27"/>
      </object_component>
      <object_component id="oc-1d8">
         <name>.text.SemaphoreP_destruct</name>
         <load_address>0x2000d696</load_address>
         <readonly>true</readonly>
         <executable>true</executable>
         <run_address>0x2000d696</run_address>
         <size>0x2</size>
         <alignment>0x2</alignment>
         <input_file_ref idref="fl-1c"/>
      </object_component>
      <object_component id="oc-117">
         <name>.text.PowerCC32XX_configureWakeup</name>
         <load_address>0x2000d698</load_address>
         <readonly>true</readonly>
         <executable>true</executable>
         <run_address>0x2000d698</run_address>
         <size>0x88</size>
         <alignment>0x4</alignment>
         <input_file_ref idref="fl-16"/>
      </object_component>
      <object_component id="oc-d7">
         <name>.text.Power_init</name>
         <load_address>0x2000d720</load_address>
         <readonly>true</readonly>
         <executable>true</executable>
         <run_address>0x2000d720</run_address>
         <size>0x78</size>
         <alignment>0x4</alignment>
         <input_file_ref idref="fl-16"/>
      </object_component>
      <object_component id="oc-1a6">
         <name>.text.HwiP_construct</name>
         <load_address>0x2000d798</load_address>
         <readonly>true</readonly>
         <executable>true</executable>
         <run_address>0x2000d798</run_address>
         <size>0x74</size>
         <alignment>0x4</alignment>
         <input_file_ref idref="fl-1e"/>
      </object_component>
      <object_component id="oc-168">
         <name>.text.PRCMHibernateWakeUpGPIOSelect</name>
         <load_address>0x2000d80c</load_address>
         <readonly>true</readonly>
         <executable>true</executable>
         <run_address>0x2000d80c</run_address>
         <size>0x74</size>
         <alignment>0x2</alignment>
         <input_file_ref idref="fl-27"/>
      </object_component>
      <object_component id="oc-18">
         <name>.text:decompress:lzss</name>
         <load_address>0x2000d880</load_address>
         <readonly>true</readonly>
         <executable>true</executable>
         <run_address>0x2000d880</run_address>
         <size>0x70</size>
         <alignment>0x2</alignment>
         <input_file_ref idref="fl-41"/>
      </object_component>
      <object_component id="oc-1ff">
         <name>.text.PinLockLevelSet</name>
         <load_address>0x2000d8f0</load_address>
         <readonly>true</readonly>
         <executable>true</executable>
         <run_address>0x2000d8f0</run_address>
         <size>0x6c</size>
         <alignment>0x2</alignment>
         <input_file_ref idref="fl-26"/>
      </object_component>
      <object_component id="oc-14d">
         <name>.text.Power_setDependency</name>
         <load_address>0x2000d95c</load_address>
         <readonly>true</readonly>
         <executable>true</executable>
         <run_address>0x2000d95c</run_address>
         <size>0x6c</size>
         <alignment>0x4</alignment>
         <input_file_ref idref="fl-16"/>
      </object_component>
      <object_component id="oc-12d">
         <name>.text.powerNotifyFxn</name>
         <load_address>0x2000d9c8</load_address>
         <readonly>true</readonly>
         <executable>true</executable>
         <run_address>0x2000d9c8</run_address>
         <size>0x6c</size>
         <alignment>0x4</alignment>
         <input_file_ref idref="fl-15"/>
      </object_component>
      <object_component id="oc-217">
         <name>.text.split</name>
         <load_address>0x2000da34</load_address>
         <readonly>true</readonly>
         <executable>true</executable>
         <run_address>0x2000da34</run_address>
         <size>0x6c</size>
         <alignment>0x4</alignment>
         <input_file_ref idref="fl-39"/>
      </object_component>
      <object_component id="oc-10d">
         <name>.text.PRCMPeripheralReset</name>
         <load_address>0x2000daa0</load_address>
         <readonly>true</readonly>
         <executable>true</executable>
         <run_address>0x2000daa0</run_address>
         <size>0x6a</size>
         <alignment>0x2</alignment>
         <input_file_ref idref="fl-27"/>
      </object_component>
      <object_component id="oc-212">
         <name>.text.IntPendClear</name>
         <load_address>0x2000db0a</load_address>
         <readonly>true</readonly>
         <executable>true</executable>
         <run_address>0x2000db0a</run_address>
         <size>0x68</size>
         <alignment>0x2</alignment>
         <input_file_ref idref="fl-25"/>
      </object_component>
      <object_component id="oc-13d">
         <name>.text.Timer_init</name>
         <load_address>0x2000db72</load_address>
         <readonly>true</readonly>
         <executable>true</executable>
         <run_address>0x2000db72</run_address>
         <size>0x2</size>
         <alignment>0x2</alignment>
         <input_file_ref idref="fl-18"/>
      </object_component>
      <object_component id="oc-19f">
         <name>.text.GPIO_write</name>
         <load_address>0x2000db74</load_address>
         <readonly>true</readonly>
         <executable>true</executable>
         <run_address>0x2000db74</run_address>
         <size>0x60</size>
         <alignment>0x4</alignment>
         <input_file_ref idref="fl-15"/>
      </object_component>
      <object_component id="oc-228">
         <name>.text.FlashDisable</name>
         <load_address>0x2000dbd4</load_address>
         <readonly>true</readonly>
         <executable>true</executable>
         <run_address>0x2000dbd4</run_address>
         <size>0x5c</size>
         <alignment>0x2</alignment>
         <input_file_ref idref="fl-2c"/>
      </object_component>
      <object_component id="oc-16a">
         <name>.text.PRCMHibernateWakeupSourceDisable</name>
         <load_address>0x2000dc30</load_address>
         <readonly>true</readonly>
         <executable>true</executable>
         <run_address>0x2000dc30</run_address>
         <size>0x5c</size>
         <alignment>0x2</alignment>
         <input_file_ref idref="fl-27"/>
      </object_component>
      <object_component id="oc-191">
         <name>.text.TimerCC32XX_allocateTimerResource</name>
         <load_address>0x2000dc8c</load_address>
         <readonly>true</readonly>
         <executable>true</executable>
         <run_address>0x2000dc8c</run_address>
         <size>0x5c</size>
         <alignment>0x4</alignment>
         <input_file_ref idref="fl-19"/>
      </object_component>
      <object_component id="oc-10c">
         <name>.text.PRCMPeripheralClkEnable</name>
         <load_address>0x2000dce8</load_address>
         <readonly>true</readonly>
         <executable>true</executable>
         <run_address>0x2000dce8</run_address>
         <size>0x5a</size>
         <alignment>0x2</alignment>
         <input_file_ref idref="fl-27"/>
      </object_component>
      <object_component id="oc-21c">
         <name>.text.__aeabi_ldiv0</name>
         <load_address>0x2000dd42</load_address>
         <readonly>true</readonly>
         <executable>true</executable>
         <run_address>0x2000dd42</run_address>
         <size>0x2</size>
         <alignment>0x2</alignment>
         <input_file_ref idref="fl-ac"/>
      </object_component>
      <object_component id="oc-1f3">
         <name>.text.ClockP_startup</name>
         <load_address>0x2000dd44</load_address>
         <readonly>true</readonly>
         <executable>true</executable>
         <run_address>0x2000dd44</run_address>
         <size>0x58</size>
         <alignment>0x4</alignment>
         <input_file_ref idref="fl-1d"/>
      </object_component>
      <object_component id="oc-1ea">
         <name>.text.IntPrioritySet</name>
         <load_address>0x2000dd9c</load_address>
         <readonly>true</readonly>
         <executable>true</executable>
         <run_address>0x2000dd9c</run_address>
         <size>0x58</size>
         <alignment>0x2</alignment>
         <input_file_ref idref="fl-25"/>
      </object_component>
      <object_component id="oc-20c">
         <name>.text.PRCMLPDSEnter</name>
         <load_address>0x2000ddf4</load_address>
         <readonly>true</readonly>
         <executable>true</executable>
         <run_address>0x2000ddf4</run_address>
         <size>0x56</size>
         <alignment>0x2</alignment>
         <input_file_ref idref="fl-27"/>
      </object_component>
      <object_component id="oc-156">
         <name>.text._nop</name>
         <load_address>0x2000de4a</load_address>
         <readonly>true</readonly>
         <executable>true</executable>
         <run_address>0x2000de4a</run_address>
         <size>0x2</size>
         <alignment>0x2</alignment>
         <input_file_ref idref="fl-43"/>
      </object_component>
      <object_component id="oc-18a">
         <name>.text.PowerCC32XX_setParkState</name>
         <load_address>0x2000de4c</load_address>
         <readonly>true</readonly>
         <executable>true</executable>
         <run_address>0x2000de4c</run_address>
         <size>0x54</size>
         <alignment>0x4</alignment>
         <input_file_ref idref="fl-16"/>
      </object_component>
      <object_component id="oc-214">
         <name>.text.Power_releaseDependency</name>
         <load_address>0x2000dea0</load_address>
         <readonly>true</readonly>
         <executable>true</executable>
         <run_address>0x2000dea0</run_address>
         <size>0x54</size>
         <alignment>0x4</alignment>
         <input_file_ref idref="fl-16"/>
      </object_component>
      <object_component id="oc-155">
         <name>.text.GPIO_hwiIntFxn</name>
         <load_address>0x2000def4</load_address>
         <readonly>true</readonly>
         <executable>true</executable>
         <run_address>0x2000def4</run_address>
         <size>0x50</size>
         <alignment>0x4</alignment>
         <input_file_ref idref="fl-15"/>
      </object_component>
      <object_component id="oc-169">
         <name>.text.PRCMHibernateWakeupSourceEnable</name>
         <load_address>0x2000df44</load_address>
         <readonly>true</readonly>
         <executable>true</executable>
         <run_address>0x2000df44</run_address>
         <size>0x50</size>
         <alignment>0x2</alignment>
         <input_file_ref idref="fl-27"/>
      </object_component>
      <object_component id="oc-1cb">
         <name>.text.SemaphoreP_construct</name>
         <load_address>0x2000df94</load_address>
         <readonly>true</readonly>
         <executable>true</executable>
         <run_address>0x2000df94</run_address>
         <size>0x50</size>
         <alignment>0x4</alignment>
         <input_file_ref idref="fl-1c"/>
      </object_component>
      <object_component id="oc-152">
         <name>.text.GPIO_setInterruptConfig</name>
         <load_address>0x2000dfe4</load_address>
         <readonly>true</readonly>
         <executable>true</executable>
         <run_address>0x2000dfe4</run_address>
         <size>0x4c</size>
         <alignment>0x4</alignment>
         <input_file_ref idref="fl-15"/>
      </object_component>
      <object_component id="oc-226">
         <name>.text.PRCMLPDSRestoreInfoSet</name>
         <load_address>0x2000e030</load_address>
         <readonly>true</readonly>
         <executable>true</executable>
         <run_address>0x2000e030</run_address>
         <size>0x4c</size>
         <alignment>0x2</alignment>
         <input_file_ref idref="fl-27"/>
      </object_component>
      <object_component id="oc-196">
         <name>.text.initHw</name>
         <load_address>0x2000e07c</load_address>
         <readonly>true</readonly>
         <executable>true</executable>
         <run_address>0x2000e07c</run_address>
         <size>0x4c</size>
         <alignment>0x2</alignment>
         <input_file_ref idref="fl-19"/>
      </object_component>
      <object_component id="oc-195">
         <name>.text.getPrescaler</name>
         <load_address>0x2000e0c8</load_address>
         <readonly>true</readonly>
         <executable>true</executable>
         <run_address>0x2000e0c8</run_address>
         <size>0x4a</size>
         <alignment>0x2</alignment>
         <input_file_ref idref="fl-19"/>
      </object_component>
      <object_component id="oc-57">
         <name>.text.busFaultHandler</name>
         <load_address>0x2000e112</load_address>
         <readonly>true</readonly>
         <executable>true</executable>
         <run_address>0x2000e112</run_address>
         <size>0x2</size>
         <alignment>0x2</alignment>
         <input_file_ref idref="fl-20"/>
      </object_component>
      <object_component id="oc-58">
         <name>.text.ClockP_sysTickHandler</name>
         <load_address>0x2000e114</load_address>
         <readonly>true</readonly>
         <executable>true</executable>
         <run_address>0x2000e114</run_address>
         <size>0x48</size>
         <alignment>0x4</alignment>
         <input_file_ref idref="fl-1d"/>
      </object_component>
      <object_component id="oc-206">
         <name>.text.PRCMIntEnable</name>
         <load_address>0x2000e15c</load_address>
         <readonly>true</readonly>
         <executable>true</executable>
         <run_address>0x2000e15c</run_address>
         <size>0x48</size>
         <alignment>0x2</alignment>
         <input_file_ref idref="fl-27"/>
      </object_component>
      <object_component id="oc-1a4">
         <name>.text.PRCMPeripheralStatusGet</name>
         <load_address>0x2000e1a4</load_address>
         <readonly>true</readonly>
         <executable>true</executable>
         <run_address>0x2000e1a4</run_address>
         <size>0x48</size>
         <alignment>0x2</alignment>
         <input_file_ref idref="fl-27"/>
      </object_component>
      <object_component id="oc-223">
         <name>.text.PinConfigGet</name>
         <load_address>0x2000e1ec</load_address>
         <readonly>true</readonly>
         <executable>true</executable>
         <run_address>0x2000e1ec</run_address>
         <size>0x48</size>
         <alignment>0x2</alignment>
         <input_file_ref idref="fl-26"/>
      </object_component>
      <object_component id="oc-b0">
         <name>.text.mainThread</name>
         <load_address>0x2000e234</load_address>
         <readonly>true</readonly>
         <executable>true</executable>
         <run_address>0x2000e234</run_address>
         <size>0x48</size>
         <alignment>0x4</alignment>
         <input_file_ref idref="fl-1"/>
      </object_component>
      <object_component id="oc-20b">
         <name>.text.PRCMLPDSEnterKeepDebugIf</name>
         <load_address>0x2000e27c</load_address>
         <readonly>true</readonly>
         <executable>true</executable>
         <run_address>0x2000e27c</run_address>
         <size>0x46</size>
         <alignment>0x2</alignment>
         <input_file_ref idref="fl-27"/>
      </object_component>
      <object_component id="oc-150">
         <name>.text.GPIODirModeSet</name>
         <load_address>0x2000e2c2</load_address>
         <readonly>true</readonly>
         <executable>true</executable>
         <run_address>0x2000e2c2</run_address>
         <size>0x44</size>
         <alignment>0x2</alignment>
         <input_file_ref idref="fl-23"/>
      </object_component>
      <object_component id="oc-17e">
         <name>.text.clkFxn</name>
         <load_address>0x2000e306</load_address>
         <readonly>true</readonly>
         <executable>true</executable>
         <run_address>0x2000e306</run_address>
         <size>0x2</size>
         <alignment>0x2</alignment>
         <input_file_ref idref="fl-1c"/>
      </object_component>
      <object_component id="oc-1a8">
         <name>.text.GPIO_disableInt</name>
         <load_address>0x2000e308</load_address>
         <readonly>true</readonly>
         <executable>true</executable>
         <run_address>0x2000e308</run_address>
         <size>0x44</size>
         <alignment>0x4</alignment>
         <input_file_ref idref="fl-15"/>
      </object_component>
      <object_component id="oc-f2">
         <name>.text.GPIO_enableInt</name>
         <load_address>0x2000e34c</load_address>
         <readonly>true</readonly>
         <executable>true</executable>
         <run_address>0x2000e34c</run_address>
         <size>0x44</size>
         <alignment>0x4</alignment>
         <input_file_ref idref="fl-15"/>
      </object_component>
      <object_component id="oc-22f">
         <name>.text.Power_releaseConstraint</name>
         <load_address>0x2000e390</load_address>
         <readonly>true</readonly>
         <executable>true</executable>
         <run_address>0x2000e390</run_address>
         <size>0x44</size>
         <alignment>0x4</alignment>
         <input_file_ref idref="fl-16"/>
      </object_component>
      <object_component id="oc-14a">
         <name>.text.Timer_start</name>
         <load_address>0x2000e3d4</load_address>
         <readonly>true</readonly>
         <executable>true</executable>
         <run_address>0x2000e3d4</run_address>
         <size>0x44</size>
         <alignment>0x2</alignment>
         <input_file_ref idref="fl-18"/>
      </object_component>
      <object_component id="oc-7d">
         <name>.text.addToList</name>
         <load_address>0x2000e418</load_address>
         <readonly>true</readonly>
         <executable>true</executable>
         <run_address>0x2000e418</run_address>
         <size>0x44</size>
         <alignment>0x4</alignment>
         <input_file_ref idref="fl-1d"/>
      </object_component>
      <object_component id="oc-114">
         <name>.text.PinModeSet</name>
         <load_address>0x2000e45c</load_address>
         <readonly>true</readonly>
         <executable>true</executable>
         <run_address>0x2000e45c</run_address>
         <size>0x42</size>
         <alignment>0x2</alignment>
         <input_file_ref idref="fl-26"/>
      </object_component>
      <object_component id="oc-1e1">
         <name>.text.TimerControlStall</name>
         <load_address>0x2000e49e</load_address>
         <readonly>true</readonly>
         <executable>true</executable>
         <run_address>0x2000e49e</run_address>
         <size>0x42</size>
         <alignment>0x2</alignment>
         <input_file_ref idref="fl-2a"/>
      </object_component>
      <object_component id="oc-194">
         <name>.text.Timer_close</name>
         <load_address>0x2000e4e0</load_address>
         <readonly>true</readonly>
         <executable>true</executable>
         <run_address>0x2000e4e0</run_address>
         <size>0x42</size>
         <alignment>0x2</alignment>
         <input_file_ref idref="fl-19"/>
      </object_component>
      <object_component id="oc-1b7">
         <name>.text.getCountsRTC</name>
         <load_address>0x2000e522</load_address>
         <readonly>true</readonly>
         <executable>true</executable>
         <run_address>0x2000e522</run_address>
         <size>0x42</size>
         <alignment>0x2</alignment>
         <input_file_ref idref="fl-1f"/>
      </object_component>
      <object_component id="oc-128">
         <name>.text.SemaphoreP_post</name>
         <load_address>0x2000e564</load_address>
         <readonly>true</readonly>
         <executable>true</executable>
         <run_address>0x2000e564</run_address>
         <size>0x40</size>
         <alignment>0x4</alignment>
         <input_file_ref idref="fl-1c"/>
      </object_component>
      <object_component id="oc-1d4">
         <name>.text.Timer_stop</name>
         <load_address>0x2000e5a4</load_address>
         <readonly>true</readonly>
         <executable>true</executable>
         <run_address>0x2000e5a4</run_address>
         <size>0x40</size>
         <alignment>0x2</alignment>
         <input_file_ref idref="fl-18"/>
      </object_component>
      <object_component id="oc-225">
         <name>.text.PinDirModeSet</name>
         <load_address>0x2000e5e4</load_address>
         <readonly>true</readonly>
         <executable>true</executable>
         <run_address>0x2000e5e4</run_address>
         <size>0x3e</size>
         <alignment>0x2</alignment>
         <input_file_ref idref="fl-26"/>
      </object_component>
      <object_component id="oc-56">
         <name>.text.defaultHandler</name>
         <load_address>0x2000e622</load_address>
         <readonly>true</readonly>
         <executable>true</executable>
         <run_address>0x2000e622</run_address>
         <size>0x2</size>
         <alignment>0x2</alignment>
         <input_file_ref idref="fl-20"/>
      </object_component>
      <object_component id="oc-1cf">
         <name>.text.ClockP_stop</name>
         <load_address>0x2000e624</load_address>
         <readonly>true</readonly>
         <executable>true</executable>
         <run_address>0x2000e624</run_address>
         <size>0x3c</size>
         <alignment>0x4</alignment>
         <input_file_ref idref="fl-1d"/>
      </object_component>
      <object_component id="oc-f3">
         <name>.text.initTimer</name>
         <load_address>0x2000e660</load_address>
         <readonly>true</readonly>
         <executable>true</executable>
         <run_address>0x2000e660</run_address>
         <size>0x3c</size>
         <alignment>0x4</alignment>
         <input_file_ref idref="fl-1"/>
      </object_component>
      <object_component id="oc-19e">
         <name>.text.TimerSupport_timerEnable</name>
         <load_address>0x2000e69c</load_address>
         <readonly>true</readonly>
         <executable>true</executable>
         <run_address>0x2000e69c</run_address>
         <size>0x3a</size>
         <alignment>0x2</alignment>
         <input_file_ref idref="fl-19"/>
      </object_component>
      <object_component id="oc-55">
         <name>.text.faultISR</name>
         <load_address>0x2000e6d6</load_address>
         <readonly>true</readonly>
         <executable>true</executable>
         <run_address>0x2000e6d6</run_address>
         <size>0x2</size>
         <alignment>0x2</alignment>
         <input_file_ref idref="fl-20"/>
      </object_component>
      <object_component id="oc-17d">
         <name>.text.ClockP_destruct</name>
         <load_address>0x2000e6d8</load_address>
         <readonly>true</readonly>
         <executable>true</executable>
         <run_address>0x2000e6d8</run_address>
         <size>0x38</size>
         <alignment>0x4</alignment>
         <input_file_ref idref="fl-1d"/>
      </object_component>
      <object_component id="oc-1e6">
         <name>.text.Power_setConstraint</name>
         <load_address>0x2000e710</load_address>
         <readonly>true</readonly>
         <executable>true</executable>
         <run_address>0x2000e710</run_address>
         <size>0x38</size>
         <alignment>0x4</alignment>
         <input_file_ref idref="fl-16"/>
      </object_component>
      <object_component id="oc-1c8">
         <name>.text.SwiP_restore</name>
         <load_address>0x2000e748</load_address>
         <readonly>true</readonly>
         <executable>true</executable>
         <run_address>0x2000e748</run_address>
         <size>0x38</size>
         <alignment>0x4</alignment>
         <input_file_ref idref="fl-21"/>
      </object_component>
      <object_component id="oc-bf">
         <name>.text:__TI_auto_init_nobinit_nopinit</name>
         <load_address>0x2000e780</load_address>
         <readonly>true</readonly>
         <executable>true</executable>
         <run_address>0x2000e780</run_address>
         <size>0x38</size>
         <alignment>0x4</alignment>
         <input_file_ref idref="fl-3c"/>
      </object_component>
      <object_component id="oc-201">
         <name>.text.PinLock</name>
         <load_address>0x2000e7b8</load_address>
         <readonly>true</readonly>
         <executable>true</executable>
         <run_address>0x2000e7b8</run_address>
         <size>0x36</size>
         <alignment>0x2</alignment>
         <input_file_ref idref="fl-26"/>
      </object_component>
      <object_component id="oc-19b">
         <name>.text.TimerCC32XX_hwiIntFunction</name>
         <load_address>0x2000e7ee</load_address>
         <readonly>true</readonly>
         <executable>true</executable>
         <run_address>0x2000e7ee</run_address>
         <size>0x36</size>
         <alignment>0x2</alignment>
         <input_file_ref idref="fl-19"/>
      </object_component>
      <object_component id="oc-17a">
         <name>.text.ClockP_start</name>
         <load_address>0x2000e824</load_address>
         <readonly>true</readonly>
         <executable>true</executable>
         <run_address>0x2000e824</run_address>
         <size>0x34</size>
         <alignment>0x4</alignment>
         <input_file_ref idref="fl-1d"/>
      </object_component>
      <object_component id="oc-224">
         <name>.text.PinDirModeGet</name>
         <load_address>0x2000e858</load_address>
         <readonly>true</readonly>
         <executable>true</executable>
         <run_address>0x2000e858</run_address>
         <size>0x34</size>
         <alignment>0x2</alignment>
         <input_file_ref idref="fl-26"/>
      </object_component>
      <object_component id="oc-10f">
         <name>.text.PinModeGet</name>
         <load_address>0x2000e88c</load_address>
         <readonly>true</readonly>
         <executable>true</executable>
         <run_address>0x2000e88c</run_address>
         <size>0x34</size>
         <alignment>0x2</alignment>
         <input_file_ref idref="fl-26"/>
      </object_component>
      <object_component id="oc-1fe">
         <name>.text.PowerCC32XX_parkPin</name>
         <load_address>0x2000e8c0</load_address>
         <readonly>true</readonly>
         <executable>true</executable>
         <run_address>0x2000e8c0</run_address>
         <size>0x34</size>
         <alignment>0x2</alignment>
         <input_file_ref idref="fl-16"/>
      </object_component>
      <object_component id="oc-1d9">
         <name>.text.TimerCC32XX_freeTimerResource</name>
         <load_address>0x2000e8f4</load_address>
         <readonly>true</readonly>
         <executable>true</executable>
         <run_address>0x2000e8f4</run_address>
         <size>0x34</size>
         <alignment>0x4</alignment>
         <input_file_ref idref="fl-19"/>
      </object_component>
      <object_component id="oc-4f">
         <name>.text.initVectors</name>
         <load_address>0x2000e928</load_address>
         <readonly>true</readonly>
         <executable>true</executable>
         <run_address>0x2000e928</run_address>
         <size>0x34</size>
         <alignment>0x4</alignment>
         <input_file_ref idref="fl-20"/>
      </object_component>
      <object_component id="oc-1b4">
         <name>.text.ClockP_getTicksUntilInterrupt</name>
         <load_address>0x2000e95c</load_address>
         <readonly>true</readonly>
         <executable>true</executable>
         <run_address>0x2000e95c</run_address>
         <size>0x30</size>
         <alignment>0x4</alignment>
         <input_file_ref idref="fl-1d"/>
      </object_component>
      <object_component id="oc-1c1">
         <name>.text.PRCMLPDSIntervalSet</name>
         <load_address>0x2000e98c</load_address>
         <readonly>true</readonly>
         <executable>true</executable>
         <run_address>0x2000e98c</run_address>
         <size>0x30</size>
         <alignment>0x2</alignment>
         <input_file_ref idref="fl-27"/>
      </object_component>
      <object_component id="oc-1f4">
         <name>.text.PRCMSlowClkCtrFastGet</name>
         <load_address>0x2000e9bc</load_address>
         <readonly>true</readonly>
         <executable>true</executable>
         <run_address>0x2000e9bc</run_address>
         <size>0x30</size>
         <alignment>0x2</alignment>
         <input_file_ref idref="fl-27"/>
      </object_component>
      <object_component id="oc-1e0">
         <name>.text.TimerLoadSet</name>
         <load_address>0x2000e9ec</load_address>
         <readonly>true</readonly>
         <executable>true</executable>
         <run_address>0x2000e9ec</run_address>
         <size>0x30</size>
         <alignment>0x2</alignment>
         <input_file_ref idref="fl-2a"/>
      </object_component>
      <object_component id="oc-1df">
         <name>.text.TimerPrescaleSet</name>
         <load_address>0x2000ea1c</load_address>
         <readonly>true</readonly>
         <executable>true</executable>
         <run_address>0x2000ea1c</run_address>
         <size>0x30</size>
         <alignment>0x2</alignment>
         <input_file_ref idref="fl-2a"/>
      </object_component>
      <object_component id="oc-1fc">
         <name>.text.notify</name>
         <load_address>0x2000ea4c</load_address>
         <readonly>true</readonly>
         <executable>true</executable>
         <run_address>0x2000ea4c</run_address>
         <size>0x30</size>
         <alignment>0x4</alignment>
         <input_file_ref idref="fl-16"/>
      </object_component>
      <object_component id="oc-1aa">
         <name>.text.GPIOIntStatus</name>
         <load_address>0x2000ea7c</load_address>
         <readonly>true</readonly>
         <executable>true</executable>
         <run_address>0x2000ea7c</run_address>
         <size>0x2e</size>
         <alignment>0x2</alignment>
         <input_file_ref idref="fl-23"/>
      </object_component>
      <object_component id="oc-14f">
         <name>.text.HwiP_create</name>
         <load_address>0x2000eaaa</load_address>
         <readonly>true</readonly>
         <executable>true</executable>
         <run_address>0x2000eaaa</run_address>
         <size>0x2a</size>
         <alignment>0x2</alignment>
         <input_file_ref idref="fl-1e"/>
      </object_component>
      <object_component id="oc-167">
         <name>.text.PRCMLPDSWakeUpGPIOSelect</name>
         <load_address>0x2000ead4</load_address>
         <readonly>true</readonly>
         <executable>true</executable>
         <run_address>0x2000ead4</run_address>
         <size>0x2a</size>
         <alignment>0x2</alignment>
         <input_file_ref idref="fl-27"/>
      </object_component>
      <object_component id="oc-10e">
         <name>.text.PRCMPeripheralClkDisable</name>
         <load_address>0x2000eafe</load_address>
         <readonly>true</readonly>
         <executable>true</executable>
         <run_address>0x2000eafe</run_address>
         <size>0x2a</size>
         <alignment>0x2</alignment>
         <input_file_ref idref="fl-27"/>
      </object_component>
      <object_component id="oc-211">
         <name>.text.List_remove</name>
         <load_address>0x2000eb28</load_address>
         <readonly>true</readonly>
         <executable>true</executable>
         <run_address>0x2000eb28</run_address>
         <size>0x28</size>
         <alignment>0x2</alignment>
         <input_file_ref idref="fl-1a"/>
      </object_component>
      <object_component id="oc-1fd">
         <name>.text.PRCMSRAMRetentionEnable</name>
         <load_address>0x2000eb50</load_address>
         <readonly>true</readonly>
         <executable>true</executable>
         <run_address>0x2000eb50</run_address>
         <size>0x28</size>
         <alignment>0x2</alignment>
         <input_file_ref idref="fl-27"/>
      </object_component>
      <object_component id="oc-210">
         <name>.text.TimerSupport_timerDisable</name>
         <load_address>0x2000eb78</load_address>
         <readonly>true</readonly>
         <executable>true</executable>
         <run_address>0x2000eb78</run_address>
         <size>0x28</size>
         <alignment>0x2</alignment>
         <input_file_ref idref="fl-19"/>
      </object_component>
      <object_component id="oc-1ce">
         <name>.text.free_list_insert</name>
         <load_address>0x2000eba0</load_address>
         <readonly>true</readonly>
         <executable>true</executable>
         <run_address>0x2000eba0</run_address>
         <size>0x28</size>
         <alignment>0x4</alignment>
         <input_file_ref idref="fl-39"/>
      </object_component>
      <object_component id="oc-232">
         <name>.text.IntUnregister</name>
         <load_address>0x2000ebc8</load_address>
         <readonly>true</readonly>
         <executable>true</executable>
         <run_address>0x2000ebc8</run_address>
         <size>0x24</size>
         <alignment>0x2</alignment>
         <input_file_ref idref="fl-25"/>
      </object_component>
      <object_component id="oc-17f">
         <name>.text.List_put</name>
         <load_address>0x2000ebec</load_address>
         <readonly>true</readonly>
         <executable>true</executable>
         <run_address>0x2000ebec</run_address>
         <size>0x24</size>
         <alignment>0x2</alignment>
         <input_file_ref idref="fl-1a"/>
      </object_component>
      <object_component id="oc-165">
         <name>.text.PRCMLPDSWakeupSourceEnable</name>
         <load_address>0x2000ec10</load_address>
         <readonly>true</readonly>
         <executable>true</executable>
         <run_address>0x2000ec10</run_address>
         <size>0x24</size>
         <alignment>0x2</alignment>
         <input_file_ref idref="fl-27"/>
      </object_component>
      <object_component id="oc-208">
         <name>.text.PowerCC32XX_restoreParkedPin</name>
         <load_address>0x2000ec34</load_address>
         <readonly>true</readonly>
         <executable>true</executable>
         <run_address>0x2000ec34</run_address>
         <size>0x24</size>
         <alignment>0x2</alignment>
         <input_file_ref idref="fl-16"/>
      </object_component>
      <object_component id="oc-127">
         <name>.text.Power_registerNotify</name>
         <load_address>0x2000ec58</load_address>
         <readonly>true</readonly>
         <executable>true</executable>
         <run_address>0x2000ec58</run_address>
         <size>0x24</size>
         <alignment>0x4</alignment>
         <input_file_ref idref="fl-16"/>
      </object_component>
      <object_component id="oc-76">
         <name>.text:_c_int00_noargs</name>
         <load_address>0x2000ec7c</load_address>
         <readonly>true</readonly>
         <executable>true</executable>
         <run_address>0x2000ec7c</run_address>
         <size>0x24</size>
         <alignment>0x4</alignment>
         <input_file_ref idref="fl-3a"/>
      </object_component>
      <object_component id="oc-151">
         <name>.text.GPIOPinWrite</name>
         <load_address>0x2000eca0</load_address>
         <readonly>true</readonly>
         <executable>true</executable>
         <run_address>0x2000eca0</run_address>
         <size>0x22</size>
         <alignment>0x2</alignment>
         <input_file_ref idref="fl-23"/>
      </object_component>
      <object_component id="oc-207">
         <name>.text.PinUnlock</name>
         <load_address>0x2000ecc2</load_address>
         <readonly>true</readonly>
         <executable>true</executable>
         <run_address>0x2000ecc2</run_address>
         <size>0x22</size>
         <alignment>0x2</alignment>
         <input_file_ref idref="fl-26"/>
      </object_component>
      <object_component id="oc-1e9">
         <name>.text.IntRegister</name>
         <load_address>0x2000ece4</load_address>
         <readonly>true</readonly>
         <executable>true</executable>
         <run_address>0x2000ece4</run_address>
         <size>0x20</size>
         <alignment>0x2</alignment>
         <input_file_ref idref="fl-25"/>
      </object_component>
      <object_component id="oc-1d5">
         <name>.text.Power_unregisterNotify</name>
         <load_address>0x2000ed04</load_address>
         <readonly>true</readonly>
         <executable>true</executable>
         <run_address>0x2000ed04</run_address>
         <size>0x20</size>
         <alignment>0x4</alignment>
         <input_file_ref idref="fl-16"/>
      </object_component>
      <object_component id="oc-192">
         <name>.text.SemaphoreP_constructBinary</name>
         <load_address>0x2000ed24</load_address>
         <readonly>true</readonly>
         <executable>true</executable>
         <run_address>0x2000ed24</run_address>
         <size>0x20</size>
         <alignment>0x4</alignment>
         <input_file_ref idref="fl-1c"/>
      </object_component>
      <object_component id="oc-11d">
         <name>.text.SemaphoreP_createBinary</name>
         <load_address>0x2000ed44</load_address>
         <readonly>true</readonly>
         <executable>true</executable>
         <run_address>0x2000ed44</run_address>
         <size>0x20</size>
         <alignment>0x4</alignment>
         <input_file_ref idref="fl-1c"/>
      </object_component>
      <object_component id="oc-1da">
         <name>.text.TimerDisable</name>
         <load_address>0x2000ed64</load_address>
         <readonly>true</readonly>
         <executable>true</executable>
         <run_address>0x2000ed64</run_address>
         <size>0x20</size>
         <alignment>0x2</alignment>
         <input_file_ref idref="fl-2a"/>
      </object_component>
      <object_component id="oc-ed">
         <name>.text.GPIO_setCallback</name>
         <load_address>0x2000ed84</load_address>
         <readonly>true</readonly>
         <executable>true</executable>
         <run_address>0x2000ed84</run_address>
         <size>0x1c</size>
         <alignment>0x4</alignment>
         <input_file_ref idref="fl-14"/>
      </object_component>
      <object_component id="oc-1ee">
         <name>.text.HwiP_dispatch</name>
         <load_address>0x2000eda0</load_address>
         <readonly>true</readonly>
         <executable>true</executable>
         <run_address>0x2000eda0</run_address>
         <size>0x1c</size>
         <alignment>0x4</alignment>
         <input_file_ref idref="fl-1e"/>
      </object_component>
      <object_component id="oc-1ad">
         <name>.text.SwiP_disable</name>
         <load_address>0x2000edbc</load_address>
         <readonly>true</readonly>
         <executable>true</executable>
         <run_address>0x2000edbc</run_address>
         <size>0x1c</size>
         <alignment>0x4</alignment>
         <input_file_ref idref="fl-21"/>
      </object_component>
      <object_component id="oc-1cd">
         <name>.text.free_list_remove</name>
         <load_address>0x2000edd8</load_address>
         <readonly>true</readonly>
         <executable>true</executable>
         <run_address>0x2000edd8</run_address>
         <size>0x1c</size>
         <alignment>0x4</alignment>
         <input_file_ref idref="fl-39"/>
      </object_component>
      <object_component id="oc-1d2">
         <name>.text.getPowerMgrId</name>
         <load_address>0x2000edf4</load_address>
         <readonly>true</readonly>
         <executable>true</executable>
         <run_address>0x2000edf4</run_address>
         <size>0x1c</size>
         <alignment>0x4</alignment>
         <input_file_ref idref="fl-19"/>
      </object_component>
      <object_component id="oc-21">
         <name>.text.resetISR</name>
         <load_address>0x2000ee10</load_address>
         <readonly>true</readonly>
         <executable>true</executable>
         <run_address>0x2000ee10</run_address>
         <size>0x1c</size>
         <alignment>0x2</alignment>
         <input_file_ref idref="fl-20"/>
      </object_component>
      <object_component id="oc-1ef">
         <name>.text.GPIOIntDisable</name>
         <load_address>0x2000ee2c</load_address>
         <readonly>true</readonly>
         <executable>true</executable>
         <run_address>0x2000ee2c</run_address>
         <size>0x1a</size>
         <alignment>0x2</alignment>
         <input_file_ref idref="fl-23"/>
      </object_component>
      <object_component id="oc-10b">
         <name>.text.PRCMHIBRegRead</name>
         <load_address>0x2000ee46</load_address>
         <readonly>true</readonly>
         <executable>true</executable>
         <run_address>0x2000ee46</run_address>
         <size>0x1a</size>
         <alignment>0x2</alignment>
         <input_file_ref idref="fl-27"/>
      </object_component>
      <object_component id="oc-10a">
         <name>.text.PRCMHIBRegWrite</name>
         <load_address>0x2000ee60</load_address>
         <readonly>true</readonly>
         <executable>true</executable>
         <run_address>0x2000ee60</run_address>
         <size>0x1a</size>
         <alignment>0x2</alignment>
         <input_file_ref idref="fl-27"/>
      </object_component>
      <object_component id="oc-166">
         <name>.text.PRCMLPDSWakeupSourceDisable</name>
         <load_address>0x2000ee7a</load_address>
         <readonly>true</readonly>
         <executable>true</executable>
         <run_address>0x2000ee7a</run_address>
         <size>0x1a</size>
         <alignment>0x2</alignment>
         <input_file_ref idref="fl-27"/>
      </object_component>
      <object_component id="oc-200">
         <name>.text.PinToPadGet</name>
         <load_address>0x2000ee94</load_address>
         <readonly>true</readonly>
         <executable>true</executable>
         <run_address>0x2000ee94</run_address>
         <size>0x1a</size>
         <alignment>0x2</alignment>
         <input_file_ref idref="fl-26"/>
      </object_component>
      <object_component id="oc-1e7">
         <name>.text.TimerEnable</name>
         <load_address>0x2000eeae</load_address>
         <readonly>true</readonly>
         <executable>true</executable>
         <run_address>0x2000eeae</run_address>
         <size>0x1a</size>
         <alignment>0x2</alignment>
         <input_file_ref idref="fl-2a"/>
      </object_component>
      <object_component id="oc-137">
         <name>.text.GPIOIntEnable</name>
         <load_address>0x2000eec8</load_address>
         <readonly>true</readonly>
         <executable>true</executable>
         <run_address>0x2000eec8</run_address>
         <size>0x18</size>
         <alignment>0x2</alignment>
         <input_file_ref idref="fl-23"/>
      </object_component>
      <object_component id="oc-173">
         <name>.text.SemaphoreP_create</name>
         <load_address>0x2000eee0</load_address>
         <readonly>true</readonly>
         <executable>true</executable>
         <run_address>0x2000eee0</run_address>
         <size>0x18</size>
         <alignment>0x2</alignment>
         <input_file_ref idref="fl-1c"/>
      </object_component>
      <object_component id="oc-a6">
         <name>.text.Board_init</name>
         <load_address>0x2000eef8</load_address>
         <readonly>true</readonly>
         <executable>true</executable>
         <run_address>0x2000eef8</run_address>
         <size>0x16</size>
         <alignment>0x2</alignment>
         <input_file_ref idref="fl-2"/>
      </object_component>
      <object_component id="oc-1c4">
         <name>.text.SysTickPeriodSet</name>
         <load_address>0x2000ef0e</load_address>
         <readonly>true</readonly>
         <executable>true</executable>
         <run_address>0x2000ef0e</run_address>
         <size>0x16</size>
         <alignment>0x2</alignment>
         <input_file_ref idref="fl-29"/>
      </object_component>
      <object_component id="oc-22e">
         <name>.text.TimerIntDisable</name>
         <load_address>0x2000ef24</load_address>
         <readonly>true</readonly>
         <executable>true</executable>
         <run_address>0x2000ef24</run_address>
         <size>0x16</size>
         <alignment>0x2</alignment>
         <input_file_ref idref="fl-2a"/>
      </object_component>
      <object_component id="oc-6c">
         <name>.text.CPUcpsid</name>
         <load_address>0x2000ef3a</load_address>
         <readonly>true</readonly>
         <executable>true</executable>
         <run_address>0x2000ef3a</run_address>
         <size>0x14</size>
         <alignment>0x2</alignment>
         <input_file_ref idref="fl-22"/>
      </object_component>
      <object_component id="oc-18b">
         <name>.text.CPUcpsie</name>
         <load_address>0x2000ef4e</load_address>
         <readonly>true</readonly>
         <executable>true</executable>
         <run_address>0x2000ef4e</run_address>
         <size>0x14</size>
         <alignment>0x2</alignment>
         <input_file_ref idref="fl-22"/>
      </object_component>
      <object_component id="oc-213">
         <name>.text.HwiP_destruct</name>
         <load_address>0x2000ef62</load_address>
         <readonly>true</readonly>
         <executable>true</executable>
         <run_address>0x2000ef62</run_address>
         <size>0x14</size>
         <alignment>0x2</alignment>
         <input_file_ref idref="fl-1e"/>
      </object_component>
      <object_component id="oc-73">
         <name>.text.IntVTableBaseSet</name>
         <load_address>0x2000ef76</load_address>
         <readonly>true</readonly>
         <executable>true</executable>
         <run_address>0x2000ef76</run_address>
         <size>0x14</size>
         <alignment>0x2</alignment>
         <input_file_ref idref="fl-25"/>
      </object_component>
      <object_component id="oc-54">
         <name>.text.nmiISR</name>
         <load_address>0x2000ef8a</load_address>
         <readonly>true</readonly>
         <executable>true</executable>
         <run_address>0x2000ef8a</run_address>
         <size>0x2</size>
         <alignment>0x2</alignment>
         <input_file_ref idref="fl-20"/>
      </object_component>
      <object_component id="oc-186">
         <name>.text.Power_disablePolicy</name>
         <load_address>0x2000ef8c</load_address>
         <readonly>true</readonly>
         <executable>true</executable>
         <run_address>0x2000ef8c</run_address>
         <size>0x14</size>
         <alignment>0x4</alignment>
         <input_file_ref idref="fl-16"/>
      </object_component>
      <object_component id="oc-1b5">
         <name>.text.Power_getTransitionLatency</name>
         <load_address>0x2000efa0</load_address>
         <readonly>true</readonly>
         <executable>true</executable>
         <run_address>0x2000efa0</run_address>
         <size>0x14</size>
         <alignment>0x4</alignment>
         <input_file_ref idref="fl-16"/>
      </object_component>
      <object_component id="oc-1cc">
         <name>.text.Power_idleFunc</name>
         <load_address>0x2000efb4</load_address>
         <readonly>true</readonly>
         <executable>true</executable>
         <run_address>0x2000efb4</run_address>
         <size>0x14</size>
         <alignment>0x4</alignment>
         <input_file_ref idref="fl-16"/>
      </object_component>
      <object_component id="oc-1e5">
         <name>.text.TimerIntEnable</name>
         <load_address>0x2000efc8</load_address>
         <readonly>true</readonly>
         <executable>true</executable>
         <run_address>0x2000efc8</run_address>
         <size>0x14</size>
         <alignment>0x2</alignment>
         <input_file_ref idref="fl-2a"/>
      </object_component>
      <object_component id="oc-1b8">
         <name>.text.__aeabi_uldivmod</name>
         <load_address>0x2000efdc</load_address>
         <readonly>true</readonly>
         <executable>true</executable>
         <run_address>0x2000efdc</run_address>
         <size>0x14</size>
         <alignment>0x4</alignment>
         <input_file_ref idref="fl-aa"/>
      </object_component>
      <object_component id="oc-f5">
         <name>.text.gpioButtonFxn0</name>
         <load_address>0x2000eff0</load_address>
         <readonly>true</readonly>
         <executable>true</executable>
         <run_address>0x2000eff0</run_address>
         <size>0x14</size>
         <alignment>0x4</alignment>
         <input_file_ref idref="fl-1"/>
      </object_component>
      <object_component id="oc-179">
         <name>.text.ClockP_add</name>
         <load_address>0x2000f004</load_address>
         <readonly>true</readonly>
         <executable>true</executable>
         <run_address>0x2000f004</run_address>
         <size>0x12</size>
         <alignment>0x2</alignment>
         <input_file_ref idref="fl-1d"/>
      </object_component>
      <object_component id="oc-1a9">
         <name>.text.GPIOIntClear</name>
         <load_address>0x2000f016</load_address>
         <readonly>true</readonly>
         <executable>true</executable>
         <run_address>0x2000f016</run_address>
         <size>0x12</size>
         <alignment>0x2</alignment>
         <input_file_ref idref="fl-23"/>
      </object_component>
      <object_component id="oc-14e">
         <name>.text.HwiP_Params_init</name>
         <load_address>0x2000f028</load_address>
         <readonly>true</readonly>
         <executable>true</executable>
         <run_address>0x2000f028</run_address>
         <size>0x12</size>
         <alignment>0x2</alignment>
         <input_file_ref idref="fl-1e"/>
      </object_component>
      <object_component id="oc-1d7">
         <name>.text.HwiP_delete</name>
         <load_address>0x2000f03a</load_address>
         <readonly>true</readonly>
         <executable>true</executable>
         <run_address>0x2000f03a</run_address>
         <size>0x12</size>
         <alignment>0x2</alignment>
         <input_file_ref idref="fl-1e"/>
      </object_component>
      <object_component id="oc-1c5">
         <name>.text.SysTickEnable</name>
         <load_address>0x2000f04c</load_address>
         <readonly>true</readonly>
         <executable>true</executable>
         <run_address>0x2000f04c</run_address>
         <size>0x12</size>
         <alignment>0x2</alignment>
         <input_file_ref idref="fl-29"/>
      </object_component>
      <object_component id="oc-1bc">
         <name>.text.SysTickIntDisable</name>
         <load_address>0x2000f05e</load_address>
         <readonly>true</readonly>
         <executable>true</executable>
         <run_address>0x2000f05e</run_address>
         <size>0x12</size>
         <alignment>0x2</alignment>
         <input_file_ref idref="fl-29"/>
      </object_component>
      <object_component id="oc-1c6">
         <name>.text.SysTickIntEnable</name>
         <load_address>0x2000f070</load_address>
         <readonly>true</readonly>
         <executable>true</executable>
         <run_address>0x2000f070</run_address>
         <size>0x12</size>
         <alignment>0x2</alignment>
         <input_file_ref idref="fl-29"/>
      </object_component>
      <object_component id="oc-81">
         <name>.text:TI_memcpy_small</name>
         <load_address>0x2000f082</load_address>
         <readonly>true</readonly>
         <executable>true</executable>
         <run_address>0x2000f082</run_address>
         <size>0x12</size>
         <alignment>0x1</alignment>
         <input_file_ref idref="fl-ad"/>
      </object_component>
      <object_component id="oc-43">
         <name>.text:decompress:ZI:__TI_zero_init_nomemset</name>
         <load_address>0x2000f094</load_address>
         <readonly>true</readonly>
         <executable>true</executable>
         <run_address>0x2000f094</run_address>
         <size>0x12</size>
         <alignment>0x2</alignment>
         <input_file_ref idref="fl-3f"/>
      </object_component>
      <object_component id="oc-193">
         <name>.text.ClockP_getCpuFreq</name>
         <load_address>0x2000f0a8</load_address>
         <readonly>true</readonly>
         <executable>true</executable>
         <run_address>0x2000f0a8</run_address>
         <size>0x10</size>
         <alignment>0x4</alignment>
         <input_file_ref idref="fl-1d"/>
      </object_component>
      <object_component id="oc-1b6">
         <name>.text.ClockP_getSystemTicks</name>
         <load_address>0x2000f0b8</load_address>
         <readonly>true</readonly>
         <executable>true</executable>
         <run_address>0x2000f0b8</run_address>
         <size>0x10</size>
         <alignment>0x4</alignment>
         <input_file_ref idref="fl-1d"/>
      </object_component>
      <object_component id="oc-1c3">
         <name>.text.ClockP_setTicks</name>
         <load_address>0x2000f0c8</load_address>
         <readonly>true</readonly>
         <executable>true</executable>
         <run_address>0x2000f0c8</run_address>
         <size>0x10</size>
         <alignment>0x4</alignment>
         <input_file_ref idref="fl-1d"/>
      </object_component>
      <object_component id="oc-185">
         <name>.text.HwiP_inISR</name>
         <load_address>0x2000f0d8</load_address>
         <readonly>true</readonly>
         <executable>true</executable>
         <run_address>0x2000f0d8</run_address>
         <size>0x10</size>
         <alignment>0x4</alignment>
         <input_file_ref idref="fl-1e"/>
      </object_component>
      <object_component id="oc-1a1">
         <name>.text.OUTLINED_FUNCTION_2</name>
         <load_address>0x2000f0e8</load_address>
         <readonly>true</readonly>
         <executable>true</executable>
         <run_address>0x2000f0e8</run_address>
         <size>0x10</size>
         <alignment>0x2</alignment>
         <input_file_ref idref="fl-1"/>
      </object_component>
      <object_component id="oc-17c">
         <name>.text.Power_enablePolicy</name>
         <load_address>0x2000f0f8</load_address>
         <readonly>true</readonly>
         <executable>true</executable>
         <run_address>0x2000f0f8</run_address>
         <size>0x10</size>
         <alignment>0x4</alignment>
         <input_file_ref idref="fl-16"/>
      </object_component>
      <object_component id="oc-1e4">
         <name>.text.TimerIntClear</name>
         <load_address>0x2000f108</load_address>
         <readonly>true</readonly>
         <executable>true</executable>
         <run_address>0x2000f108</run_address>
         <size>0x10</size>
         <alignment>0x2</alignment>
         <input_file_ref idref="fl-2a"/>
      </object_component>
      <object_component id="oc-142">
         <name>.text.Timer_Params_init</name>
         <load_address>0x2000f118</load_address>
         <readonly>true</readonly>
         <executable>true</executable>
         <run_address>0x2000f118</run_address>
         <size>0x10</size>
         <alignment>0x4</alignment>
         <input_file_ref idref="fl-18"/>
      </object_component>
      <object_component id="oc-8f">
         <name>.text.main</name>
         <load_address>0x2000f128</load_address>
         <readonly>true</readonly>
         <executable>true</executable>
         <run_address>0x2000f128</run_address>
         <size>0x10</size>
         <alignment>0x2</alignment>
         <input_file_ref idref="fl-3"/>
      </object_component>
      <object_component id="oc-1c">
         <name>.text:decompress:none</name>
         <load_address>0x2000f138</load_address>
         <readonly>true</readonly>
         <executable>true</executable>
         <run_address>0x2000f138</run_address>
         <size>0xe</size>
         <alignment>0x2</alignment>
         <input_file_ref idref="fl-40"/>
      </object_component>
      <object_component id="oc-20d">
         <name>.text.CPUwfi</name>
         <load_address>0x2000f146</load_address>
         <readonly>true</readonly>
         <executable>true</executable>
         <run_address>0x2000f146</run_address>
         <size>0xc</size>
         <alignment>0x2</alignment>
         <input_file_ref idref="fl-22"/>
      </object_component>
      <object_component id="oc-209">
         <name>.text.PRCMLPDSWakeupCauseGet</name>
         <load_address>0x2000f152</load_address>
         <readonly>true</readonly>
         <executable>true</executable>
         <run_address>0x2000f152</run_address>
         <size>0xc</size>
         <alignment>0x2</alignment>
         <input_file_ref idref="fl-27"/>
      </object_component>
      <object_component id="oc-1b3">
         <name>.text.Power_getConstraintMask</name>
         <load_address>0x2000f160</load_address>
         <readonly>true</readonly>
         <executable>true</executable>
         <run_address>0x2000f160</run_address>
         <size>0xc</size>
         <alignment>0x4</alignment>
         <input_file_ref idref="fl-16"/>
      </object_component>
      <object_component id="oc-19a">
         <name>.text.postNotifyFxn</name>
         <load_address>0x2000f16c</load_address>
         <readonly>true</readonly>
         <executable>true</executable>
         <run_address>0x2000f16c</run_address>
         <size>0xc</size>
         <alignment>0x2</alignment>
         <input_file_ref idref="fl-19"/>
      </object_component>
      <object_component id="oc-17b">
         <name>.text.ClockP_isActive</name>
         <load_address>0x2000f178</load_address>
         <readonly>true</readonly>
         <executable>true</executable>
         <run_address>0x2000f178</run_address>
         <size>0xa</size>
         <alignment>0x2</alignment>
         <input_file_ref idref="fl-1d"/>
      </object_component>
      <object_component id="oc-4a">
[...]
         <name>ClockP_getSystemTicks</name>
         <value>0x2000f0b9</value>
         <object_component_ref idref="oc-1b6"/>
      </symbol>
      <symbol id="sm-1dc">
         <name>ClockP_getTicksUntilInterrupt</name>
         <value>0x2000e95d</value>
         <object_component_ref idref="oc-1b4"/>
      </symbol>
      <symbol id="sm-1dd">
         <name>ClockP_isActive</name>
         <value>0x2000f179</value>
         <object_component_ref idref="oc-17b"/>
      </symbol>
      <symbol id="sm-1de">
         <name>ClockP_setTicks</name>
         <value>0x2000f0c9</value>
         <object_component_ref idref="oc-1c3"/>
      </symbol>
      <symbol id="sm-1df">
         <name>ClockP_tickPeriod</name>
         <value>0x2000f864</value>
         <object_component_ref idref="oc-1ca"/>
      </symbol>
      <symbol id="sm-204">
         <name>HwiP_enable</name>
         <value>0x2000f1d9</value>
         <object_component_ref idref="oc-e5"/>
      </symbol>
      <symbol id="sm-205">
         <name>HwiP_disable</name>
         <value>0x2000f197</value>
         <object_component_ref idref="oc-123"/>
      </symbol>
      <symbol id="sm-206">
         <name>HwiP_restore</name>
         <value>0x2000f19f</value>
         <object_component_ref idref="oc-124"/>
      </symbol>
      <symbol id="sm-207">
         <name>HwiP_clearInterrupt</name>
         <value>0x2000f1d5</value>
         <object_component_ref idref="oc-1d6"/>
      </symbol>
      <symbol id="sm-208">
         <name>HwiP_destruct</name>
         <value>0x2000ef63</value>
         <object_component_ref idref="oc-213"/>
      </symbol>
      <symbol id="sm-209">
         <name>HwiP_delete</name>
         <value>0x2000f03b</value>
         <object_component_ref idref="oc-1d7"/>
      </symbol>
      <symbol id="sm-20a">
         <name>HwiP_dispatch</name>
         <value>0x2000eda1</value>
         <object_component_ref idref="oc-1ee"/>
      </symbol>
      <symbol id="sm-20b">
         <name>HwiP_construct</name>
         <value>0x2000d799</value>
         <object_component_ref idref="oc-1a6"/>
      </symbol>
      <symbol id="sm-20c">
         <name>HwiP_swiPIntNum</name>
         <value>0x2000f86c</value>
         <object_component_ref idref="oc-1ec"/>
      </symbol>
      <symbol id="sm-20d">
         <name>HwiP_Params_init</name>
         <value>0x2000f029</value>
         <object_component_ref idref="oc-14e"/>
      </symbol>
      <symbol id="sm-20e">
         <name>HwiP_create</name>
         <value>0x2000eaab</value>
         <object_component_ref idref="oc-14f"/>
      </symbol>
      <symbol id="sm-20f">
         <name>HwiP_post</name>
         <value>0x2000f1dd</value>
         <object_component_ref idref="oc-20e"/>
      </symbol>
      <symbol id="sm-210">
         <name>HwiP_inISR</name>
         <value>0x2000f0d9</value>
         <object_component_ref idref="oc-185"/>
      </symbol>
      <symbol id="sm-220">
         <name>PowerCC32XX_initPolicy</name>
         <value>0x2000d577</value>
         <object_component_ref idref="oc-16b"/>
      </symbol>
      <symbol id="sm-221">
         <name>PowerCC32XX_sleepPolicy</name>
         <value>0x2000c8dd</value>
         <object_component_ref idref="oc-170"/>
      </symbol>
      <symbol id="sm-23e">
         <name>resetISR</name>
         <value>0x2000ee11</value>
         <object_component_ref idref="oc-21"/>
      </symbol>
      <symbol id="sm-23f">
         <name>initVectors</name>
         <value>0x2000e929</value>
         <object_component_ref idref="oc-4f"/>
      </symbol>
      <symbol id="sm-254">
         <name>SwiP_disable</name>
         <value>0x2000edbd</value>
         <object_component_ref idref="oc-1ad"/>
      </symbol>
      <symbol id="sm-255">
         <name>SwiP_restore</name>
         <value>0x2000e749</value>
         <object_component_ref idref="oc-1c8"/>
      </symbol>
      <symbol id="sm-26c">
         <name>CPUcpsid</name>
         <value>0x2000ef3b</value>
         <object_component_ref idref="oc-6c"/>
      </symbol>
      <symbol id="sm-26d">
         <name>CPUcpsie</name>
         <value>0x2000ef4f</value>
         <object_component_ref idref="oc-18b"/>
      </symbol>
      <symbol id="sm-26e">
         <name>CPUwfi</name>
         <value>0x2000f147</value>
         <object_component_ref idref="oc-20d"/>
      </symbol>
      <symbol id="sm-2a7">
         <name>GPIODirModeSet</name>
         <value>0x2000e2c3</value>
         <object_component_ref idref="oc-150"/>
      </symbol>
      <symbol id="sm-2a8">
         <name>GPIOIntClear</name>
         <value>0x2000f017</value>
         <object_component_ref idref="oc-1a9"/>
      </symbol>
      <symbol id="sm-2a9">
         <name>GPIOIntDisable</name>
         <value>0x2000ee2d</value>
         <object_component_ref idref="oc-1ef"/>
      </symbol>
      <symbol id="sm-2aa">
         <name>GPIOIntEnable</name>
         <value>0x2000eec9</value>
         <object_component_ref idref="oc-137"/>
      </symbol>
      <symbol id="sm-2ab">
         <name>GPIOIntStatus</name>
         <value>0x2000ea7d</value>
         <object_component_ref idref="oc-1aa"/>
      </symbol>
      <symbol id="sm-2ac">
         <name>GPIOIntTypeSet</name>
         <value>0x2000d251</value>
         <object_component_ref idref="oc-1a7"/>
      </symbol>
      <symbol id="sm-2ad">
         <name>GPIOPinWrite</name>
         <value>0x2000eca1</value>
         <object_component_ref idref="oc-151"/>
      </symbol>
      <symbol id="sm-2fd">
         <name>IntDisable</name>
         <value>0x2000d011</value>
         <object_component_ref idref="oc-231"/>
      </symbol>
      <symbol id="sm-2fe">
         <name>IntEnable</name>
         <value>0x2000d0d9</value>
         <object_component_ref idref="oc-1eb"/>
      </symbol>
      <symbol id="sm-2ff">
         <name>IntMasterDisable</name>
         <value>0x2000f183</value>
         <object_component_ref idref="oc-4a"/>
      </symbol>
      <symbol id="sm-300">
         <name>IntMasterEnable</name>
         <value>0x2000f18d</value>
         <object_component_ref idref="oc-130"/>
      </symbol>
      <symbol id="sm-301">
         <name>IntPendClear</name>
         <value>0x2000db0b</value>
         <object_component_ref idref="oc-212"/>
      </symbol>
      <symbol id="sm-302">
         <name>IntPendSet</name>
         <value>0x2000d2fd</value>
         <object_component_ref idref="oc-22d"/>
      </symbol>
      <symbol id="sm-303">
         <name>IntPrioritySet</name>
         <value>0x2000dd9d</value>
         <object_component_ref idref="oc-1ea"/>
      </symbol>
      <symbol id="sm-304">
         <name>IntRegister</name>
         <value>0x2000ece5</value>
         <object_component_ref idref="oc-1e9"/>
      </symbol>
      <symbol id="sm-305">
         <name>IntUnregister</name>
         <value>0x2000ebc9</value>
         <object_component_ref idref="oc-232"/>
      </symbol>
      <symbol id="sm-306">
         <name>IntVTableBaseSet</name>
         <value>0x2000ef77</value>
         <object_component_ref idref="oc-73"/>
      </symbol>
      <symbol id="sm-34c">
         <name>PinConfigGet</name>
         <value>0x2000e1ed</value>
         <object_component_ref idref="oc-223"/>
      </symbol>
      <symbol id="sm-34d">
         <name>PinConfigSet</name>
         <value>0x2000d3a1</value>
         <object_component_ref idref="oc-14c"/>
      </symbol>
      <symbol id="sm-34e">
         <name>PinDirModeGet</name>
         <value>0x2000e859</value>
         <object_component_ref idref="oc-224"/>
      </symbol>
      <symbol id="sm-34f">
         <name>PinDirModeSet</name>
         <value>0x2000e5e5</value>
         <object_component_ref idref="oc-225"/>
      </symbol>
      <symbol id="sm-350">
         <name>PinLock</name>
         <value>0x2000e7b9</value>
         <object_component_ref idref="oc-201"/>
      </symbol>
      <symbol id="sm-351">
         <name>PinLockLevelSet</name>
         <value>0x2000d8f1</value>
         <object_component_ref idref="oc-1ff"/>
      </symbol>
      <symbol id="sm-352">
         <name>PinModeGet</name>
         <value>0x2000e88d</value>
         <object_component_ref idref="oc-10f"/>
      </symbol>
      <symbol id="sm-353">
         <name>PinModeSet</name>
         <value>0x2000e45d</value>
         <object_component_ref idref="oc-114"/>
      </symbol>
      <symbol id="sm-354">
         <name>PinToPadGet</name>
         <value>0x2000ee95</value>
         <object_component_ref idref="oc-200"/>
      </symbol>
      <symbol id="sm-355">
         <name>PinUnlock</name>
         <value>0x2000ecc3</value>
         <object_component_ref idref="oc-207"/>
      </symbol>
      <symbol id="sm-407">
         <name>PRCMCC3200MCUInit</name>
         <value>0x2000c041</value>
         <object_component_ref idref="oc-d2"/>
      </symbol>
      <symbol id="sm-408">
         <name>PRCMHIBRegRead</name>
         <value>0x2000ee47</value>
         <object_component_ref idref="oc-10b"/>
      </symbol>
      <symbol id="sm-409">
         <name>PRCMHIBRegWrite</name>
         <value>0x2000ee61</value>
         <object_component_ref idref="oc-10a"/>
      </symbol>
      <symbol id="sm-40a">
         <name>PRCMHibernateWakeUpGPIOSelect</name>
         <value>0x2000d80d</value>
         <object_component_ref idref="oc-168"/>
      </symbol>
      <symbol id="sm-40b">
         <name>PRCMHibernateWakeupSourceDisable</name>
         <value>0x2000dc31</value>
         <object_component_ref idref="oc-16a"/>
      </symbol>
      <symbol id="sm-40c">
         <name>PRCMHibernateWakeupSourceEnable</name>
         <value>0x2000df45</value>
         <object_component_ref idref="oc-169"/>
      </symbol>
      <symbol id="sm-40d">
         <name>PRCMIntEnable</name>
         <value>0x2000e15d</value>
         <object_component_ref idref="oc-206"/>
      </symbol>
      <symbol id="sm-40e">
         <name>PRCMLPDSEnter</name>
         <value>0x2000ddf5</value>
         <object_component_ref idref="oc-20c"/>
      </symbol>
      <symbol id="sm-40f">
         <name>PRCMLPDSEnterKeepDebugIf</name>
         <value>0x2000e27d</value>
         <object_component_ref idref="oc-20b"/>
      </symbol>
      <symbol id="sm-410">
         <name>PRCMLPDSIntervalSet</name>
         <value>0x2000e98d</value>
         <object_component_ref idref="oc-1c1"/>
      </symbol>
      <symbol id="sm-411">
         <name>PRCMLPDSRestoreInfoSet</name>
         <value>0x2000e031</value>
         <object_component_ref idref="oc-226"/>
      </symbol>
      <symbol id="sm-412">
         <name>PRCMLPDSWakeUpGPIOSelect</name>
         <value>0x2000ead5</value>
         <object_component_ref idref="oc-167"/>
      </symbol>
      <symbol id="sm-413">
         <name>PRCMLPDSWakeupCauseGet</name>
         <value>0x2000f153</value>
         <object_component_ref idref="oc-209"/>
      </symbol>
      <symbol id="sm-414">
         <name>PRCMLPDSWakeupSourceDisable</name>
         <value>0x2000ee7b</value>
         <object_component_ref idref="oc-166"/>
      </symbol>
      <symbol id="sm-415">
         <name>PRCMLPDSWakeupSourceEnable</name>
         <value>0x2000ec11</value>
         <object_component_ref idref="oc-165"/>
      </symbol>
      <symbol id="sm-416">
         <name>PRCMPeripheralClkDisable</name>
         <value>0x2000eaff</value>
         <object_component_ref idref="oc-10e"/>
      </symbol>
      <symbol id="sm-417">
         <name>PRCMPeripheralClkEnable</name>
         <value>0x2000dce9</value>
         <object_component_ref idref="oc-10c"/>
      </symbol>
      <symbol id="sm-418">
         <name>PRCMPeripheralReset</name>
         <value>0x2000daa1</value>
         <object_component_ref idref="oc-10d"/>
      </symbol>
      <symbol id="sm-419">
         <name>PRCMPeripheralStatusGet</name>
         <value>0x2000e1a5</value>
         <object_component_ref idref="oc-1a4"/>
      </symbol>
      <symbol id="sm-41a">
         <name>PRCMSRAMRetentionEnable</name>
         <value>0x2000eb51</value>
         <object_component_ref idref="oc-1fd"/>
      </symbol>
      <symbol id="sm-41b">
         <name>PRCMSleepEnter</name>
         <value>0x2000f1b7</value>
         <object_component_ref idref="oc-1c7"/>
      </symbol>
      <symbol id="sm-41c">
         <name>PRCMSlowClkCtrFastGet</name>
         <value>0x2000e9bd</value>
         <object_component_ref idref="oc-1f4"/>
      </symbol>
      <symbol id="sm-41d">
         <name>PRCMSysResetCauseGet</name>
         <value>0x2000d609</value>
         <object_component_ref idref="oc-105"/>
      </symbol>
      <symbol id="sm-43b">
         <name>SysTickEnable</name>
         <value>0x2000f04d</value>
         <object_component_ref idref="oc-1c5"/>
      </symbol>
      <symbol id="sm-43c">
         <name>SysTickIntDisable</name>
         <value>0x2000f05f</value>
         <object_component_ref idref="oc-1bc"/>
      </symbol>
      <symbol id="sm-43d">
         <name>SysTickIntEnable</name>
         <value>0x2000f071</value>
         <object_component_ref idref="oc-1c6"/>
      </symbol>
      <symbol id="sm-43e">
         <name>SysTickPeriodSet</name>
         <value>0x2000ef0f</value>
         <object_component_ref idref="oc-1c4"/>
      </symbol>
      <symbol id="sm-47d">
         <name>TimerControlStall</name>
         <value>0x2000e49f</value>
         <object_component_ref idref="oc-1e1"/>
      </symbol>
      <symbol id="sm-47e">
         <name>TimerDisable</name>
         <value>0x2000ed65</value>
         <object_component_ref idref="oc-1da"/>
      </symbol>
      <symbol id="sm-47f">
         <name>TimerEnable</name>
         <value>0x2000eeaf</value>
         <object_component_ref idref="oc-1e7"/>
      </symbol>
      <symbol id="sm-480">
         <name>TimerIntClear</name>
         <value>0x2000f109</value>
         <object_component_ref idref="oc-1e4"/>
      </symbol>
      <symbol id="sm-481">
         <name>TimerIntDisable</name>
         <value>0x2000ef25</value>
         <object_component_ref idref="oc-22e"/>
      </symbol>
      <symbol id="sm-482">
         <name>TimerIntEnable</name>
         <value>0x2000efc9</value>
         <object_component_ref idref="oc-1e5"/>
      </symbol>
      <symbol id="sm-483">
         <name>TimerLoadSet</name>
         <value>0x2000e9ed</value>
         <object_component_ref idref="oc-1e0"/>
      </symbol>
      <symbol id="sm-484">
         <name>TimerPrescaleSet</name>
         <value>0x2000ea1d</value>
         <object_component_ref idref="oc-1df"/>
      </symbol>
      <symbol id="sm-48f">
         <name>UtilsDelay</name>
         <value>0x2000f1bf</value>
         <object_component_ref idref="oc-106"/>
      </symbol>
      <symbol id="sm-4bc">
         <name>FlashDisable</name>
         <value>0x2000dbd5</value>
         <object_component_ref idref="oc-228"/>
      </symbol>
      <symbol id="sm-4dc">
         <name>malloc</name>
         <value>0x2000f1c7</value>
         <object_component_ref idref="oc-1a5"/>
      </symbol>
      <symbol id="sm-4dd">
         <name>aligned_alloc</name>
         <value>0x2000ce01</value>
         <object_component_ref idref="oc-1e8"/>
      </symbol>
      <symbol id="sm-4de">
         <name>free</name>
         <value>0x2000cf21</value>
         <object_component_ref idref="oc-177"/>
      </symbol>
      <symbol id="sm-4df">
         <name>_sys_memory</name>
         <value>0x20004040</value>
         <object_component_ref idref="oc-31"/>
      </symbol>
      <symbol id="sm-4e0">
         <name>memalign</name>
         <value>0x2000ce01</value>
         <object_component_ref idref="oc-1e8"/>
      </symbol>
      <symbol id="sm-4eb">
         <name>_c_int00_noargs</name>
         <value>0x2000ec7d</value>
         <object_component_ref idref="oc-76"/>
      </symbol>
      <symbol id="sm-4ec">
         <name>__stack</name>
         <value>0x20003000</value>
         <object_component_ref idref="oc-16"/>
      </symbol>
      <symbol id="sm-4f8">
         <name>__TI_auto_init_nobinit_nopinit</name>
         <value>0x2000e781</value>
         <object_component_ref idref="oc-bf"/>
      </symbol>
      <symbol id="sm-500">
         <name>_system_pre_init</name>
         <value>0x2000f1f1</value>
         <object_component_ref idref="oc-8b"/>
      </symbol>
      <symbol id="sm-50b">
         <name>__TI_zero_init_nomemset</name>
         <value>0x2000f095</value>
         <object_component_ref idref="oc-43"/>
      </symbol>
      <symbol id="sm-514">
         <name>__TI_decompress_none</name>
         <value>0x2000f139</value>
         <object_component_ref idref="oc-1c"/>
      </symbol>
      <symbol id="sm-51e">
         <name>__TI_decompress_lzss</name>
         <value>0x2000d881</value>
         <object_component_ref idref="oc-18"/>
      </symbol>
      <symbol id="sm-528">
         <name>abort</name>
         <value>0x2000f1f5</value>
         <object_component_ref idref="oc-b8"/>
      </symbol>
      <symbol id="sm-529">
         <name>C$$EXIT</name>
         <value>0x2000f1f4</value>
         <object_component_ref idref="oc-b8"/>
      </symbol>
      <symbol id="sm-532">
         <name>_nop</name>
         <value>0x2000de4b</value>
         <object_component_ref idref="oc-156"/>
      </symbol>
      <symbol id="sm-533">
         <name>_lock</name>
         <value>0x2000f870</value>
         <object_component_ref idref="oc-fb"/>
      </symbol>
      <symbol id="sm-534">
         <name>_unlock</name>
         <value>0x2000f874</value>
         <object_component_ref idref="oc-fe"/>
      </symbol>
      <symbol id="sm-53b">
         <name>__aeabi_memcpy</name>
         <value>0x2000f1ed</value>
         <object_component_ref idref="oc-3c"/>
      </symbol>
      <symbol id="sm-53c">
         <name>__aeabi_memcpy4</name>
         <value>0x2000f1ed</value>
         <object_component_ref idref="oc-3c"/>
      </symbol>
      <symbol id="sm-53d">
         <name>__aeabi_memcpy8</name>
         <value>0x2000f1ed</value>
         <object_component_ref idref="oc-3c"/>
      </symbol>
      <symbol id="sm-543">
         <name>__aeabi_uldivmod</name>
         <value>0x2000efdd</value>
         <object_component_ref idref="oc-1b8"/>
      </symbol>
      <symbol id="sm-549">
         <name>__udivmoddi4</name>
         <value>0x2000d1a1</value>
         <object_component_ref idref="oc-1f5"/>
      </symbol>
      <symbol id="sm-553">
         <name>__aeabi_ldiv0</name>
         <value>0x2000dd43</value>
         <object_component_ref idref="oc-21c"/>
      </symbol>
      <symbol id="sm-55b">
         <name>TI_memcpy_small</name>
         <value>0x2000f083</value>
         <object_component_ref idref="oc-81"/>
      </symbol>
      <symbol id="sm-55c">
         <name>__TI_static_base__</name>
         <value>0x2000ff04</value>
      </symbol>
      <symbol id="sm-55f">
         <name>ITM_flush</name>
         <value>0x0</value>
      </symbol>
      <symbol id="sm-560">
         <name>ITM_restore</name>
         <value>0x0</value>
      </symbol>
      <symbol id="sm-561">
         <name>__mpu_init</name>
         <value>0x0</value>
      </symbol>
      <symbol id="sm-562">
         <name>_system_post_cinit</name>
         <value>0x0</value>
      </symbol>
   </symbol_table>
   <title>Link successful</title>
</link_info>
